 +-----------------------------------------------------------------+
 +                         Program ALM                             +
 +                             Ver.  1.5.0                         +
 +-----------------------------------------------------------------+

 Number of OpenMP threads = 2

 Job started at Wed Nov  5 13:23:36 2025


 Input variables:
 -------------------------------------------------------------------
 General:
  PREFIX = ZnO222
  MODE = suggest
  NAT = 32; NKD = 2
  PRINTSYM = 0; TOLERANCE = 0.001
  KD =   Zn   O
  FCSYM_BASIS = Lattice
  PERIODIC =   1  1  1
  MAGMOM = 
  FCS_ALAMODE = 1;  NMAXSAVE = 5
  FC3_SHENGBTE = 0
  FC4_SHENGBTE = 0
  FC2_QEFC = 0
  HESSIAN = 0
  FC_ZERO_THR = 1e-12

 Interaction:
  NORDER = 1
  NBODY =   2

  DBASIS = CART

 -------------------------------------------------------------------

 SYSTEM
 ======

  Lattice Vector
    1.220046e+01   0.000000e+00   0.000000e+00 : a1
   -6.100228e+00   1.056590e+01   0.000000e+00 : a2
    0.000000e+00   0.000000e+00   1.970383e+01 : a3

  Cell volume = 2.539997e+03

  Reciprocal Lattice Vector
    5.149960e-01   2.973332e-01  -0.000000e+00 : b1
    0.000000e+00   5.946664e-01   0.000000e+00 : b2
    0.000000e+00  -0.000000e+00   3.188814e-01 : b3

  Atomic species:
     1   Zn
     2    O

  Atomic positions in fractional basis and atomic species
     1   3.333333e-01   1.666667e-01   2.503369e-01    1
     2   1.666667e-01   3.333333e-01   3.369419e-04    1
     3   3.333333e-01   1.666667e-01   4.398181e-01    2
     4   1.666667e-01   3.333333e-01   1.898181e-01    2
     5   3.333333e-01   1.666667e-01   7.503369e-01    1
     6   1.666667e-01   3.333333e-01   5.003369e-01    1
     7   3.333333e-01   1.666667e-01   9.398181e-01    2
     8   1.666667e-01   3.333333e-01   6.898181e-01    2
     9   3.333333e-01   6.666667e-01   2.503369e-01    1
    10   1.666667e-01   8.333333e-01   3.369419e-04    1
    11   3.333333e-01   6.666667e-01   4.398181e-01    2
    12   1.666667e-01   8.333333e-01   1.898181e-01    2
    13   3.333333e-01   6.666667e-01   7.503369e-01    1
    14   1.666667e-01   8.333333e-01   5.003369e-01    1
    15   3.333333e-01   6.666667e-01   9.398181e-01    2
    16   1.666667e-01   8.333333e-01   6.898181e-01    2
    17   8.333333e-01   1.666667e-01   2.503369e-01    1
    18   6.666667e-01   3.333333e-01   3.369419e-04    1
    19   8.333333e-01   1.666667e-01   4.398181e-01    2
    20   6.666667e-01   3.333333e-01   1.898181e-01    2
    21   8.333333e-01   1.666667e-01   7.503369e-01    1
    22   6.666667e-01   3.333333e-01   5.003369e-01    1
    23   8.333333e-01   1.666667e-01   9.398181e-01    2
    24   6.666667e-01   3.333333e-01   6.898181e-01    2
    25   8.333333e-01   6.666667e-01   2.503369e-01    1
    26   6.666667e-01   8.333333e-01   3.369419e-04    1
    27   8.333333e-01   6.666667e-01   4.398181e-01    2
    28   6.666667e-01   8.333333e-01   1.898181e-01    2
    29   8.333333e-01   6.666667e-01   7.503369e-01    1
    30   6.666667e-01   8.333333e-01   5.003369e-01    1
    31   8.333333e-01   6.666667e-01   9.398181e-01    2
    32   6.666667e-01   8.333333e-01   6.898181e-01    2


  Time Elapsed: 0.001897 sec.

 -------------------------------------------------------------------

 SYMMETRY
 ========

  Space group: P6_3mc (186)
  Number of symmetry operations = 96

  Given system is not a primitive cell.
  There are     8 translation operations.
  Primitive cell contains 4 atoms

  **Cell-Atom Correspondens Below**
  CELL |  ATOM
     1 |     1    2    3    4
     2 |     5    6    7    8
     3 |     9   10   11   12
     4 |    13   14   15   16
     5 |    17   18   19   20
     6 |    21   22   23   24
     7 |    25   26   27   28
     8 |    29   30   31   32

  Time Elapsed: 0.013353 sec.

 -------------------------------------------------------------------

 INTERACTION
 ===========

check permutation symmetry of the clusters.
(if no message is printed out, the permutation symmetry is satisfied.)
done.

  +++ Cutoff Radii Matrix (NKD x NKD matrix) +++
   HARMONIC
     None     None
     None     None


  List of neighboring atoms below.
  Format [N th-nearest shell, distance (Number of atoms on the shell)]

    1 ( Zn):   1   3.71836 (  1) -  12(  O)
               2   3.71836 (  2) -   4(  O)  20(  O)
               3    3.7335 (  1) -   3(  O)
               4   6.05552 (  6) -  10( Zn)  14( Zn)   2( Zn)   6( Zn)
                                    18( Zn)  22( Zn)
               5   6.10023 (  2) -   9( Zn)  25( Zn)
               6   6.10023 (  1) -  17( Zn)
               7   6.11841 (  1) -   7(  O)
               8   7.14415 (  1) -  28(  O)
               9   7.15205 (  2) -  11(  O)  27(  O)
              10   7.15205 (  1) -  19(  O)
              11   8.59547 (  2) -  26( Zn)  30( Zn)
              12   8.63989 (  2) -  15(  O)  31(  O)
              13   8.63989 (  1) -  23(  O)
              14   9.34829 (  3) -  16(  O)   8(  O)  24(  O)
              15   9.85192 (  1) -   5( Zn)
              16   11.1626 (  1) -  32(  O)
              17   11.5876 (  2) -  13( Zn)  29( Zn)
              18   11.5876 (  1) -  21( Zn)

    2 ( Zn):   1   3.71836 (  1) -  15(  O)
               2   3.71836 (  2) -   7(  O)  23(  O)
               3    3.7335 (  1) -   4(  O)
               4   6.05552 (  6) -   9( Zn)  13( Zn)   1( Zn)   5( Zn)
                                    17( Zn)  21( Zn)
               5   6.10023 (  2) -  10( Zn)  26( Zn)
               6   6.10023 (  1) -  18( Zn)
               7   6.11841 (  1) -   8(  O)
               8   7.14415 (  1) -  31(  O)
               9   7.15205 (  2) -  12(  O)  28(  O)
              10   7.15205 (  1) -  20(  O)
              11   8.59547 (  2) -  25( Zn)  29( Zn)
              12   8.63989 (  2) -  16(  O)  32(  O)
              13   8.63989 (  1) -  24(  O)
              14   9.34829 (  3) -  11(  O)   3(  O)  19(  O)
              15   9.85192 (  1) -   6( Zn)
              16   11.1626 (  1) -  27(  O)
              17   11.5876 (  2) -  14( Zn)  30( Zn)
              18   11.5876 (  1) -  22( Zn)

    3 (  O):   1   3.71836 (  1) -  14( Zn)
               2   3.71836 (  2) -   6( Zn)  22( Zn)
               3    3.7335 (  1) -   1( Zn)
               4   6.05552 (  6) -  12(  O)  16(  O)   4(  O)   8(  O)
                                    20(  O)  24(  O)
               5   6.10023 (  2) -  11(  O)  27(  O)
               6   6.10023 (  1) -  19(  O)
               7   6.11841 (  1) -   5( Zn)
               8   7.14415 (  1) -  30( Zn)
               9   7.15205 (  2) -   9( Zn)  25( Zn)
              10   7.15205 (  1) -  17( Zn)
              11   8.59547 (  2) -  28(  O)  32(  O)
              12   8.63989 (  2) -  13( Zn)  29( Zn)
              13   8.63989 (  1) -  21( Zn)
              14   9.34829 (  3) -  10( Zn)   2( Zn)  18( Zn)
              15   9.85192 (  1) -   7(  O)
              16   11.1626 (  1) -  26( Zn)
              17   11.5876 (  2) -  15(  O)  31(  O)
              18   11.5876 (  1) -  23(  O)

    4 (  O):   1   3.71836 (  1) -   9( Zn)
               2   3.71836 (  2) -   1( Zn)  17( Zn)
               3    3.7335 (  1) -   2( Zn)
               4   6.05552 (  6) -  11(  O)  15(  O)   3(  O)   7(  O)
                                    19(  O)  23(  O)
               5   6.10023 (  2) -  12(  O)  28(  O)
               6   6.10023 (  1) -  20(  O)
               7   6.11841 (  1) -   6( Zn)
               8   7.14415 (  1) -  25( Zn)
               9   7.15205 (  2) -  10( Zn)  26( Zn)
              10   7.15205 (  1) -  18( Zn)
              11   8.59547 (  2) -  27(  O)  31(  O)
              12   8.63989 (  2) -  14( Zn)  30( Zn)
              13   8.63989 (  1) -  22( Zn)
              14   9.34829 (  3) -  13( Zn)   5( Zn)  21( Zn)
              15   9.85192 (  1) -   8(  O)
              16   11.1626 (  1) -  29( Zn)
              17   11.5876 (  2) -  16(  O)  32(  O)
              18   11.5876 (  1) -  24(  O)

  Time Elapsed: 0.019518 sec.

 -------------------------------------------------------------------

 FORCE CONSTANT
 ==============

  Symmetry is handled in crystallographic (fractional) coordinates.

  Number of  HARMONIC FCs : 170

  Time Elapsed: 0.022119 sec.

 -------------------------------------------------------------------

 DISPLACEMENT PATTERN
 ====================

  Number of free HARMONIC FCs : 66

  Generating displacement patterns in Cartesian coordinate...  done!

  Number of disp. patterns for  HARMONIC : 10

 Suggested displacement patterns are printed in the following files: 
  HARMONIC : ZnO222.pattern_HARMONIC


 Job finished at Wed Nov  5 13:23:36 2025

