
     coordinates at iteration   0


ATOMIC_POSITIONS (crystal)
Zn               0.3333333333        0.6666666667        0.9400000000
Zn               0.6666666667        0.3333333333        0.4400000000
O                0.3333333333        0.6666666667        0.4400000000
O                0.6666666667        0.3333333333        0.9400000000


 
     R & G space division:  proc/nbgrp/npool/nimage =       4
     Subspace diagonalization in iterative solution of the eigenvalue problem:
     a serial algorithm will be used

 
     Parallelization info
     --------------------
     sticks:   dense  smooth     PW     G-vecs:    dense   smooth      PW
     Min         208     208     61                 7709     7709    1231
     Max         209     209     65                 7711     7711    1233
     Sum         835     835    253                30841    30841    4927
 
     Using Slab Decomposition
 


     bravais-lattice index     =            0
     lattice parameter (alat)  =       6.1297  a.u.
     unit-cell volume          =     319.0793 (a.u.)^3
     number of atoms/cell      =            4
     number of atomic types    =            2
     number of electrons       =        52.00
     number of Kohn-Sham states=           36
     kinetic-energy cutoff     =      80.0000  Ry
     charge density cutoff     =     320.0000  Ry
     scf convergence threshold =      1.0E-08
     mixing beta               =       0.3000
     number of iterations used =            8  plain     mixing
     Exchange-correlation= PBE
                           (   1   4   3   4   0   0   0)
     Hubbard projectors: atomic
     Hubbard parameters of DFT+U (Dudarev formulation) in eV:
     U(Zn-3d) =  9.5000
     U(O-2p) =  7.5000

     Internal variables: lda_plus_u = T, lda_plus_u_kind = 0

     Internal variables: orbital_resolved = F, hub_pot_fix = F, apply_U =  F

     celldm(1)=   6.129744  celldm(2)=   0.000000  celldm(3)=   0.000000
     celldm(4)=   0.000000  celldm(5)=   0.000000  celldm(6)=   0.000000

     crystal axes: (cart. coord. in units of alat)
               a(1) = (   1.000000   0.000000   0.000000 )  
               a(2) = (  -0.500000   0.866025   0.000000 )  
               a(3) = (   0.000000   0.000000   1.599709 )  

     reciprocal axes: (cart. coord. in units 2 pi/alat)
               b(1) = (  1.000000  0.577350  0.000000 )  
               b(2) = (  0.000000  1.154701  0.000000 )  
               b(3) = (  0.000000  0.000000  0.625114 )  


     PseudoPot. # 1 for Zn read from file:
     /home/jvc/ZnO_database/pseudos/ppdojo_PBE/Zn_ppdojo_SR_NC_PBE.upf
     MD5 check sum: 9b7be680307954c2706c150df658ede8
     Pseudo is Norm-conserving + core correction, Zval = 20.0
     Generated using ONCVPSP code by D. R. Hamann
     Using radial grid of 1326 points,  6 beta functions with: 
                l(1) =   0
                l(2) =   0
                l(3) =   1
                l(4) =   1
                l(5) =   2
                l(6) =   2

     PseudoPot. # 2 for O  read from file:
     /home/jvc/ZnO_database/pseudos/ppdojo_PBE/O_ppdojo_SR_NC_PBE.upf
     MD5 check sum: 3e3f909f7470e8921608ab6b1f57bbae
     Pseudo is Norm-conserving + core correction, Zval =  6.0
     Generated using ONCVPSP code by D. R. Hamann
     Using radial grid of  936 points,  5 beta functions with: 
                l(1) =   0
                l(2) =   0
                l(3) =   1
                l(4) =   1
                l(5) =   2

     atomic species   valence    mass     pseudopotential
     Zn               20.00    65.38000     Zn( 1.00)
     O                 6.00    15.99900     O ( 1.00)

     12 Sym. Ops. (no inversion) found ( 6 have fractional translation)


                                    s                        frac. trans.

      isym =  1     identity                                     

 cryst.   s( 1) = (     1          0          0      )
                  (     0          1          0      )
                  (     0          0          1      )

 cart.    s( 1) = (  1.0000000  0.0000000  0.0000000 )
                  (  0.0000000  1.0000000  0.0000000 )
                  (  0.0000000  0.0000000  1.0000000 )


      isym =  2     180 deg rotation - cart. axis [0,0,1]        

 cryst.   s( 2) = (    -1          0          0      )    f =(  0.0000000 )
                  (     0         -1          0      )       (  0.0000000 )
                  (     0          0          1      )       ( -0.5000000 )

 cart.    s( 2) = ( -1.0000000  0.0000000  0.0000000 )    f =(  0.0000000 )
                  (  0.0000000 -1.0000000  0.0000000 )       (  0.0000000 )
                  (  0.0000000  0.0000000  1.0000000 )       ( -0.7998545 )


      isym =  3      60 deg rotation - cryst. axis [0,0,1]       

 cryst.   s( 3) = (     1          1          0      )    f =(  0.0000000 )
                  (    -1          0          0      )       (  0.0000000 )
                  (     0          0          1      )       ( -0.5000000 )

 cart.    s( 3) = (  0.5000000 -0.8660254  0.0000000 )    f =(  0.0000000 )
                  (  0.8660254  0.5000000  0.0000000 )       (  0.0000000 )
                  (  0.0000000  0.0000000  1.0000000 )       ( -0.7998545 )


      isym =  4      60 deg rotation - cryst. axis [0,0,-1]      

 cryst.   s( 4) = (     0         -1          0      )    f =(  0.0000000 )
                  (     1          1          0      )       ( -0.0000000 )
                  (     0          0          1      )       ( -0.5000000 )

 cart.    s( 4) = (  0.5000000  0.8660254  0.0000000 )    f =(  0.0000000 )
                  ( -0.8660254  0.5000000  0.0000000 )       ( -0.0000000 )
                  (  0.0000000  0.0000000  1.0000000 )       ( -0.7998545 )


      isym =  5     120 deg rotation - cryst. axis [0,0,1]       

 cryst.   s( 5) = (     0          1          0      )
                  (    -1         -1          0      )
                  (     0          0          1      )

 cart.    s( 5) = ( -0.5000000 -0.8660254  0.0000000 )
                  (  0.8660254 -0.5000000  0.0000000 )
                  (  0.0000000  0.0000000  1.0000000 )


      isym =  6     120 deg rotation - cryst. axis [0,0,-1]      

 cryst.   s( 6) = (    -1         -1          0      )
                  (     1          0          0      )
                  (     0          0          1      )

 cart.    s( 6) = ( -0.5000000  0.8660254  0.0000000 )
                  ( -0.8660254 -0.5000000  0.0000000 )
                  (  0.0000000  0.0000000  1.0000000 )


      isym =  7     inv. 180 deg rotation - cart. axis [0,1,0]   

 cryst.   s( 7) = (     1          0          0      )    f =(  0.0000000 )
                  (    -1         -1          0      )       (  0.0000000 )
                  (     0          0          1      )       ( -0.5000000 )

 cart.    s( 7) = (  1.0000000  0.0000000  0.0000000 )    f =(  0.0000000 )
                  (  0.0000000 -1.0000000  0.0000000 )       (  0.0000000 )
                  (  0.0000000  0.0000000  1.0000000 )       ( -0.7998545 )


      isym =  8     inv. 180 deg rotation - cart. axis [1,0,0]   

 cryst.   s( 8) = (    -1          0          0      )
                  (     1          1          0      )
                  (     0          0          1      )

 cart.    s( 8) = ( -1.0000000 -0.0000000  0.0000000 )
                  (  0.0000000  1.0000000  0.0000000 )
                  (  0.0000000  0.0000000  1.0000000 )


      isym =  9     inv. 180 deg rotation - cryst. axis [1,-1,0] 

 cryst.   s( 9) = (     0          1          0      )    f =(  0.0000000 )
                  (     1          0          0      )       (  0.0000000 )
                  (     0          0          1      )       ( -0.5000000 )

 cart.    s( 9) = ( -0.5000000  0.8660254  0.0000000 )    f =( -0.0000000 )
                  (  0.8660254  0.5000000  0.0000000 )       (  0.0000000 )
                  (  0.0000000  0.0000000  1.0000000 )       ( -0.7998545 )


      isym = 10     inv. 180 deg rotation - cryst. axis [2,1,0]  

 cryst.   s(10) = (    -1         -1          0      )    f =(  0.0000000 )
                  (     0          1          0      )       ( -0.0000000 )
                  (     0          0          1      )       ( -0.5000000 )

 cart.    s(10) = ( -0.5000000 -0.8660254  0.0000000 )    f =(  0.0000000 )
                  ( -0.8660254  0.5000000  0.0000000 )       ( -0.0000000 )
                  (  0.0000000  0.0000000  1.0000000 )       ( -0.7998545 )


      isym = 11     inv. 180 deg rotation - cryst. axis [0,1,0]  

 cryst.   s(11) = (     1          1          0      )
                  (     0         -1          0      )
                  (     0          0          1      )

 cart.    s(11) = (  0.5000000  0.8660254  0.0000000 )
                  (  0.8660254 -0.5000000  0.0000000 )
                  (  0.0000000  0.0000000  1.0000000 )


      isym = 12     inv. 180 deg rotation - cryst. axis [1,1,0]  

 cryst.   s(12) = (     0         -1          0      )
                  (    -1          0          0      )
                  (     0          0          1      )

 cart.    s(12) = (  0.5000000 -0.8660254  0.0000000 )
                  ( -0.8660254 -0.5000000  0.0000000 )
                  (  0.0000000  0.0000000  1.0000000 )


   Cartesian axes

     site n.     atom                  positions (alat units)
         1        Zn     tau(   1) = (  -0.0000000   0.5773503   1.5037265  )
         2        Zn     tau(   2) = (   0.5000000   0.2886751   0.7038720  )
         3        O      tau(   3) = (  -0.0000000   0.5773503   0.7038720  )
         4        O      tau(   4) = (   0.5000000   0.2886751   1.5037265  )

   Crystallographic axes

     site n.     atom                  positions (cryst. coord.)
         1        Zn     tau(   1) = (  0.3333333  0.6666667  0.9400000  )
         2        Zn     tau(   2) = (  0.6666667  0.3333333  0.4400000  )
         3        O      tau(   3) = (  0.3333333  0.6666667  0.4400000  )
         4        O      tau(   4) = (  0.6666667  0.3333333  0.9400000  )

     number of k points=    21
                       cart. coord. in units 2pi/alat
        k(    1) = (   0.0000000   0.0000000   0.0000000), wk =   0.0138889
        k(    2) = (   0.0000000   0.0000000   0.1562784), wk =   0.0277778
        k(    3) = (   0.0000000   0.0000000  -0.3125568), wk =   0.0138889
        k(    4) = (   0.0000000   0.1924501   0.0000000), wk =   0.0833333
        k(    5) = (   0.0000000   0.1924501   0.1562784), wk =   0.1666667
        k(    6) = (   0.0000000   0.1924501  -0.3125568), wk =   0.0833333
        k(    7) = (   0.0000000   0.3849002   0.0000000), wk =   0.0833333
        k(    8) = (   0.0000000   0.3849002   0.1562784), wk =   0.1666667
        k(    9) = (   0.0000000   0.3849002  -0.3125568), wk =   0.0833333
        k(   10) = (   0.0000000  -0.5773503   0.0000000), wk =   0.0416667
        k(   11) = (   0.0000000  -0.5773503   0.1562784), wk =   0.0833333
        k(   12) = (   0.0000000  -0.5773503  -0.3125568), wk =   0.0416667
        k(   13) = (   0.1666667   0.2886751   0.0000000), wk =   0.0833333
        k(   14) = (   0.1666667   0.2886751   0.1562784), wk =   0.1666667
        k(   15) = (   0.1666667   0.2886751  -0.3125568), wk =   0.0833333
        k(   16) = (   0.1666667   0.4811252   0.0000000), wk =   0.1666667
        k(   17) = (   0.1666667   0.4811252   0.1562784), wk =   0.3333333
        k(   18) = (   0.1666667   0.4811252  -0.3125568), wk =   0.1666667
        k(   19) = (   0.3333333   0.5773503   0.0000000), wk =   0.0277778
        k(   20) = (   0.3333333   0.5773503   0.1562784), wk =   0.0555556
        k(   21) = (   0.3333333   0.5773503  -0.3125568), wk =   0.0277778

                       cryst. coord.
        k(    1) = (   0.0000000   0.0000000   0.0000000), wk =   0.0138889
        k(    2) = (   0.0000000   0.0000000   0.2500000), wk =   0.0277778
        k(    3) = (   0.0000000   0.0000000  -0.5000000), wk =   0.0138889
        k(    4) = (   0.0000000   0.1666667   0.0000000), wk =   0.0833333
        k(    5) = (   0.0000000   0.1666667   0.2500000), wk =   0.1666667
        k(    6) = (   0.0000000   0.1666667  -0.5000000), wk =   0.0833333
        k(    7) = (   0.0000000   0.3333333   0.0000000), wk =   0.0833333
        k(    8) = (   0.0000000   0.3333333   0.2500000), wk =   0.1666667
        k(    9) = (   0.0000000   0.3333333  -0.5000000), wk =   0.0833333
        k(   10) = (   0.0000000  -0.5000000   0.0000000), wk =   0.0416667
        k(   11) = (   0.0000000  -0.5000000   0.2500000), wk =   0.0833333
        k(   12) = (   0.0000000  -0.5000000  -0.5000000), wk =   0.0416667
        k(   13) = (   0.1666667   0.1666667   0.0000000), wk =   0.0833333
        k(   14) = (   0.1666667   0.1666667   0.2500000), wk =   0.1666667
        k(   15) = (   0.1666667   0.1666667  -0.5000000), wk =   0.0833333
        k(   16) = (   0.1666667   0.3333333   0.0000000), wk =   0.1666667
        k(   17) = (   0.1666667   0.3333333   0.2500000), wk =   0.3333333
        k(   18) = (   0.1666667   0.3333333  -0.5000000), wk =   0.1666667
        k(   19) = (   0.3333333   0.3333333   0.0000000), wk =   0.0277778
        k(   20) = (   0.3333333   0.3333333   0.2500000), wk =   0.0555556
        k(   21) = (   0.3333333   0.3333333  -0.5000000), wk =   0.0277778

     Dense  grid:    30841 G-vectors     FFT dimensions: (  36,  36,  60)

     Dynamical RAM for                 wfc:       0.53 MB

     Dynamical RAM for     wfc (w. buffer):      11.65 MB

     Dynamical RAM for             U proj.:       0.24 MB

     Dynamical RAM for  U proj. (w. buff.):       5.18 MB

     Dynamical RAM for           str. fact:       0.24 MB

     Dynamical RAM for           local pot:       0.00 MB

     Dynamical RAM for          nlocal pot:       0.91 MB

     Dynamical RAM for                qrad:       2.87 MB

     Dynamical RAM for          rho,v,vnew:       0.80 MB

     Dynamical RAM for               rhoin:       0.27 MB

     Dynamical RAM for            rho*nmix:       1.88 MB

     Dynamical RAM for           G-vectors:       0.50 MB

     Dynamical RAM for          h,s,v(r/c):       0.24 MB

     Dynamical RAM for          <psi|beta>:       0.03 MB

     Dynamical RAM for                 psi:       1.06 MB

     Dynamical RAM for                hpsi:       1.06 MB

     Dynamical RAM for      wfcinit/wfcrot:       1.09 MB

     Estimated static dynamical RAM per process >      23.50 MB

     Estimated max dynamical RAM per process >      27.78 MB

     Estimated total dynamical RAM >     111.10 MB

     Initial potential from superposition of free atoms

     starting charge      51.9997, renormalised to      52.0000

     HUBBARD ENERGY =    0.7350  (Ry)

     STARTING HUBBARD OCCUPATIONS:

     =================== HUBBARD OCCUPATIONS ===================
     ------------------------ ATOM    1 ------------------------
     Tr[ns(  1)] =  10.00000
     eigenvalues:
       1.000  1.000  1.000  1.000  1.000
     eigenvectors (columns):
       1.000  0.000  0.000  0.000  0.000
       0.000  1.000  0.000  0.000  0.000
       0.000  0.000  1.000  0.000  0.000
       0.000  0.000  0.000  1.000  0.000
       0.000  0.000  0.000  0.000  1.000
     occupation matrix ns (before diag.):
       1.000  0.000  0.000  0.000  0.000
       0.000  1.000  0.000  0.000  0.000
       0.000  0.000  1.000  0.000  0.000
       0.000  0.000  0.000  1.000  0.000
       0.000  0.000  0.000  0.000  1.000
     ------------------------ ATOM    2 ------------------------
     Tr[ns(  2)] =  10.00000
     eigenvalues:
       1.000  1.000  1.000  1.000  1.000
     eigenvectors (columns):
       1.000  0.000  0.000  0.000  0.000
       0.000  1.000  0.000  0.000  0.000
       0.000  0.000  1.000  0.000  0.000
       0.000  0.000  0.000  1.000  0.000
       0.000  0.000  0.000  0.000  1.000
     occupation matrix ns (before diag.):
       1.000  0.000  0.000  0.000  0.000
       0.000  1.000  0.000  0.000  0.000
       0.000  0.000  1.000  0.000  0.000
       0.000  0.000  0.000  1.000  0.000
       0.000  0.000  0.000  0.000  1.000
     ------------------------ ATOM    3 ------------------------
     Tr[ns(  3)] =   4.00000
     eigenvalues:
       0.667  0.667  0.667
     eigenvectors (columns):
       1.000  0.000  0.000
       0.000  1.000  0.000
       0.000  0.000  1.000
     occupation matrix ns (before diag.):
       0.667  0.000  0.000
       0.000  0.667  0.000
       0.000  0.000  0.667
     ------------------------ ATOM    4 ------------------------
     Tr[ns(  4)] =   4.00000
     eigenvalues:
       0.667  0.667  0.667
     eigenvectors (columns):
       1.000  0.000  0.000
       0.000  1.000  0.000
       0.000  0.000  1.000
     occupation matrix ns (before diag.):
       0.667  0.000  0.000
       0.000  0.667  0.000
       0.000  0.000  0.667

     Number of occupied Hubbard levels =   28.0000

     Atomic wfc used for Hubbard projectors are NOT orthogonalized

     Starting wfcs are   28 randomized atomic wfcs +    8 random wfcs

     total cpu time spent up to now is        2.2 secs

     Self-consistent Calculation

     iteration #  1     ecut=    80.00 Ry     beta= 0.30
     Davidson diagonalization with overlap

---- Real-time Memory Report at c_bands before calling an iterative solver
           114 MiB given to the printing process from OS
             0 MiB allocation reported by mallinfo(arena+hblkhd)
         40483 MiB available memory on the node where the printing process lives
------------------
     ethr =  1.00E-02,  avg # of iterations =  5.1

     =================== HUBBARD OCCUPATIONS ===================
     ------------------------ ATOM    1 ------------------------
     Tr[ns(  1)] =   9.98294
     eigenvalues:
       0.997  0.998  0.998  0.999  0.999
     eigenvectors (columns):
       1.000 -0.000 -0.000 -0.000  0.000
       0.000 -0.000 -0.000  1.000  0.009
      -0.000  0.000 -0.000 -0.009  1.000
      -0.000 -0.996  0.093  0.000  0.000
       0.000  0.093  0.996  0.000 -0.000
     occupation matrix ns (before diag.):
       0.997 -0.000  0.000  0.000 -0.000
      -0.000  0.999  0.000  0.000  0.000
       0.000  0.000  0.999  0.000 -0.000
       0.000  0.000  0.000  0.998  0.000
      -0.000  0.000 -0.000  0.000  0.998
     ------------------------ ATOM    2 ------------------------
     Tr[ns(  2)] =   9.98294
     eigenvalues:
       0.997  0.998  0.998  0.999  0.999
     eigenvectors (columns):
       1.000  0.000 -0.000 -0.000 -0.000
       0.000 -0.000  0.000  1.000 -0.009
      -0.000  0.000  0.000 -0.009 -1.000
      -0.000  0.996  0.093  0.000  0.000
       0.000 -0.093  0.996 -0.000  0.000
     occupation matrix ns (before diag.):
       0.997 -0.000  0.000  0.000 -0.000
      -0.000  0.999  0.000  0.000 -0.000
       0.000  0.000  0.999 -0.000 -0.000
       0.000  0.000 -0.000  0.998  0.000
      -0.000 -0.000 -0.000  0.000  0.998
     ------------------------ ATOM    3 ------------------------
     Tr[ns(  3)] =   5.91440
     eigenvalues:
       0.983  0.983  0.991
     eigenvectors (columns):
      -0.000 -0.000  1.000
      -0.897 -0.443 -0.000
      -0.443  0.897  0.000
     occupation matrix ns (before diag.):
       0.991 -0.000  0.000
      -0.000  0.983 -0.000
       0.000 -0.000  0.983
     ------------------------ ATOM    4 ------------------------
     Tr[ns(  4)] =   5.91440
     eigenvalues:
       0.983  0.983  0.991
     eigenvectors (columns):
      -0.000 -0.000  1.000
      -0.897 -0.443 -0.000
      -0.443  0.897  0.000
     occupation matrix ns (before diag.):
       0.991 -0.000  0.000
      -0.000  0.983 -0.000
       0.000 -0.000  0.983

     Number of occupied Hubbard levels =   31.7947

     HUBBARD ENERGY =    0.0584  (Ry)

     total cpu time spent up to now is        8.7 secs

     total energy              =    -902.15413765 Ry
     estimated scf accuracy    <       0.96337050 Ry

     iteration #  2     ecut=    80.00 Ry     beta= 0.30
     Davidson diagonalization with overlap

---- Real-time Memory Report at c_bands before calling an iterative solver
           120 MiB given to the printing process from OS
             0 MiB allocation reported by mallinfo(arena+hblkhd)
         39798 MiB available memory on the node where the printing process lives
------------------
     ethr =  1.85E-03,  avg # of iterations =  2.0

     =================== HUBBARD OCCUPATIONS ===================
     ------------------------ ATOM    1 ------------------------
     Tr[ns(  1)] =   9.98509
     eigenvalues:
       0.997  0.998  0.998  1.000  1.000
     eigenvectors (columns):
       1.000  0.000 -0.000 -0.000 -0.000
       0.000 -0.000  0.000  1.000 -0.009
      -0.000  0.000  0.000 -0.009 -1.000
      -0.000  0.996  0.093  0.000  0.000
       0.000 -0.093  0.996 -0.000  0.000
     occupation matrix ns (before diag.):
       0.997 -0.000  0.000  0.000 -0.000
      -0.000  1.000  0.000  0.000 -0.000
       0.000  0.000  1.000 -0.000 -0.000
       0.000  0.000 -0.000  0.998  0.000
      -0.000 -0.000 -0.000  0.000  0.998
     ------------------------ ATOM    2 ------------------------
     Tr[ns(  2)] =   9.98509
     eigenvalues:
       0.997  0.998  0.998  1.000  1.000
     eigenvectors (columns):
       1.000 -0.000 -0.000 -0.000  0.000
       0.000 -0.000 -0.000  1.000  0.009
      -0.000  0.000 -0.000 -0.009  1.000
      -0.000 -0.996  0.093  0.000  0.000
       0.000  0.093  0.996  0.000 -0.000
     occupation matrix ns (before diag.):
       0.997 -0.000  0.000  0.000 -0.000
      -0.000  1.000  0.000  0.000  0.000
       0.000  0.000  1.000  0.000 -0.000
       0.000  0.000  0.000  0.998  0.000
      -0.000  0.000 -0.000  0.000  0.998
     ------------------------ ATOM    3 ------------------------
     Tr[ns(  3)] =   5.82023
     eigenvalues:
       0.967  0.967  0.976
     eigenvectors (columns):
      -0.000 -0.000  1.000
      -0.897 -0.443 -0.000
      -0.443  0.897  0.000
     occupation matrix ns (before diag.):
       0.976 -0.000  0.000
      -0.000  0.967 -0.000
       0.000 -0.000  0.967
     ------------------------ ATOM    4 ------------------------
     Tr[ns(  4)] =   5.82023
     eigenvalues:
       0.967  0.967  0.976
     eigenvectors (columns):
      -0.000 -0.000  1.000
      -0.897 -0.443 -0.000
      -0.443  0.897  0.000
     occupation matrix ns (before diag.):
       0.976 -0.000  0.000
      -0.000  0.967 -0.000
       0.000 -0.000  0.967

     Number of occupied Hubbard levels =   31.6106

     HUBBARD ENERGY =    0.0784  (Ry)

     total cpu time spent up to now is       13.7 secs

     total energy              =    -902.20423891 Ry
     estimated scf accuracy    <       0.10078581 Ry

     iteration #  3     ecut=    80.00 Ry     beta= 0.30
     Davidson diagonalization with overlap

---- Real-time Memory Report at c_bands before calling an iterative solver
           120 MiB given to the printing process from OS
             0 MiB allocation reported by mallinfo(arena+hblkhd)
         38369 MiB available memory on the node where the printing process lives
------------------
     ethr =  1.94E-04,  avg # of iterations =  2.2

     =================== HUBBARD OCCUPATIONS ===================
     ------------------------ ATOM    1 ------------------------
     Tr[ns(  1)] =   9.98536
     eigenvalues:
       0.997  0.998  0.998  1.000  1.000
     eigenvectors (columns):
       1.000 -0.000 -0.000 -0.000  0.000
       0.000 -0.000 -0.000  1.000  0.009
      -0.000  0.000  0.000 -0.009  1.000
      -0.000 -0.996  0.093  0.000  0.000
       0.000  0.093  0.996  0.000 -0.000
     occupation matrix ns (before diag.):
       0.997 -0.000  0.000  0.000 -0.000
      -0.000  1.000  0.000  0.000  0.000
       0.000  0.000  1.000  0.000 -0.000
       0.000  0.000  0.000  0.998  0.000
      -0.000  0.000 -0.000  0.000  0.998
     ------------------------ ATOM    2 ------------------------
     Tr[ns(  2)] =   9.98536
     eigenvalues:
       0.997  0.998  0.998  1.000  1.000
     eigenvectors (columns):
       1.000  0.000 -0.000 -0.000 -0.000
       0.000 -0.000  0.000  1.000 -0.009
      -0.000  0.000  0.000 -0.009 -1.000
      -0.000  0.996  0.093  0.000  0.000
       0.000 -0.093  0.996 -0.000  0.000
     occupation matrix ns (before diag.):
       0.997 -0.000  0.000  0.000 -0.000
      -0.000  1.000  0.000  0.000 -0.000
       0.000  0.000  1.000 -0.000 -0.000
       0.000  0.000 -0.000  0.998  0.000
      -0.000 -0.000 -0.000  0.000  0.998
     ------------------------ ATOM    3 ------------------------
     Tr[ns(  3)] =   5.75553
     eigenvalues:
       0.956  0.956  0.966
     eigenvectors (columns):
      -0.000 -0.000  1.000
      -0.897 -0.443 -0.000
      -0.443  0.897  0.000
     occupation matrix ns (before diag.):
       0.966 -0.000  0.000
      -0.000  0.956 -0.000
       0.000 -0.000  0.956
     ------------------------ ATOM    4 ------------------------
     Tr[ns(  4)] =   5.75553
     eigenvalues:
       0.956  0.956  0.966
     eigenvectors (columns):
      -0.000 -0.000  1.000
      -0.897 -0.443 -0.000
      -0.443  0.897  0.000
     occupation matrix ns (before diag.):
       0.966 -0.000  0.000
      -0.000  0.956 -0.000
       0.000 -0.000  0.956

     Number of occupied Hubbard levels =   31.4818

     HUBBARD ENERGY =    0.1286  (Ry)

     total cpu time spent up to now is       18.3 secs

     total energy              =    -902.22080443 Ry
     estimated scf accuracy    <       0.01589153 Ry

     iteration #  4     ecut=    80.00 Ry     beta= 0.30
     Davidson diagonalization with overlap

---- Real-time Memory Report at c_bands before calling an iterative solver
           121 MiB given to the printing process from OS
             0 MiB allocation reported by mallinfo(arena+hblkhd)
         38367 MiB available memory on the node where the printing process lives
------------------
     ethr =  3.06E-05,  avg # of iterations =  2.9

     =================== HUBBARD OCCUPATIONS ===================
     ------------------------ ATOM    1 ------------------------
     Tr[ns(  1)] =   9.98455
     eigenvalues:
       0.997  0.998  0.998  1.000  1.000
     eigenvectors (columns):
       1.000 -0.000 -0.000 -0.000  0.000
       0.000 -0.000 -0.000  1.000  0.009
      -0.000  0.000 -0.000 -0.009  1.000
      -0.000 -0.996  0.093  0.000  0.000
       0.000  0.093  0.996  0.000 -0.000
     occupation matrix ns (before diag.):
       0.997 -0.000  0.000  0.000 -0.000
      -0.000  1.000  0.000  0.000  0.000
       0.000  0.000  1.000  0.000 -0.000
       0.000  0.000  0.000  0.998  0.000
      -0.000  0.000 -0.000  0.000  0.998
     ------------------------ ATOM    2 ------------------------
     Tr[ns(  2)] =   9.98455
     eigenvalues:
       0.997  0.998  0.998  1.000  1.000
     eigenvectors (columns):
       1.000  0.000 -0.000 -0.000 -0.000
       0.000 -0.000  0.000  1.000 -0.009
      -0.000  0.000  0.000 -0.009 -1.000
      -0.000  0.996  0.093  0.000  0.000
       0.000 -0.093  0.996 -0.000  0.000
     occupation matrix ns (before diag.):
       0.997 -0.000  0.000  0.000 -0.000
      -0.000  1.000  0.000  0.000 -0.000
       0.000  0.000  1.000 -0.000 -0.000
       0.000  0.000 -0.000  0.998  0.000
      -0.000 -0.000 -0.000  0.000  0.998
     ------------------------ ATOM    3 ------------------------
     Tr[ns(  3)] =   5.78158
     eigenvalues:
       0.960  0.960  0.970
     eigenvectors (columns):
      -0.000 -0.000  1.000
      -0.897 -0.443 -0.000
      -0.443  0.897  0.000
     occupation matrix ns (before diag.):
       0.970 -0.000  0.000
      -0.000  0.960 -0.000
       0.000 -0.000  0.960
     ------------------------ ATOM    4 ------------------------
     Tr[ns(  4)] =   5.78158
     eigenvalues:
       0.960  0.960  0.970
     eigenvectors (columns):
      -0.000 -0.000  1.000
      -0.897 -0.443 -0.000
      -0.443  0.897  0.000
     occupation matrix ns (before diag.):
       0.970 -0.000  0.000
      -0.000  0.960 -0.000
       0.000 -0.000  0.960

     Number of occupied Hubbard levels =   31.5323

     HUBBARD ENERGY =    0.1320  (Ry)

     total cpu time spent up to now is       23.4 secs

     total energy              =    -902.22010039 Ry
     estimated scf accuracy    <       0.00867905 Ry

     iteration #  5     ecut=    80.00 Ry     beta= 0.30
     Davidson diagonalization with overlap

---- Real-time Memory Report at c_bands before calling an iterative solver
           121 MiB given to the printing process from OS
             0 MiB allocation reported by mallinfo(arena+hblkhd)
         38406 MiB available memory on the node where the printing process lives
------------------
     ethr =  1.67E-05,  avg # of iterations =  2.4

     =================== HUBBARD OCCUPATIONS ===================
     ------------------------ ATOM    1 ------------------------
     Tr[ns(  1)] =   9.98504
     eigenvalues:
       0.997  0.998  0.998  1.000  1.000
     eigenvectors (columns):
       1.000  0.000 -0.000 -0.000  0.000
       0.000 -0.000  0.000  1.000  0.009
      -0.000  0.000  0.000 -0.009  1.000
      -0.000  0.996  0.093  0.000 -0.000
       0.000 -0.093  0.996 -0.000 -0.000
     occupation matrix ns (before diag.):
       0.997 -0.000  0.000  0.000 -0.000
      -0.000  1.000  0.000  0.000 -0.000
       0.000  0.000  1.000 -0.000 -0.000
       0.000  0.000 -0.000  0.998  0.000
      -0.000 -0.000 -0.000  0.000  0.998
     ------------------------ ATOM    2 ------------------------
     Tr[ns(  2)] =   9.98504
     eigenvalues:
       0.997  0.998  0.998  1.000  1.000
     eigenvectors (columns):
       1.000 -0.000 -0.000  0.000  0.000
       0.000  0.000 -0.000 -1.000  0.009
      -0.000 -0.000  0.000  0.009  1.000
      -0.000 -0.996  0.093 -0.000 -0.000
       0.000  0.093  0.996 -0.000 -0.000
     occupation matrix ns (before diag.):
       0.997 -0.000  0.000  0.000 -0.000
      -0.000  1.000  0.000  0.000  0.000
       0.000  0.000  1.000 -0.000 -0.000
       0.000  0.000 -0.000  0.998  0.000
      -0.000  0.000 -0.000  0.000  0.998
     ------------------------ ATOM    3 ------------------------
     Tr[ns(  3)] =   5.75799
     eigenvalues:
       0.956  0.956  0.966
     eigenvectors (columns):
      -0.000 -0.000  1.000
      -0.897 -0.443 -0.000
      -0.443  0.897  0.000
     occupation matrix ns (before diag.):
       0.966 -0.000  0.000
      -0.000  0.956 -0.000
       0.000 -0.000  0.956
     ------------------------ ATOM    4 ------------------------
     Tr[ns(  4)] =   5.75799
     eigenvalues:
       0.956  0.956  0.966
     eigenvectors (columns):
      -0.000 -0.000  1.000
      -0.897 -0.443 -0.000
      -0.443  0.897  0.000
     occupation matrix ns (before diag.):
       0.966 -0.000  0.000
      -0.000  0.956 -0.000
       0.000 -0.000  0.956

     Number of occupied Hubbard levels =   31.4861

     HUBBARD ENERGY =    0.1346  (Ry)

     total cpu time spent up to now is       28.3 secs

     total energy              =    -902.22229725 Ry
     estimated scf accuracy    <       0.00030550 Ry

     iteration #  6     ecut=    80.00 Ry     beta= 0.30
     Davidson diagonalization with overlap

---- Real-time Memory Report at c_bands before calling an iterative solver
           122 MiB given to the printing process from OS
             0 MiB allocation reported by mallinfo(arena+hblkhd)
         40002 MiB available memory on the node where the printing process lives
------------------
     ethr =  5.88E-07,  avg # of iterations =  2.8

     =================== HUBBARD OCCUPATIONS ===================
     ------------------------ ATOM    1 ------------------------
     Tr[ns(  1)] =   9.98517
     eigenvalues:
       0.997  0.998  0.998  1.000  1.000
     eigenvectors (columns):
       1.000  0.000 -0.000 -0.000 -0.000
       0.000 -0.000  0.000  1.000 -0.009
      -0.000  0.000  0.000 -0.009 -1.000
      -0.000  0.996  0.093  0.000  0.000
       0.000 -0.093  0.996 -0.000  0.000
     occupation matrix ns (before diag.):
       0.997 -0.000  0.000  0.000 -0.000
      -0.000  1.000  0.000  0.000 -0.000
       0.000  0.000  1.000 -0.000 -0.000
       0.000  0.000 -0.000  0.998  0.000
      -0.000 -0.000 -0.000  0.000  0.998
     ------------------------ ATOM    2 ------------------------
     Tr[ns(  2)] =   9.98517
     eigenvalues:
       0.997  0.998  0.998  1.000  1.000
     eigenvectors (columns):
       1.000 -0.000 -0.000 -0.000  0.000
       0.000  0.000 -0.000  1.000  0.009
      -0.000  0.000  0.000 -0.009  1.000
      -0.000 -0.996  0.093  0.000  0.000
       0.000  0.093  0.996  0.000 -0.000
     occupation matrix ns (before diag.):
       0.997 -0.000  0.000  0.000 -0.000
      -0.000  1.000  0.000  0.000  0.000
       0.000  0.000  1.000  0.000 -0.000
       0.000  0.000  0.000  0.998  0.000
      -0.000  0.000 -0.000  0.000  0.998
     ------------------------ ATOM    3 ------------------------
     Tr[ns(  3)] =   5.75964
     eigenvalues:
       0.957  0.957  0.966
     eigenvectors (columns):
      -0.000 -0.000  1.000
      -0.897 -0.443 -0.000
      -0.443  0.897  0.000
     occupation matrix ns (before diag.):
       0.966 -0.000  0.000
      -0.000  0.957 -0.000
       0.000 -0.000  0.957
     ------------------------ ATOM    4 ------------------------
     Tr[ns(  4)] =   5.75964
     eigenvalues:
       0.957  0.957  0.966
     eigenvectors (columns):
      -0.000 -0.000  1.000
      -0.897 -0.443 -0.000
      -0.443  0.897  0.000
     occupation matrix ns (before diag.):
       0.966 -0.000  0.000
      -0.000  0.957 -0.000
       0.000 -0.000  0.957

     Number of occupied Hubbard levels =   31.4896

     HUBBARD ENERGY =    0.1363  (Ry)

     total cpu time spent up to now is       32.6 secs

     total energy              =    -902.22228257 Ry
     estimated scf accuracy    <       0.00008730 Ry

     iteration #  7     ecut=    80.00 Ry     beta= 0.30
     Davidson diagonalization with overlap

---- Real-time Memory Report at c_bands before calling an iterative solver
           122 MiB given to the printing process from OS
             0 MiB allocation reported by mallinfo(arena+hblkhd)
         40528 MiB available memory on the node where the printing process lives
------------------
     ethr =  1.68E-07,  avg # of iterations =  2.0

     =================== HUBBARD OCCUPATIONS ===================
     ------------------------ ATOM    1 ------------------------
     Tr[ns(  1)] =   9.98507
     eigenvalues:
       0.997  0.998  0.998  1.000  1.000
     eigenvectors (columns):
       1.000 -0.000 -0.000 -0.000 -0.000
       0.000  0.000 -0.000  1.000 -0.009
      -0.000 -0.000  0.000 -0.009 -1.000
      -0.000 -0.996  0.093  0.000  0.000
       0.000  0.093  0.996  0.000  0.000
     occupation matrix ns (before diag.):
       0.997 -0.000  0.000  0.000 -0.000
      -0.000  1.000  0.000  0.000  0.000
       0.000  0.000  1.000 -0.000 -0.000
       0.000  0.000 -0.000  0.998  0.000
      -0.000  0.000 -0.000  0.000  0.998
     ------------------------ ATOM    2 ------------------------
     Tr[ns(  2)] =   9.98507
     eigenvalues:
       0.997  0.998  0.998  1.000  1.000
     eigenvectors (columns):
       1.000  0.000 -0.000 -0.000  0.000
       0.000 -0.000  0.000  1.000  0.009
      -0.000  0.000  0.000 -0.009  1.000
      -0.000  0.996  0.093  0.000 -0.000
       0.000 -0.093  0.996 -0.000 -0.000
     occupation matrix ns (before diag.):
       0.997 -0.000  0.000  0.000 -0.000
      -0.000  1.000  0.000  0.000 -0.000
       0.000  0.000  1.000 -0.000 -0.000
       0.000  0.000 -0.000  0.998  0.000
      -0.000 -0.000 -0.000  0.000  0.998
     ------------------------ ATOM    3 ------------------------
     Tr[ns(  3)] =   5.76205
     eigenvalues:
       0.957  0.957  0.967
     eigenvectors (columns):
      -0.000 -0.000  1.000
      -0.897 -0.443 -0.000
      -0.443  0.897  0.000
     occupation matrix ns (before diag.):
       0.967 -0.000  0.000
      -0.000  0.957 -0.000
       0.000 -0.000  0.957
     ------------------------ ATOM    4 ------------------------
     Tr[ns(  4)] =   5.76205
     eigenvalues:
       0.957  0.957  0.967
     eigenvectors (columns):
      -0.000 -0.000  1.000
      -0.897 -0.443 -0.000
      -0.443  0.897  0.000
     occupation matrix ns (before diag.):
       0.967 -0.000  0.000
      -0.000  0.957 -0.000
       0.000 -0.000  0.957

     Number of occupied Hubbard levels =   31.4942

     HUBBARD ENERGY =    0.1365  (Ry)

     total cpu time spent up to now is       37.7 secs

     total energy              =    -902.22230538 Ry
     estimated scf accuracy    <       0.00001121 Ry

     iteration #  8     ecut=    80.00 Ry     beta= 0.30
     Davidson diagonalization with overlap

---- Real-time Memory Report at c_bands before calling an iterative solver
           123 MiB given to the printing process from OS
             0 MiB allocation reported by mallinfo(arena+hblkhd)
         40527 MiB available memory on the node where the printing process lives
------------------
     ethr =  2.16E-08,  avg # of iterations =  2.0

     =================== HUBBARD OCCUPATIONS ===================
     ------------------------ ATOM    1 ------------------------
     Tr[ns(  1)] =   9.98510
     eigenvalues:
       0.997  0.998  0.998  1.000  1.000
     eigenvectors (columns):
       1.000 -0.000 -0.000  0.000  0.000
       0.000  0.000 -0.000 -1.000  0.009
      -0.000 -0.000  0.000  0.009  1.000
      -0.000 -0.996  0.093 -0.000 -0.000
       0.000  0.093  0.996 -0.000 -0.000
     occupation matrix ns (before diag.):
       0.997 -0.000  0.000  0.000 -0.000
      -0.000  1.000  0.000  0.000  0.000
       0.000  0.000  1.000 -0.000 -0.000
       0.000  0.000 -0.000  0.998  0.000
      -0.000  0.000 -0.000  0.000  0.998
     ------------------------ ATOM    2 ------------------------
     Tr[ns(  2)] =   9.98510
     eigenvalues:
       0.997  0.998  0.998  1.000  1.000
     eigenvectors (columns):
       1.000  0.000 -0.000 -0.000  0.000
       0.000 -0.000  0.000  1.000  0.009
      -0.000  0.000  0.000 -0.009  1.000
      -0.000  0.996  0.093  0.000 -0.000
       0.000 -0.093  0.996 -0.000 -0.000
     occupation matrix ns (before diag.):
       0.997 -0.000  0.000  0.000 -0.000
      -0.000  1.000  0.000  0.000 -0.000
       0.000  0.000  1.000 -0.000 -0.000
       0.000  0.000 -0.000  0.998  0.000
      -0.000 -0.000 -0.000  0.000  0.998
     ------------------------ ATOM    3 ------------------------
     Tr[ns(  3)] =   5.76149
     eigenvalues:
       0.957  0.957  0.967
     eigenvectors (columns):
      -0.000 -0.000  1.000
      -0.897 -0.443 -0.000
      -0.443  0.897  0.000
     occupation matrix ns (before diag.):
       0.967 -0.000  0.000
      -0.000  0.957 -0.000
       0.000 -0.000  0.957
     ------------------------ ATOM    4 ------------------------
     Tr[ns(  4)] =   5.76149
     eigenvalues:
       0.957  0.957  0.967
     eigenvectors (columns):
      -0.000 -0.000  1.000
      -0.897 -0.443 -0.000
      -0.443  0.897  0.000
     occupation matrix ns (before diag.):
       0.967 -0.000  0.000
      -0.000  0.957 -0.000
       0.000 -0.000  0.957

     Number of occupied Hubbard levels =   31.4932

     HUBBARD ENERGY =    0.1366  (Ry)

     total cpu time spent up to now is       42.6 secs

     total energy              =    -902.22230743 Ry
     estimated scf accuracy    <       0.00000030 Ry

     iteration #  9     ecut=    80.00 Ry     beta= 0.30
     Davidson diagonalization with overlap

---- Real-time Memory Report at c_bands before calling an iterative solver
           123 MiB given to the printing process from OS
             0 MiB allocation reported by mallinfo(arena+hblkhd)
         38377 MiB available memory on the node where the printing process lives
------------------
     ethr =  5.86E-10,  avg # of iterations =  2.0

     =================== HUBBARD OCCUPATIONS ===================
     ------------------------ ATOM    1 ------------------------
     Tr[ns(  1)] =   9.98511
     eigenvalues:
       0.997  0.998  0.998  1.000  1.000
     eigenvectors (columns):
       1.000 -0.000 -0.000  0.000  0.000
       0.000  0.000 -0.000 -1.000  0.009
      -0.000 -0.000  0.000  0.009  1.000
      -0.000 -0.996  0.093 -0.000 -0.000
       0.000  0.093  0.996 -0.000 -0.000
     occupation matrix ns (before diag.):
       0.997 -0.000  0.000  0.000 -0.000
      -0.000  1.000  0.000  0.000  0.000
       0.000  0.000  1.000 -0.000 -0.000
       0.000  0.000 -0.000  0.998  0.000
      -0.000  0.000 -0.000  0.000  0.998
     ------------------------ ATOM    2 ------------------------
     Tr[ns(  2)] =   9.98511
     eigenvalues:
       0.997  0.998  0.998  1.000  1.000
     eigenvectors (columns):
       1.000  0.000 -0.000 -0.000  0.000
       0.000 -0.000  0.000  1.000  0.009
      -0.000  0.000  0.000 -0.009  1.000
      -0.000  0.996  0.093  0.000 -0.000
       0.000 -0.093  0.996 -0.000 -0.000
     occupation matrix ns (before diag.):
       0.997 -0.000  0.000  0.000 -0.000
      -0.000  1.000  0.000  0.000 -0.000
       0.000  0.000  1.000 -0.000 -0.000
       0.000  0.000 -0.000  0.998  0.000
      -0.000 -0.000 -0.000  0.000  0.998
     ------------------------ ATOM    3 ------------------------
     Tr[ns(  3)] =   5.76166
     eigenvalues:
       0.957  0.957  0.967
     eigenvectors (columns):
      -0.000 -0.000  1.000
      -0.897 -0.443 -0.000
      -0.443  0.897  0.000
     occupation matrix ns (before diag.):
       0.967 -0.000  0.000
      -0.000  0.957 -0.000
       0.000 -0.000  0.957
     ------------------------ ATOM    4 ------------------------
     Tr[ns(  4)] =   5.76166
     eigenvalues:
       0.957  0.957  0.967
     eigenvectors (columns):
      -0.000 -0.000  1.000
      -0.897 -0.443 -0.000
      -0.443  0.897  0.000
     occupation matrix ns (before diag.):
       0.967 -0.000  0.000
      -0.000  0.957 -0.000
       0.000 -0.000  0.957

     Number of occupied Hubbard levels =   31.4935

     HUBBARD ENERGY =    0.1365  (Ry)

     total cpu time spent up to now is       47.9 secs

     total energy              =    -902.22230752 Ry
     estimated scf accuracy    <       0.00000015 Ry

     iteration # 10     ecut=    80.00 Ry     beta= 0.30
     Davidson diagonalization with overlap

---- Real-time Memory Report at c_bands before calling an iterative solver
           124 MiB given to the printing process from OS
             0 MiB allocation reported by mallinfo(arena+hblkhd)
         38388 MiB available memory on the node where the printing process lives
------------------
     ethr =  2.85E-10,  avg # of iterations =  2.0

     =================== HUBBARD OCCUPATIONS ===================
     ------------------------ ATOM    1 ------------------------
     Tr[ns(  1)] =   9.98510
     eigenvalues:
       0.997  0.998  0.998  1.000  1.000
     eigenvectors (columns):
       1.000 -0.000 -0.000  0.000  0.000
       0.000  0.000 -0.000 -1.000  0.009
      -0.000 -0.000  0.000  0.009  1.000
      -0.000 -0.996  0.093 -0.000 -0.000
       0.000  0.093  0.996 -0.000 -0.000
     occupation matrix ns (before diag.):
       0.997 -0.000  0.000  0.000 -0.000
      -0.000  1.000  0.000  0.000  0.000
       0.000  0.000  1.000 -0.000 -0.000
       0.000  0.000 -0.000  0.998  0.000
      -0.000  0.000 -0.000  0.000  0.998
     ------------------------ ATOM    2 ------------------------
     Tr[ns(  2)] =   9.98510
     eigenvalues:
       0.997  0.998  0.998  1.000  1.000
     eigenvectors (columns):
       1.000  0.000 -0.000 -0.000  0.000
       0.000 -0.000  0.000  1.000  0.009
      -0.000  0.000  0.000 -0.009  1.000
      -0.000  0.996  0.093  0.000 -0.000
       0.000 -0.093  0.996 -0.000 -0.000
     occupation matrix ns (before diag.):
       0.997 -0.000  0.000  0.000 -0.000
      -0.000  1.000  0.000  0.000 -0.000
       0.000  0.000  1.000 -0.000 -0.000
       0.000  0.000 -0.000  0.998  0.000
      -0.000 -0.000 -0.000  0.000  0.998
     ------------------------ ATOM    3 ------------------------
     Tr[ns(  3)] =   5.76160
     eigenvalues:
       0.957  0.957  0.967
     eigenvectors (columns):
      -0.000 -0.000  1.000
      -0.897 -0.443 -0.000
      -0.443  0.897  0.000
     occupation matrix ns (before diag.):
       0.967 -0.000  0.000
      -0.000  0.957 -0.000
       0.000 -0.000  0.957
     ------------------------ ATOM    4 ------------------------
     Tr[ns(  4)] =   5.76160
     eigenvalues:
       0.957  0.957  0.967
     eigenvectors (columns):
      -0.000 -0.000  1.000
      -0.897 -0.443 -0.000
      -0.443  0.897  0.000
     occupation matrix ns (before diag.):
       0.967 -0.000  0.000
      -0.000  0.957 -0.000
       0.000 -0.000  0.957

     Number of occupied Hubbard levels =   31.4934

     HUBBARD ENERGY =    0.1365  (Ry)

     total cpu time spent up to now is       52.5 secs

     total energy              =    -902.22230753 Ry
     estimated scf accuracy    <       0.00000002 Ry

     iteration # 11     ecut=    80.00 Ry     beta= 0.30
     Davidson diagonalization with overlap

---- Real-time Memory Report at c_bands before calling an iterative solver
           124 MiB given to the printing process from OS
             0 MiB allocation reported by mallinfo(arena+hblkhd)
         38411 MiB available memory on the node where the printing process lives
------------------
     ethr =  2.93E-11,  avg # of iterations =  2.0

     =================== HUBBARD OCCUPATIONS ===================
     ------------------------ ATOM    1 ------------------------
     Tr[ns(  1)] =   9.98510
     eigenvalues:
       0.997  0.998  0.998  1.000  1.000
     eigenvectors (columns):
       1.000 -0.000 -0.000  0.000  0.000
       0.000  0.000 -0.000 -1.000  0.009
      -0.000 -0.000  0.000  0.009  1.000
      -0.000 -0.996  0.093 -0.000 -0.000
       0.000  0.093  0.996 -0.000 -0.000
     occupation matrix ns (before diag.):
       0.997 -0.000  0.000  0.000 -0.000
      -0.000  1.000  0.000  0.000  0.000
       0.000  0.000  1.000 -0.000 -0.000
       0.000  0.000 -0.000  0.998  0.000
      -0.000  0.000 -0.000  0.000  0.998
     ------------------------ ATOM    2 ------------------------
     Tr[ns(  2)] =   9.98510
     eigenvalues:
       0.997  0.998  0.998  1.000  1.000
     eigenvectors (columns):
       1.000  0.000 -0.000 -0.000  0.000
       0.000 -0.000  0.000  1.000  0.009
      -0.000  0.000  0.000 -0.009  1.000
      -0.000  0.996  0.093  0.000 -0.000
       0.000 -0.093  0.996 -0.000 -0.000
     occupation matrix ns (before diag.):
       0.997 -0.000  0.000  0.000 -0.000
      -0.000  1.000  0.000  0.000 -0.000
       0.000  0.000  1.000 -0.000 -0.000
       0.000  0.000 -0.000  0.998  0.000
      -0.000 -0.000 -0.000  0.000  0.998
     ------------------------ ATOM    3 ------------------------
     Tr[ns(  3)] =   5.76160
     eigenvalues:
       0.957  0.957  0.967
     eigenvectors (columns):
      -0.000 -0.000  1.000
      -0.897 -0.443 -0.000
      -0.443  0.897  0.000
     occupation matrix ns (before diag.):
       0.967 -0.000  0.000
      -0.000  0.957 -0.000
       0.000 -0.000  0.957
     ------------------------ ATOM    4 ------------------------
     Tr[ns(  4)] =   5.76160
     eigenvalues:
       0.957  0.957  0.967
     eigenvectors (columns):
      -0.000 -0.000  1.000
      -0.897 -0.443 -0.000
      -0.443  0.897  0.000
     occupation matrix ns (before diag.):
       0.967 -0.000  0.000
      -0.000  0.957 -0.000
       0.000 -0.000  0.957

     Number of occupied Hubbard levels =   31.4934

     HUBBARD ENERGY =    0.1365  (Ry)

     total cpu time spent up to now is       57.7 secs

     End of self-consistent calculation

          k = 0.0000 0.0000 0.0000 (  3861 PWs)   bands (ev):

  -113.7272-113.7263 -68.0498 -68.0260 -67.8885 -67.8885 -67.8846 -67.8846
    -7.8382  -7.6599  -1.2450  -1.2450  -1.2278  -1.2278   0.3927   0.3927
     0.4006   0.6708   0.6708   1.5045   1.5790   6.3605   7.2741   7.2741
     7.6789   7.6789  11.1497  14.9253  18.1198  22.7361  22.7361  23.9013
    23.9013  25.1514  25.8050  28.8948

     occupation numbers 
     1.0000   1.0000   1.0000   1.0000   1.0000   1.0000   1.0000   1.0000
     1.0000   1.0000   1.0000   1.0000   1.0000   1.0000   1.0000   1.0000
     1.0000   1.0000   1.0000   1.0000   1.0000   1.0000   1.0000   1.0000
     1.0000   1.0000   0.0000   0.0000   0.0000   0.0000   0.0000   0.0000
     0.0000   0.0000   0.0000   0.0000

          k = 0.0000 0.0000 0.1563 (  3874 PWs)   bands (ev):

  -113.7300-113.7293 -68.0447 -68.0278 -67.8879 -67.8879 -67.8852 -67.8852
    -7.8260  -7.6965  -1.2544  -1.2544  -1.2435  -1.2435   0.3071   0.4457
     0.4457   0.5764   0.6411   0.6411   2.9393   5.7228   7.3390   7.3390
     7.6254   7.6254  11.9455  14.5902  18.4372  22.4347  22.7406  22.7406
    23.5116  23.5116  27.1615  29.2295

     occupation numbers 
     1.0000   1.0000   1.0000   1.0000   1.0000   1.0000   1.0000   1.0000
     1.0000   1.0000   1.0000   1.0000   1.0000   1.0000   1.0000   1.0000
     1.0000   1.0000   1.0000   1.0000   1.0000   1.0000   1.0000   1.0000
     1.0000   1.0000   0.0000   0.0000   0.0000   0.0000   0.0000   0.0000
     0.0000   0.0000   0.0000   0.0000

          k = 0.0000 0.0000-0.3126 (  3808 PWs)   bands (ev):

  -113.7326-113.7326 -68.0346 -68.0346 -67.8865 -67.8865 -67.8865 -67.8865
    -7.7739  -7.7739  -1.2613  -1.2613  -1.2613  -1.2613   0.2306   0.2306
     0.5548   0.5548   0.5548   0.5548   4.4220   4.4220   7.4879   7.4879
     7.4879   7.4879  13.4491  13.4491  19.8381  19.8381  22.9570  22.9570
    22.9570  22.9570  28.2190  28.2190

     occupation numbers 
     1.0000   1.0000   1.0000   1.0000   1.0000   1.0000   1.0000   1.0000
     1.0000   1.0000   1.0000   1.0000   1.0000   1.0000   1.0000   1.0000
     1.0000   1.0000   1.0000   1.0000   1.0000   1.0000   1.0000   1.0000
     1.0000   1.0000   0.0000   0.0000   0.0000   0.0000   0.0000   0.0000
     0.0000   0.0000   0.0000   0.0000

          k = 0.0000 0.1925 0.0000 (  3859 PWs)   bands (ev):

  -113.7464-113.7424 -68.0460 -68.0257 -67.8925 -67.8881 -67.8876 -67.8828
    -7.7577  -7.5534  -1.2888  -1.1890  -1.0025  -0.9378   0.0093   0.2442
     0.3429   0.4644   0.6866   1.4927   2.6503   6.1061   6.4007   6.4508
     6.6827   7.2043  12.4613  15.9436  17.9769  20.7277  22.5094  23.1934
    23.2627  24.8329  27.0559  27.1051

     occupation numbers 
     1.0000   1.0000   1.0000   1.0000   1.0000   1.0000   1.0000   1.0000
     1.0000   1.0000   1.0000   1.0000   1.0000   1.0000   1.0000   1.0000
     1.0000   1.0000   1.0000   1.0000   1.0000   1.0000   1.0000   1.0000
     1.0000   1.0000   0.0000   0.0000   0.0000   0.0000   0.0000   0.0000
     0.0000   0.0000   0.0000   0.0000

          k = 0.0000 0.1925 0.1563 (  3856 PWs)   bands (ev):

  -113.7485-113.7456 -68.0415 -68.0271 -67.8919 -67.8887 -67.8868 -67.8835
    -7.7313  -7.5817  -1.2973  -1.2289  -1.0063  -0.9626  -0.1098   0.0272
     0.4065   0.6212   0.6472   1.1401   3.4457   5.5545   6.3041   6.7647
     6.8525   7.1337  12.9716  15.4618  18.2865  20.8985  21.7334  22.3013
    23.2783  24.1817  27.1995  28.3609

     occupation numbers 
     1.0000   1.0000   1.0000   1.0000   1.0000   1.0000   1.0000   1.0000
     1.0000   1.0000   1.0000   1.0000   1.0000   1.0000   1.0000   1.0000
     1.0000   1.0000   1.0000   1.0000   1.0000   1.0000   1.0000   1.0000
     1.0000   1.0000   0.0000   0.0000   0.0000   0.0000   0.0000   0.0000
     0.0000   0.0000   0.0000   0.0000

          k = 0.0000 0.1925-0.3126 (  3854 PWs)   bands (ev):

  -113.7497-113.7497 -68.0327 -68.0327 -67.8903 -67.8903 -67.8851 -67.8851
    -7.6578  -7.6578  -1.2882  -1.2882  -0.9983  -0.9983  -0.1779  -0.1779
     0.5385   0.5385   0.8426   0.8426   4.5793   4.5793   6.6808   6.6808
     6.9549   6.9549  14.2161  14.2161  19.5478  19.5478  21.5906  21.5906
    23.5141  23.5141  28.6659  28.6659

     occupation numbers 
     1.0000   1.0000   1.0000   1.0000   1.0000   1.0000   1.0000   1.0000
     1.0000   1.0000   1.0000   1.0000   1.0000   1.0000   1.0000   1.0000
     1.0000   1.0000   1.0000   1.0000   1.0000   1.0000   1.0000   1.0000
     1.0000   1.0000   0.0000   0.0000   0.0000   0.0000   0.0000   0.0000
     0.0000   0.0000   0.0000   0.0000

          k = 0.0000 0.3849 0.0000 (  3863 PWs)   bands (ev):

  -113.7802-113.7724 -68.0380 -68.0256 -67.9006 -67.8950 -67.8877 -67.8815
    -7.5655  -7.3694  -1.0940  -0.8106  -0.4484  -0.3820  -0.2881  -0.0922
     0.2565   0.5897   0.7050   1.3904   3.9524   4.1446   4.3067   5.4663
     6.1897   6.4806  14.5448  17.3944  17.7855  18.8191  20.5217  21.3799
    24.1773  25.6698  25.8089  27.1660

     occupation numbers 
     1.0000   1.0000   1.0000   1.0000   1.0000   1.0000   1.0000   1.0000
     1.0000   1.0000   1.0000   1.0000   1.0000   1.0000   1.0000   1.0000
     1.0000   1.0000   1.0000   1.0000   1.0000   1.0000   1.0000   1.0000
     1.0000   1.0000   0.0000   0.0000   0.0000   0.0000   0.0000   0.0000
     0.0000   0.0000   0.0000   0.0000

          k = 0.0000 0.3849 0.1563 (  3854 PWs)   bands (ev):

  -113.7812-113.7757 -68.0348 -68.0260 -67.8997 -67.8958 -67.8866 -67.8823
    -7.5188  -7.3740  -1.1128  -0.9183  -0.5221  -0.3853  -0.3284  -0.3272
     0.3413   0.6494   0.7712   1.2618   3.6216   4.0473   5.1565   5.5805
     6.0914   6.6187  14.6769  16.5522  18.2233  19.0459  20.1557  21.3875
    24.2024  25.0329  25.3891  28.6396

     occupation numbers 
     1.0000   1.0000   1.0000   1.0000   1.0000   1.0000   1.0000   1.0000
     1.0000   1.0000   1.0000   1.0000   1.0000   1.0000   1.0000   1.0000
     1.0000   1.0000   1.0000   1.0000   1.0000   1.0000   1.0000   1.0000
     1.0000   1.0000   0.0000   0.0000   0.0000   0.0000   0.0000   0.0000
     0.0000   0.0000   0.0000   0.0000

          k = 0.0000 0.3849-0.3126 (  3868 PWs)   bands (ev):

  -113.7806-113.7806 -68.0290 -68.0290 -67.8977 -67.8977 -67.8844 -67.8844
    -7.4252  -7.4252  -1.0902  -1.0902  -0.5421  -0.5421  -0.3749  -0.3749
     0.5075   0.5075   1.0308   1.0308   3.7138   3.7138   5.8439   5.8439
     6.2716   6.2716  15.3622  15.3622  18.8843  18.8843  20.4151  20.4151
    24.4118  24.4118  27.0420  27.0420

     occupation numbers 
     1.0000   1.0000   1.0000   1.0000   1.0000   1.0000   1.0000   1.0000
     1.0000   1.0000   1.0000   1.0000   1.0000   1.0000   1.0000   1.0000
     1.0000   1.0000   1.0000   1.0000   1.0000   1.0000   1.0000   1.0000
     1.0000   1.0000   0.0000   0.0000   0.0000   0.0000   0.0000   0.0000
     0.0000   0.0000   0.0000   0.0000

          k = 0.0000-0.5774 0.0000 (  3864 PWs)   bands (ev):

  -113.7908-113.7902 -68.0332 -68.0265 -67.9046 -67.8984 -67.8888 -67.8819
    -7.4560  -7.2991  -0.6335  -0.5348  -0.3627  -0.2899   0.0091   0.1244
     0.2171   0.6690   0.7104   1.1709   2.9585   2.9641   4.7872   4.9895
     5.6279   6.3007  15.9890  17.0784  17.7981  18.2747  19.3509  21.5913
    24.5804  25.2445  25.3818  28.8536

     occupation numbers 
     1.0000   1.0000   1.0000   1.0000   1.0000   1.0000   1.0000   1.0000
     1.0000   1.0000   1.0000   1.0000   1.0000   1.0000   1.0000   1.0000
     1.0000   1.0000   1.0000   1.0000   1.0000   1.0000   1.0000   1.0000
     1.0000   1.0000   0.0000   0.0000   0.0000   0.0000   0.0000   0.0000
     0.0000   0.0000   0.0000   0.0000

          k = 0.0000-0.5774 0.1563 (  3860 PWs)   bands (ev):

  -113.7927-113.7923 -68.0308 -68.0261 -67.9037 -67.8993 -67.8876 -67.8828
    -7.4046  -7.2891  -0.7613  -0.6991  -0.4096  -0.3928   0.0060   0.0569
     0.3299   0.6460   0.8206   1.1319   2.7967   2.8168   4.9229   5.5155
     5.6180   6.5595  15.6353  16.6931  18.2058  18.3798  19.3613  21.3241
    24.5933  25.0508  25.0739  29.7904

     occupation numbers 
     1.0000   1.0000   1.0000   1.0000   1.0000   1.0000   1.0000   1.0000
     1.0000   1.0000   1.0000   1.0000   1.0000   1.0000   1.0000   1.0000
     1.0000   1.0000   1.0000   1.0000   1.0000   1.0000   1.0000   1.0000
     1.0000   1.0000   0.0000   0.0000   0.0000   0.0000   0.0000   0.0000
     0.0000   0.0000   0.0000   0.0000

          k = 0.0000-0.5774-0.3126 (  3860 PWs)   bands (ev):

  -113.7945-113.7945 -68.0271 -68.0271 -67.9015 -67.9015 -67.8850 -67.8850
    -7.3155  -7.3155  -0.8942  -0.8942  -0.4376  -0.4376   0.0120   0.0120
     0.4965   0.4965   1.0147   1.0147   2.6984   2.6984   5.2307   5.2307
     6.4872   6.4872  15.7988  15.7988  18.5472  18.5472  20.0590  20.0590
    24.7171  24.7171  26.8002  26.8002

     occupation numbers 
     1.0000   1.0000   1.0000   1.0000   1.0000   1.0000   1.0000   1.0000
     1.0000   1.0000   1.0000   1.0000   1.0000   1.0000   1.0000   1.0000
     1.0000   1.0000   1.0000   1.0000   1.0000   1.0000   1.0000   1.0000
     1.0000   1.0000   0.0000   0.0000   0.0000   0.0000   0.0000   0.0000
     0.0000   0.0000   0.0000   0.0000

          k = 0.1667 0.2887 0.0000 (  3843 PWs)   bands (ev):

  -113.7723-113.7644 -68.0402 -68.0255 -67.9022 -67.8957 -67.8840 -67.8793
    -7.6139  -7.4134  -1.1761  -1.0379  -0.5101  -0.4198  -0.3406  -0.0236
     0.2725   0.5556   0.6883   1.4469   3.7765   4.7817   4.8419   5.5839
     6.1884   6.5016  14.0997  17.3715  17.8581  19.4247  21.1282  21.5129
    23.5215  24.4914  25.4625  29.4272

     occupation numbers 
     1.0000   1.0000   1.0000   1.0000   1.0000   1.0000   1.0000   1.0000
     1.0000   1.0000   1.0000   1.0000   1.0000   1.0000   1.0000   1.0000
     1.0000   1.0000   1.0000   1.0000   1.0000   1.0000   1.0000   1.0000
     1.0000   1.0000   0.0000   0.0000   0.0000   0.0000   0.0000   0.0000
     0.0000   0.0000   0.0000   0.0000

          k = 0.1667 0.2887 0.1563 (  3860 PWs)   bands (ev):

  -113.7734-113.7679 -68.0366 -68.0262 -67.9013 -67.8966 -67.8832 -67.8799
    -7.5718  -7.4239  -1.1909  -1.1057  -0.5169  -0.4622  -0.4360  -0.2482
     0.3435   0.6144   0.7587   1.2738   3.9273   4.6145   5.3477   5.5807
     6.0917   6.6818  14.3550  16.5363  18.2400  19.6070  20.7795  21.2631
    23.1249  24.9179  25.7450  29.0050

     occupation numbers 
     1.0000   1.0000   1.0000   1.0000   1.0000   1.0000   1.0000   1.0000
     1.0000   1.0000   1.0000   1.0000   1.0000   1.0000   1.0000   1.0000
     1.0000   1.0000   1.0000   1.0000   1.0000   1.0000   1.0000   1.0000
     1.0000   1.0000   0.0000   0.0000   0.0000   0.0000   0.0000   0.0000
     0.0000   0.0000   0.0000   0.0000

          k = 0.1667 0.2887-0.3126 (  3872 PWs)   bands (ev):

  -113.7729-113.7729 -68.0299 -68.0299 -67.8989 -67.8989 -67.8815 -67.8815
    -7.4820  -7.4820  -1.1954  -1.1954  -0.5129  -0.5129  -0.4725  -0.4725
     0.4960   0.4960   1.0121   1.0121   4.2199   4.2199   5.7897   5.7897
     6.3698   6.3698  15.2327  15.2327  19.1460  19.1460  20.5776  20.5776
    23.8566  23.8566  28.0974  28.0974

     occupation numbers 
     1.0000   1.0000   1.0000   1.0000   1.0000   1.0000   1.0000   1.0000
     1.0000   1.0000   1.0000   1.0000   1.0000   1.0000   1.0000   1.0000
     1.0000   1.0000   1.0000   1.0000   1.0000   1.0000   1.0000   1.0000
     1.0000   1.0000   0.0000   0.0000   0.0000   0.0000   0.0000   0.0000
     0.0000   0.0000   0.0000   0.0000

          k = 0.1667 0.4811 0.0000 (  3846 PWs)   bands (ev):

  -113.7914-113.7867 -68.0333 -68.0265 -67.9135 -67.9043 -67.8807 -67.8770
    -7.4442  -7.3143  -0.6676  -0.5038  -0.4617  -0.2651   0.1321   0.1505
     0.2354   0.6874   0.7006   1.3628   3.0992   3.3699   4.1952   4.9845
     5.0389   6.3070  16.0946  18.0578  18.1364  18.3279  19.7565  21.5146
    21.9632  24.2351  26.6411  29.8341

     occupation numbers 
     1.0000   1.0000   1.0000   1.0000   1.0000   1.0000   1.0000   1.0000
     1.0000   1.0000   1.0000   1.0000   1.0000   1.0000   1.0000   1.0000
     1.0000   1.0000   1.0000   1.0000   1.0000   1.0000   1.0000   1.0000
     1.0000   1.0000   0.0000   0.0000   0.0000   0.0000   0.0000   0.0000
     0.0000   0.0000   0.0000   0.0000

          k = 0.1667 0.4811 0.1563 (  3855 PWs)   bands (ev):

  -113.7927-113.7894 -68.0310 -68.0261 -67.9121 -67.9057 -67.8800 -67.8774
    -7.3966  -7.3007  -0.7209  -0.6431  -0.5006  -0.4585   0.0795   0.1316
     0.3309   0.5759   0.9108   1.2978   2.9969   3.2076   4.2101   4.8656
     5.7248   6.6137  15.9858  17.2149  18.4588  18.6196  19.4791  20.8627
    22.7437  24.6585  26.7804  29.2300

     occupation numbers 
     1.0000   1.0000   1.0000   1.0000   1.0000   1.0000   1.0000   1.0000
     1.0000   1.0000   1.0000   1.0000   1.0000   1.0000   1.0000   1.0000
     1.0000   1.0000   1.0000   1.0000   1.0000   1.0000   1.0000   1.0000
     1.0000   1.0000   0.0000   0.0000   0.0000   0.0000   0.0000   0.0000
     0.0000   0.0000   0.0000   0.0000

          k = 0.1667 0.4811-0.3126 (  3864 PWs)   bands (ev):

  -113.7930-113.7930 -68.0272 -68.0272 -67.9089 -67.9089 -67.8786 -67.8786
    -7.3173  -7.3173  -0.8166  -0.8166  -0.5413  -0.5413   0.0864   0.0864
     0.4569   0.4569   1.1368   1.1368   3.0053   3.0053   4.5114   4.5114
     6.6080   6.6080  16.2488  16.2488  18.7517  18.7517  19.7173  19.7173
    24.3110  24.3110  27.4200  27.4200

     occupation numbers 
     1.0000   1.0000   1.0000   1.0000   1.0000   1.0000   1.0000   1.0000
     1.0000   1.0000   1.0000   1.0000   1.0000   1.0000   1.0000   1.0000
     1.0000   1.0000   1.0000   1.0000   1.0000   1.0000   1.0000   1.0000
     1.0000   1.0000   0.0000   0.0000   0.0000   0.0000   0.0000   0.0000
     0.0000   0.0000   0.0000   0.0000

          k = 0.3333 0.5774 0.0000 (  3867 PWs)   bands (ev):

  -113.7940-113.7940 -68.0290 -68.0290 -67.9223 -67.9107 -67.8750 -67.8750
    -7.3409  -7.3409  -0.3397  -0.3397  -0.2227  -0.2227  -0.0507   0.2741
     0.3834   0.6687   1.6366   1.6366   2.0209   3.2458   3.2458   3.7263
     5.8060   5.8060  17.7462  17.7462  18.4036  19.2120  19.5308  19.5308
    22.6275  24.3637  24.3637  31.1833

     occupation numbers 
     1.0000   1.0000   1.0000   1.0000   1.0000   1.0000   1.0000   1.0000
     1.0000   1.0000   1.0000   1.0000   1.0000   1.0000   1.0000   1.0000
     1.0000   1.0000   1.0000   1.0000   1.0000   1.0000   1.0000   1.0000
     1.0000   1.0000   0.0000   0.0000   0.0000   0.0000   0.0000   0.0000
     0.0000   0.0000   0.0000   0.0000

          k = 0.3333 0.5774 0.1563 (  3837 PWs)   bands (ev):

  -113.7959-113.7959 -68.0276 -68.0276 -67.9205 -67.9124 -67.8748 -67.8748
    -7.3063  -7.3063  -0.5276  -0.5276  -0.2174  -0.2174   0.0056   0.2909
     0.3682   0.4710   1.6520   1.6520   2.3553   3.0554   3.0554   3.5171
     6.3179   6.3179  17.5574  17.5574  18.4634  18.9800  19.0911  19.0911
    23.5717  25.0376  25.0376  29.0608

     occupation numbers 
     1.0000   1.0000   1.0000   1.0000   1.0000   1.0000   1.0000   1.0000
     1.0000   1.0000   1.0000   1.0000   1.0000   1.0000   1.0000   1.0000
     1.0000   1.0000   1.0000   1.0000   1.0000   1.0000   1.0000   1.0000
     1.0000   1.0000   0.0000   0.0000   0.0000   0.0000   0.0000   0.0000
     0.0000   0.0000   0.0000   0.0000

          k = 0.3333 0.5774-0.3126 (  3864 PWs)   bands (ev):

  -113.7977-113.7977 -68.0263 -68.0263 -67.9164 -67.9164 -67.8747 -67.8747
    -7.2709  -7.2709  -0.7000  -0.7000  -0.2241  -0.2241   0.1836   0.1836
     0.3304   0.3304   1.6657   1.6657   2.9221   2.9221   2.9828   2.9828
     6.7846   6.7846  17.2758  17.2758  18.6545  18.6545  18.8131  18.8131
    25.6709  25.6709  25.9161  25.9161

     occupation numbers 
     1.0000   1.0000   1.0000   1.0000   1.0000   1.0000   1.0000   1.0000
     1.0000   1.0000   1.0000   1.0000   1.0000   1.0000   1.0000   1.0000
     1.0000   1.0000   1.0000   1.0000   1.0000   1.0000   1.0000   1.0000
     1.0000   1.0000   0.0000   0.0000   0.0000   0.0000   0.0000   0.0000
     0.0000   0.0000   0.0000   0.0000

     highest occupied, lowest unoccupied level (ev):     7.6789   11.1497

!    total energy              =    -902.22230753 Ry
     estimated scf accuracy    <          5.3E-10 Ry

     The total energy is the sum of the following terms:
     one-electron contribution =    -617.00469120 Ry
     hartree contribution      =     328.22836395 Ry
     xc contribution           =    -107.09019200 Ry
     ewald contribution        =    -506.49228984 Ry
     Hubbard energy            =       0.13650156 Ry

     convergence has been achieved in  11 iterations

     Writing all to output data dir ./tmp_qe/ZnO_PBEU_NEB_7/ZnO_PBEU_NEB.save/ :
     XML data file, charge density, pseudopotentials, collected wavefunctions

     Forces acting on atoms (cartesian axes, Ry/au):

     atom    1 type  1   force =     0.00000000    0.00000000    0.00000820
     atom    2 type  1   force =     0.00000000    0.00000000    0.00000820
     atom    3 type  2   force =    -0.00000000   -0.00000000   -0.00000820
     atom    4 type  2   force =    -0.00000000   -0.00000000   -0.00000820
     The non-local contrib.  to forces
     atom    1 type  1   force =     0.00000000    0.00000000    0.00001047
     atom    2 type  1   force =    -0.00000000   -0.00000000    0.00001047
     atom    3 type  2   force =    -0.00000000   -0.00000000    0.00000230
     atom    4 type  2   force =     0.00000000    0.00000000    0.00000230
     The ionic contribution  to forces
     atom    1 type  1   force =     0.00000003   -0.00000002    0.00000000
     atom    2 type  1   force =    -0.00000003    0.00000002    0.00000000
     atom    3 type  2   force =     0.00000003   -0.00000002   -0.00000000
     atom    4 type  2   force =    -0.00000003    0.00000002   -0.00000000
     The local contribution  to forces
     atom    1 type  1   force =     0.00000006   -0.00000003    0.00000387
     atom    2 type  1   force =    -0.00000020    0.00000011    0.00000387
     atom    3 type  2   force =    -0.00000001    0.00000001    0.00000492
     atom    4 type  2   force =     0.00000000   -0.00000000    0.00000492
     The core correction contribution to forces
     atom    1 type  1   force =    -0.00000000    0.00000000   -0.00002706
     atom    2 type  1   force =     0.00000000   -0.00000000   -0.00002706
     atom    3 type  2   force =    -0.00000000    0.00000000   -0.00003640
     atom    4 type  2   force =     0.00000000   -0.00000000   -0.00003640
     The Hubbard contrib.    to forces
     atom    1 type  1   force =     0.00000000    0.00000000    0.00000001
     atom    2 type  1   force =     0.00000000   -0.00000000    0.00000001
     atom    3 type  2   force =    -0.00000000    0.00000000   -0.00000007
     atom    4 type  2   force =     0.00000000   -0.00000000   -0.00000007
     The SCF correction term to forces
     atom    1 type  1   force =     0.00000000   -0.00000000    0.00000007
     atom    2 type  1   force =    -0.00000000    0.00000000    0.00000007
     atom    3 type  2   force =     0.00000000   -0.00000000    0.00000022
     atom    4 type  2   force =    -0.00000000    0.00000000    0.00000022

     Total force =     0.000016     Total SCF correction =     0.000000
