 +-----------------------------------------------------------------+
 +                         Program ALM                             +
 +                             Ver.  1.5.0                         +
 +-----------------------------------------------------------------+

 Number of OpenMP threads = 2

 Job started at Thu Apr 16 19:02:17 2026


 Input variables:
 -------------------------------------------------------------------
 General:
  PREFIX = pbeu_mlff
  MODE = optimize
  NAT = 32; NKD = 2
  PRINTSYM = 0; TOLERANCE = 0.001
  KD =   Zn   O
  FCSYM_BASIS = Lattice
  PERIODIC =   1  1  1
  MAGMOM = 
  FCS_ALAMODE = 1;  NMAXSAVE = 5
  FC3_SHENGBTE = 0
  FC4_SHENGBTE = 0
  FC2_QEFC = 0
  HESSIAN = 0
  FC_ZERO_THR = 1e-12

 Interaction:
  NORDER = 1
  NBODY =   2

 Optimize:
  LMODEL = least-squares
  DFSET = XFSET_harmonic
  NDATA = 10; NSTART = 1; NEND = 10   SKIP = 

  ICONST = 11
  ROTAXIS = 
  FC2XML = 
  FC3XML = 

  SPARSE = 0
  SPARSESOLVER = SimplicialLDLT
  CONV_TOL = 1e-08
  MAXITER = 10000
  PERIODIC_IMAGE_CONV = 1

 -------------------------------------------------------------------

 SYSTEM
 ======

  Lattice Vector
    1.225949e+01   0.000000e+00   0.000000e+00 : a1
   -6.129744e+00   1.061703e+01   0.000000e+00 : a2
    0.000000e+00   0.000000e+00   1.961161e+01 : a3

  Cell volume = 2.552635e+03

  Reciprocal Lattice Vector
    5.125161e-01   2.959013e-01  -0.000000e+00 : b1
    0.000000e+00   5.918026e-01   0.000000e+00 : b2
    0.000000e+00  -0.000000e+00   3.203808e-01 : b3

  Atomic species:
     1   Zn
     2    O

  Atomic positions in fractional basis and atomic species
     1   1.666667e-01   3.333333e-01   9.996001e-01    1
     2   3.333333e-01   1.666667e-01   2.496001e-01    1
     3   1.666667e-01   3.333333e-01   1.903999e-01    2
     4   3.333333e-01   1.666667e-01   4.403999e-01    2
     5   1.666667e-01   3.333333e-01   4.996001e-01    1
     6   3.333333e-01   1.666667e-01   7.496001e-01    1
     7   1.666667e-01   3.333333e-01   6.903999e-01    2
     8   3.333333e-01   1.666667e-01   9.403999e-01    2
     9   1.666667e-01   8.333333e-01   9.996001e-01    1
    10   3.333333e-01   6.666667e-01   2.496001e-01    1
    11   1.666667e-01   8.333333e-01   1.903999e-01    2
    12   3.333333e-01   6.666667e-01   4.403999e-01    2
    13   1.666667e-01   8.333333e-01   4.996001e-01    1
    14   3.333333e-01   6.666667e-01   7.496001e-01    1
    15   1.666667e-01   8.333333e-01   6.903999e-01    2
    16   3.333333e-01   6.666667e-01   9.403999e-01    2
    17   6.666667e-01   3.333333e-01   9.996001e-01    1
    18   8.333333e-01   1.666667e-01   2.496001e-01    1
    19   6.666667e-01   3.333333e-01   1.903999e-01    2
    20   8.333333e-01   1.666667e-01   4.403999e-01    2
    21   6.666667e-01   3.333333e-01   4.996001e-01    1
    22   8.333333e-01   1.666667e-01   7.496001e-01    1
    23   6.666667e-01   3.333333e-01   6.903999e-01    2
    24   8.333333e-01   1.666667e-01   9.403999e-01    2
    25   6.666667e-01   8.333333e-01   9.996001e-01    1
    26   8.333333e-01   6.666667e-01   2.496001e-01    1
    27   6.666667e-01   8.333333e-01   1.903999e-01    2
    28   8.333333e-01   6.666667e-01   4.403999e-01    2
    29   6.666667e-01   8.333333e-01   4.996001e-01    1
    30   8.333333e-01   6.666667e-01   7.496001e-01    1
    31   6.666667e-01   8.333333e-01   6.903999e-01    2
    32   8.333333e-01   6.666667e-01   9.403999e-01    2


  Time Elapsed: 0.005424 sec.

 -------------------------------------------------------------------

 SYMMETRY
 ========

  Space group: P6_3mc (186)
  Number of symmetry operations = 96

  Given system is not a primitive cell.
  There are     8 translation operations.
  Primitive cell contains 4 atoms

  **Cell-Atom Correspondens Below**
  CELL |  ATOM
     1 |     1    2    3    4
     2 |     5    6    7    8
     3 |     9   10   11   12
     4 |    13   14   15   16
     5 |    17   18   19   20
     6 |    21   22   23   24
     7 |    25   26   27   28
     8 |    29   30   31   32

  Time Elapsed: 0.01521 sec.

 -------------------------------------------------------------------

 INTERACTION
 ===========

check permutation symmetry of the clusters.
(if no message is printed out, the permutation symmetry is satisfied.)
done.

  +++ Cutoff Radii Matrix (NKD x NKD matrix) +++
   HARMONIC
     None     None
     None     None


  List of neighboring atoms below.
  Format [N th-nearest shell, distance (Number of atoms on the shell)]

    1 ( Zn):   1   3.72459 (  3) -   8(  O)  16(  O)  24(  O)
               2   3.74189 (  1) -   3(  O)
               3   6.04674 (  6) -   2( Zn)   6( Zn)  10( Zn)  14( Zn)
                                    18( Zn)  22( Zn)
               4   6.06391 (  1) -   7(  O)
               5   6.12974 (  3) -   9( Zn)  17( Zn)  25( Zn)
               6   7.17261 (  1) -  32(  O)
               7   7.18161 (  3) -  11(  O)  19(  O)  27(  O)
               8   8.61027 (  2) -  26( Zn)  30( Zn)
               9   8.62234 (  3) -  15(  O)  23(  O)  31(  O)
              10   9.34115 (  3) -   4(  O)  12(  O)  20(  O)
              11   9.80581 (  1) -   5( Zn)
              12   11.1728 (  1) -  28(  O)
              13   11.5641 (  3) -  13( Zn)  21( Zn)  29( Zn)

    2 ( Zn):   1   3.72459 (  3) -   3(  O)  11(  O)  19(  O)
               2   3.74189 (  1) -   4(  O)
               3   6.04674 (  6) -   1( Zn)   5( Zn)   9( Zn)  13( Zn)
                                    17( Zn)  21( Zn)
               4   6.06391 (  1) -   8(  O)
               5   6.12974 (  3) -  10( Zn)  18( Zn)  26( Zn)
               6   7.17261 (  1) -  27(  O)
               7   7.18161 (  3) -  12(  O)  20(  O)  28(  O)
               8   8.61027 (  2) -  25( Zn)  29( Zn)
               9   8.62234 (  3) -  16(  O)  24(  O)  32(  O)
              10   9.34115 (  3) -   7(  O)  15(  O)  23(  O)
              11   9.80581 (  1) -   6( Zn)
              12   11.1728 (  1) -  31(  O)
              13   11.5641 (  3) -  14( Zn)  22( Zn)  30( Zn)

    3 (  O):   1   3.72459 (  3) -   2( Zn)  10( Zn)  18( Zn)
               2   3.74189 (  1) -   1( Zn)
               3   6.04674 (  6) -   4(  O)   8(  O)  12(  O)  16(  O)
                                    20(  O)  24(  O)
               4   6.06391 (  1) -   5( Zn)
               5   6.12974 (  3) -  11(  O)  19(  O)  27(  O)
               6   7.17261 (  1) -  26( Zn)
               7   7.18161 (  3) -   9( Zn)  17( Zn)  25( Zn)
               8   8.61027 (  2) -  28(  O)  32(  O)
               9   8.62234 (  3) -  13( Zn)  21( Zn)  29( Zn)
              10   9.34115 (  3) -   6( Zn)  14( Zn)  22( Zn)
              11   9.80581 (  1) -   7(  O)
              12   11.1728 (  1) -  30( Zn)
              13   11.5641 (  3) -  15(  O)  23(  O)  31(  O)

    4 (  O):   1   3.72459 (  3) -   5( Zn)  13( Zn)  21( Zn)
               2   3.74189 (  1) -   2( Zn)
               3   6.04674 (  6) -   3(  O)   7(  O)  11(  O)  15(  O)
                                    19(  O)  23(  O)
               4   6.06391 (  1) -   6( Zn)
               5   6.12974 (  3) -  12(  O)  20(  O)  28(  O)
               6   7.17261 (  1) -  29( Zn)
               7   7.18161 (  3) -  10( Zn)  18( Zn)  26( Zn)
               8   8.61027 (  2) -  27(  O)  31(  O)
               9   8.62234 (  3) -  14( Zn)  22( Zn)  30( Zn)
              10   9.34115 (  3) -   1( Zn)   9( Zn)  17( Zn)
              11   9.80581 (  1) -   8(  O)
              12   11.1728 (  1) -  25( Zn)
              13   11.5641 (  3) -  16(  O)  24(  O)  32(  O)

  Time Elapsed: 0.021023 sec.

 -------------------------------------------------------------------

 FORCE CONSTANT
 ==============

  Symmetry is handled in crystallographic (fractional) coordinates.

  Number of  HARMONIC FCs : 170

  Time Elapsed: 0.02368 sec.

 -------------------------------------------------------------------

 CONSTRAINT
 ==========

  ICONST = 1: Constraints for translational invariance
              will be considered.

  Generating constraints from crystal symmetry
  in crystallographic (fractional) coordinates ...
   HARMONIC done.
  Finished !

  Generating constraints for translational invariance ...
   HARMONIC ... done.
  Finished !

  Number of constraints [T-inv, R-inv (self), R-inv (cross)]:
   HARMONIC     10    0    0

  There are constraints from crystal symmetry.
  The number of such constraints for each order:
   HARMONIC    104

  Constraints of T-inv, R-inv (self), and those from crystal symmetry are merged.
  If there are redundant constraints, they are removed in this process.

  Number of inequivalent constraints (self, cross) : 
   HARMONIC    108    0

  ICONST >= 10 : Constraints will be considered algebraically.

  Number of free HARMONIC FCs : 62

  Time Elapsed: 0.082032 sec.

 -------------------------------------------------------------------

 OPTIMIZATION
 ============

  LMODEL = least-squares

  Training data file (DFSET) : XFSET_harmonic

  NSTART = 1; NEND = 10
  10 entries will be used for training.

  Total Number of Parameters : 170
  Total Number of Free Parameters : 62

  Entering fitting routine: SVD with constraints considered algebraically.
  SVD has started ... finished !

  RANK of the matrix = 62

  Residual sum of squares for the solution: 0.00508477
  Fitting error (%) : 28.2435

  Time Elapsed: 0.108801 sec.

 -------------------------------------------------------------------

 The following files are created:

 Force constants in a human-readable format : pbeu_mlff.fcs
 Input data for the phonon code ANPHON      : pbeu_mlff.xml

 Job finished at Thu Apr 16 19:02:17 2026

