
     Program BANDS v.7.2 starts on 14Oct2025 at 15:20:22 

     This program is part of the open-source Quantum ESPRESSO suite
     for quantum simulation of materials; please cite
         "P. Giannozzi et al., J. Phys.:Condens. Matter 21 395502 (2009);
         "P. Giannozzi et al., J. Phys.:Condens. Matter 29 465901 (2017);
         "P. Giannozzi et al., J. Chem. Phys. 152 154105 (2020);
          URL http://www.quantum-espresso.org", 
     in publications or presentations arising from this work. More details at
     http://www.quantum-espresso.org/quote

     Parallel version (MPI), running on     4 processors

     MPI processes distributed on     1 nodes
     R & G space division:  proc/nbgrp/npool/nimage =       4
     82456 MiB available memory on the printing compute node when the environment starts


     Reading xml data from directory:

     ./ZnO-3.27-1.61-111.save/
     file Zn.upf: wavefunction(s)  3D renormalized

     IMPORTANT: XC functional enforced from input :
     Exchange-correlation= PBE
                           (   1   4   3   4   0   0   0)
     Any further DFT definition will be discarded
     Please, verify this is what you really want


     Parallelization info
     --------------------
     sticks:   dense  smooth     PW     G-vecs:    dense   smooth      PW
     Min         261     129     41                11126     3913     742
     Max         262     130     46                11129     3915     745
     Sum        1045     517    169                44511    15657    2977

     Using Slab Decomposition


     Check: negative core charge=   -0.000002
     Reading collected, re-writing distributed wavefunctions
     high-symmetry point:  0.0000 0.0000 0.0000   x coordinate   0.0000
     high-symmetry point:  0.5000 0.2887 0.0000   x coordinate   0.5774
     high-symmetry point:  0.5000 0.2887 0.3098   x coordinate   0.8871
     high-symmetry point:  0.0000 0.0000 0.3098   x coordinate   1.4645
     high-symmetry point:  0.0000 0.0000 0.0000   x coordinate   1.7743
     high-symmetry point:  0.6666 0.7697 0.0000   x coordinate   2.7925
     high-symmetry point:  0.6666 0.7697 0.3098   x coordinate   3.1023
     high-symmetry point:  0.0000 0.0000 0.3098   x coordinate   4.1206

     Plottable bands (eV) written to file ZnO-band-gap-U.bands.gnu
     Bands written to file ZnO-band-gap-U.bands

 **************************************************************************

                    xk=(   0.00000,   0.00000,   0.00000  )

     point group C_6v (6mm) 
     there are  6 classes
     the character table:

       E     2C6   2C3   C2    3s_v  3s_d 
A_1    1.00  1.00  1.00  1.00  1.00  1.00
A_2    1.00  1.00  1.00  1.00 -1.00 -1.00
B_1    1.00 -1.00  1.00 -1.00  1.00 -1.00
B_2    1.00 -1.00  1.00 -1.00 -1.00  1.00
E_1    2.00  1.00 -1.00 -2.00  0.00  0.00
E_2    2.00 -1.00 -1.00  2.00  0.00  0.00

     the symmetry operations in each class and the name of the first element:

     E        1
                                                                 
     2C6      3    4
                                                                 
     2C3      5    6
                                                                 
     C2       2
                                                                 
     3s_v     8   12   11
                                                                 
     3s_d     7    9   10
                                                                 

     Band symmetry, C_6v (6mm)  point group:

     e(  1 -  1) =    -10.04661  eV     1   --> A_1            
     e(  2 -  2) =     -9.58627  eV     1   --> B_1            
     e(  3 -  3) =     -3.84726  eV     1   --> A_1            
     e(  4 -  5) =     -3.84541  eV     2   --> E_1            
     e(  6 -  7) =     -3.71843  eV     2   --> E_2            
     e(  8 -  9) =     -3.34544  eV     2   --> E_1            
     e( 10 - 11) =     -3.14679  eV     2   --> E_2            
     e( 12 - 12) =     -2.67231  eV     1   --> B_1            
     e( 13 - 13) =      0.42282  eV     1   --> B_1            
     e( 14 - 15) =      3.98808  eV     2   --> E_2            
     e( 16 - 16) =      4.57467  eV     1   --> A_1            
     e( 17 - 18) =      4.61726  eV     2   --> E_1            
     e( 19 - 19) =      7.99521  eV     1   --> A_1            
     e( 20 - 20) =     12.22197  eV     1   --> B_1            
     e( 21 - 21) =     14.75937  eV     1   --> B_1            
     e( 22 - 23) =     19.77444  eV     2   --> E_1            
     e( 24 - 24) =     20.81358  eV     1   --> A_1            
     e( 25 - 26) =     20.95017  eV     2   --> E_2            
     e( 27 - 27) =     23.43854  eV     1   --> A_1            
     e( 28 - 29) =     25.08503  eV     2   --> E_1            
     e( 30 - 30) =     26.69291  eV     1   --> B_1            
     e( 31 - 32) =     26.72326  eV     2   --> E_2            
     e( 33 - 33) =     27.82213  eV     1   --> A_1            
     e( 34 - 34) =     29.93548  eV     1   --> B_1            
     e( 35 - 36) =     31.73670  eV     2   --> E_2            

 **************************************************************************

 **************************************************************************

                    xk=(   0.10000,   0.05774,   0.00000  )

     point group C_s (m)    
     there are  2 classes
     the character table:

       E     s    
A'     1.00  1.00
A''    1.00 -1.00

     the symmetry operations in each class and the name of the first element:

     E        1
                                                                 
     s        2
                                                                 

     Band symmetry, C_s (m)     point group:

     e(  1 -  1) =    -10.00553  eV     1   --> A'             
     e(  2 -  2) =     -9.56347  eV     1   --> A'             
     e(  3 -  3) =     -3.84597  eV     1   --> A'             
     e(  4 -  4) =     -3.81812  eV     1   --> A''            
     e(  5 -  5) =     -3.79650  eV     1   --> A'             
     e(  6 -  6) =     -3.70182  eV     1   --> A'             
     e(  7 -  7) =     -3.67777  eV     1   --> A''            
     e(  8 -  8) =     -3.36355  eV     1   --> A'             
     e(  9 -  9) =     -3.34880  eV     1   --> A''            
     e( 10 - 10) =     -3.17929  eV     1   --> A'             
     e( 11 - 11) =     -3.14263  eV     1   --> A''            
     e( 12 - 12) =     -2.62908  eV     1   --> A'             
     e( 13 - 13) =      0.51847  eV     1   --> A'             
     e( 14 - 14) =      3.66569  eV     1   --> A'             
     e( 15 - 15) =      3.87409  eV     1   --> A''            
     e( 16 - 16) =      4.23185  eV     1   --> A'             
     e( 17 - 17) =      4.51743  eV     1   --> A'             
     e( 18 - 18) =      4.56015  eV     1   --> A''            
     e( 19 - 19) =      8.45386  eV     1   --> A'             
     e( 20 - 20) =     12.56937  eV     1   --> A'             
     e( 21 - 21) =     14.76227  eV     1   --> A'             
     e( 22 - 22) =     18.77309  eV     1   --> A'             
     e( 23 - 23) =     19.85130  eV     1   --> A''            
     e( 24 - 24) =     20.22115  eV     1   --> A'             
     e( 25 - 25) =     20.95617  eV     1   --> A'             
     e( 26 - 26) =     21.06712  eV     1   --> A''            
     e( 27 - 27) =     22.94162  eV     1   --> A'             
     e( 28 - 28) =     24.47992  eV     1   --> A''            
     e( 29 - 29) =     25.25152  eV     1   --> A'             
     e( 30 - 30) =     26.83221  eV     1   --> A'             
     e( 31 - 31) =     27.90209  eV     1   --> A'             
     e( 32 - 32) =     27.92775  eV     1   --> A''            
     e( 33 - 33) =     28.56547  eV     1   --> A'             
     e( 34 - 34) =     30.62314  eV     1   --> A'             
     e( 35 - 35) =     31.46674  eV     1   --> A'             
     e( 36 - 36) =     31.82476  eV     1   --> A''            

 **************************************************************************

 **************************************************************************

                    xk=(   0.20000,   0.11547,   0.00000  )

     Band symmetry, C_s (m)     point group:

     e(  1 -  1) =     -9.89588  eV     1   --> A'             
     e(  2 -  2) =     -9.51609  eV     1   --> A'             
     e(  3 -  3) =     -3.80262  eV     1   --> A'             
     e(  4 -  4) =     -3.75807  eV     1   --> A''            
     e(  5 -  5) =     -3.70602  eV     1   --> A'             
     e(  6 -  6) =     -3.62951  eV     1   --> A'             
     e(  7 -  7) =     -3.57168  eV     1   --> A''            
     e(  8 -  8) =     -3.40454  eV     1   --> A'             
     e(  9 -  9) =     -3.33835  eV     1   --> A''            
     e( 10 - 10) =     -3.23608  eV     1   --> A'             
     e( 11 - 11) =     -3.13326  eV     1   --> A''            
     e( 12 - 12) =     -2.54036  eV     1   --> A'             
     e( 13 - 13) =      0.79068  eV     1   --> A'             
     e( 14 - 14) =      2.86350  eV     1   --> A'             
     e( 15 - 15) =      3.46608  eV     1   --> A'             
     e( 16 - 16) =      3.58062  eV     1   --> A''            
     e( 17 - 17) =      4.34481  eV     1   --> A'             
     e( 18 - 18) =      4.40533  eV     1   --> A''            
     e( 19 - 19) =      9.44239  eV     1   --> A'             
     e( 20 - 20) =     13.36727  eV     1   --> A'             
     e( 21 - 21) =     14.80159  eV     1   --> A'             
     e( 22 - 22) =     17.19847  eV     1   --> A'             
     e( 23 - 23) =     18.95946  eV     1   --> A'             
     e( 24 - 24) =     20.06504  eV     1   --> A''            
     e( 25 - 25) =     20.60609  eV     1   --> A'             
     e( 26 - 26) =     21.08719  eV     1   --> A''            
     e( 27 - 27) =     22.15224  eV     1   --> A'             
     e( 28 - 28) =     24.37742  eV     1   --> A''            
     e( 29 - 29) =     25.20361  eV     1   --> A'             
     e( 30 - 30) =     27.93469  eV     1   --> A'             
     e( 31 - 31) =     29.38786  eV     1   --> A'             
     e( 32 - 32) =     30.00104  eV     1   --> A'             
     e( 33 - 33) =     30.06752  eV     1   --> A''            
     e( 34 - 34) =     30.57382  eV     1   --> A'             
     e( 35 - 35) =     32.12447  eV     1   --> A''            
     e( 36 - 36) =     33.65601  eV     1   --> A'             

 **************************************************************************

 **************************************************************************

                    xk=(   0.30000,   0.17321,   0.00000  )

     Band symmetry, C_s (m)     point group:

     e(  1 -  1) =     -9.75685  eV     1   --> A'             
     e(  2 -  2) =     -9.47648  eV     1   --> A'             
     e(  3 -  3) =     -3.78099  eV     1   --> A'             
     e(  4 -  4) =     -3.71741  eV     1   --> A''            
     e(  5 -  5) =     -3.59289  eV     1   --> A'             
     e(  6 -  6) =     -3.48087  eV     1   --> A'             
     e(  7 -  7) =     -3.44077  eV     1   --> A''            
     e(  8 -  8) =     -3.41541  eV     1   --> A'             
     e(  9 -  9) =     -3.28107  eV     1   --> A''            
     e( 10 - 10) =     -3.24302  eV     1   --> A'             
     e( 11 - 11) =     -3.12362  eV     1   --> A''            
     e( 12 - 12) =     -2.46136  eV     1   --> A'             
     e( 13 - 13) =      1.15490  eV     1   --> A'             
     e( 14 - 14) =      1.97380  eV     1   --> A'             
     e( 15 - 15) =      2.67057  eV     1   --> A'             
     e( 16 - 16) =      3.22529  eV     1   --> A''            
     e( 17 - 17) =      4.06082  eV     1   --> A'             
     e( 18 - 18) =      4.20555  eV     1   --> A''            
     e( 19 - 19) =     10.59969  eV     1   --> A'             
     e( 20 - 20) =     14.05124  eV     1   --> A'             
     e( 21 - 21) =     14.88648  eV     1   --> A'             
     e( 22 - 22) =     15.84937  eV     1   --> A'             
     e( 23 - 23) =     17.99531  eV     1   --> A'             
     e( 24 - 24) =     19.60477  eV     1   --> A'             
     e( 25 - 25) =     20.23657  eV     1   --> A''            
     e( 26 - 26) =     20.87808  eV     1   --> A''            
     e( 27 - 27) =     22.45716  eV     1   --> A'             
     e( 28 - 28) =     25.06437  eV     1   --> A'             
     e( 29 - 29) =     25.32943  eV     1   --> A''            
     e( 30 - 30) =     26.99103  eV     1   --> A'             
     e( 31 - 31) =     30.19906  eV     1   --> A'             
     e( 32 - 32) =     31.41600  eV     1   --> A'             
     e( 33 - 33) =     32.04345  eV     1   --> A'             
     e( 34 - 34) =     32.51731  eV     1   --> A''            
     e( 35 - 35) =     32.67955  eV     1   --> A''            
     e( 36 - 36) =     34.27607  eV     1   --> A'             

 **************************************************************************

 **************************************************************************

                    xk=(   0.40000,   0.23094,   0.00000  )

     Band symmetry, C_s (m)     point group:

     e(  1 -  1) =     -9.63577  eV     1   --> A'             
     e(  2 -  2) =     -9.46283  eV     1   --> A'             
     e(  3 -  3) =     -3.80611  eV     1   --> A'             
     e(  4 -  4) =     -3.71024  eV     1   --> A''            
     e(  5 -  5) =     -3.51958  eV     1   --> A'             
     e(  6 -  6) =     -3.47040  eV     1   --> A'             
     e(  7 -  7) =     -3.33850  eV     1   --> A''            
     e(  8 -  8) =     -3.29371  eV     1   --> A'             
     e(  9 -  9) =     -3.19859  eV     1   --> A''            
     e( 10 - 10) =     -3.11348  eV     1   --> A''            
     e( 11 - 11) =     -3.02651  eV     1   --> A'             
     e( 12 - 12) =     -2.46563  eV     1   --> A'             
     e( 13 - 13) =      1.09547  eV     1   --> A'             
     e( 14 - 14) =      1.64034  eV     1   --> A'             
     e( 15 - 15) =      2.14018  eV     1   --> A'             
     e( 16 - 16) =      2.93978  eV     1   --> A''            
     e( 17 - 17) =      3.71424  eV     1   --> A'             
     e( 18 - 18) =      4.03866  eV     1   --> A''            
     e( 19 - 19) =     11.77287  eV     1   --> A'             
     e( 20 - 20) =     14.29938  eV     1   --> A'             
     e( 21 - 21) =     14.41978  eV     1   --> A'             
     e( 22 - 22) =     15.16419  eV     1   --> A'             
     e( 23 - 23) =     17.49830  eV     1   --> A'             
     e( 24 - 24) =     19.32676  eV     1   --> A'             
     e( 25 - 25) =     20.09984  eV     1   --> A''            
     e( 26 - 26) =     20.93309  eV     1   --> A''            
     e( 27 - 27) =     22.61535  eV     1   --> A'             
     e( 28 - 28) =     25.24232  eV     1   --> A'             
     e( 29 - 29) =     26.12191  eV     1   --> A'             
     e( 30 - 30) =     26.68728  eV     1   --> A''            
     e( 31 - 31) =     29.98403  eV     1   --> A'             
     e( 32 - 32) =     31.25157  eV     1   --> A'             
     e( 33 - 33) =     32.53838  eV     1   --> A'             
     e( 34 - 34) =     33.13921  eV     1   --> A''            
     e( 35 - 35) =     34.10445  eV     1   --> A''            
     e( 36 - 36) =     34.54206  eV     1   --> A''            

 **************************************************************************

 **************************************************************************

                    xk=(   0.50000,   0.28868,   0.00000  )

     point group C_2v (mm2) 
     there are  4 classes
     the character table:

       E     C2    s_v   s_v' 
A_1    1.00  1.00  1.00  1.00
A_2    1.00  1.00 -1.00 -1.00
B_1    1.00 -1.00  1.00 -1.00
B_2    1.00 -1.00 -1.00  1.00

     the symmetry operations in each class and the name of the first element:

     E        1
                                                                 
     C2       2
                                                                 
     s_v      4
                                                                 
     s_v'     3
                                                                 

     Band symmetry, C_2v (mm2)  point group:

     e(  1 -  1) =     -9.58079  eV     1   --> B_1  D_3  S_3  
     e(  2 -  2) =     -9.46841  eV     1   --> A_1  D_1  S_1  
     e(  3 -  3) =     -3.82466  eV     1   --> B_1  D_3  S_3  
     e(  4 -  4) =     -3.71165  eV     1   --> A_2  D_2  S_2  
     e(  5 -  5) =     -3.49607  eV     1   --> A_1  D_1  S_1  
     e(  6 -  6) =     -3.47818  eV     1   --> B_1  D_3  S_3  
     e(  7 -  7) =     -3.30185  eV     1   --> B_2  D_4  S_4  
     e(  8 -  8) =     -3.25715  eV     1   --> A_1  D_1  S_1  
     e(  9 -  9) =     -3.15907  eV     1   --> A_2  D_2  S_2  
     e( 10 - 10) =     -3.10831  eV     1   --> B_2  D_4  S_4  
     e( 11 - 11) =     -2.71863  eV     1   --> B_1  D_3  S_3  
     e( 12 - 12) =     -2.62292  eV     1   --> A_1  D_1  S_1  
     e( 13 - 13) =      0.88673  eV     1   --> A_1  D_1  S_1  
     e( 14 - 14) =      1.52201  eV     1   --> B_1  D_3  S_3  
     e( 15 - 15) =      2.17255  eV     1   --> A_1  D_1  S_1  
     e( 16 - 16) =      2.83001  eV     1   --> B_2  D_4  S_4  
     e( 17 - 17) =      3.51570  eV     1   --> B_1  D_3  S_3  
     e( 18 - 18) =      3.97360  eV     1   --> A_2  D_2  S_2  
     e( 19 - 19) =     12.57264  eV     1   --> B_1  D_3  S_3  
     e( 20 - 20) =     13.67044  eV     1   --> A_1  D_1  S_1  
     e( 21 - 21) =     14.35864  eV     1   --> B_1  D_3  S_3  
     e( 22 - 22) =     15.06535  eV     1   --> A_1  D_1  S_1  
     e( 23 - 23) =     17.32751  eV     1   --> A_1  D_1  S_1  
     e( 24 - 24) =     19.44002  eV     1   --> B_1  D_3  S_3  
     e( 25 - 25) =     19.99745  eV     1   --> A_2  D_2  S_2  
     e( 26 - 26) =     21.00818  eV     1   --> B_2  D_4  S_4  
     e( 27 - 27) =     22.60125  eV     1   --> B_1  D_3  S_3  
     e( 28 - 28) =     25.35504  eV     1   --> A_1  D_1  S_1  
     e( 29 - 29) =     25.83587  eV     1   --> B_1  D_3  S_3  
     e( 30 - 30) =     27.42598  eV     1   --> A_2  D_2  S_2  
     e( 31 - 31) =     29.81083  eV     1   --> A_1  D_1  S_1  
     e( 32 - 32) =     31.69321  eV     1   --> B_1  D_3  S_3  
     e( 33 - 33) =     31.70202  eV     1   --> A_1  D_1  S_1  
     e( 34 - 34) =     32.93748  eV     1   --> B_2  D_4  S_4  
     e( 35 - 35) =     34.23391  eV     1   --> B_2  D_4  S_4  
     e( 36 - 36) =     34.62283  eV     1   --> A_2  D_2  S_2  

 **************************************************************************

 **************************************************************************

                    xk=(   0.50000,   0.28868,   0.06196  )

     Band symmetry, C_2v (mm2)  point group:

     e(  1 -  1) =     -9.57679  eV     1   --> B_1  D_3  S_3  
     e(  2 -  2) =     -9.46916  eV     1   --> A_1  D_1  S_1  
     e(  3 -  3) =     -3.82917  eV     1   --> B_1  D_3  S_3  
     e(  4 -  4) =     -3.70169  eV     1   --> A_2  D_2  S_2  
     e(  5 -  5) =     -3.53045  eV     1   --> A_1  D_1  S_1  
     e(  6 -  6) =     -3.46897  eV     1   --> B_1  D_3  S_3  
     e(  7 -  7) =     -3.31008  eV     1   --> B_2  D_4  S_4  
     e(  8 -  8) =     -3.24158  eV     1   --> A_1  D_1  S_1  
     e(  9 -  9) =     -3.15891  eV     1   --> A_2  D_2  S_2  
     e( 10 - 10) =     -3.11250  eV     1   --> B_2  D_4  S_4  
     e( 11 - 11) =     -2.71749  eV     1   --> B_1  D_3  S_3  
     e( 12 - 12) =     -2.62954  eV     1   --> A_1  D_1  S_1  
     e( 13 - 13) =      0.84534  eV     1   --> A_1  D_1  S_1  
     e( 14 - 14) =      1.46282  eV     1   --> B_1  D_3  S_3  
     e( 15 - 15) =      2.28404  eV     1   --> A_1  D_1  S_1  
     e( 16 - 16) =      2.85838  eV     1   --> B_2  D_4  S_4  
     e( 17 - 17) =      3.55412  eV     1   --> B_1  D_3  S_3  
     e( 18 - 18) =      3.94672  eV     1   --> A_2  D_2  S_2  
     e( 19 - 19) =     12.52882  eV     1   --> B_1  D_3  S_3  
     e( 20 - 20) =     13.62249  eV     1   --> A_1  D_1  S_1  
     e( 21 - 21) =     14.42685  eV     1   --> B_1  D_3  S_3  
     e( 22 - 22) =     15.07998  eV     1   --> A_1  D_1  S_1  
     e( 23 - 23) =     17.30023  eV     1   --> A_1  D_1  S_1  
     e( 24 - 24) =     19.50017  eV     1   --> B_1  D_3  S_3  
     e( 25 - 25) =     20.01897  eV     1   --> A_2  D_2  S_2  
     e( 26 - 26) =     20.98084  eV     1   --> B_2  D_4  S_4  
     e( 27 - 27) =     22.24165  eV     1   --> B_1  D_3  S_3  
     e( 28 - 28) =     25.41898  eV     1   --> A_1  D_1  S_1  
     e( 29 - 29) =     26.30063  eV     1   --> B_1  D_3  S_3  
     e( 30 - 30) =     27.52382  eV     1   --> A_2  D_2  S_2  
     e( 31 - 31) =     29.08466  eV     1   --> A_1  D_1  S_1  
     e( 32 - 32) =     31.62975  eV     1   --> B_1  D_3  S_3  
     e( 33 - 33) =     32.41589  eV     1   --> A_1  D_1  S_1  
     e( 34 - 34) =     32.92468  eV     1   --> B_2  D_4  S_4  
     e( 35 - 35) =     33.84694  eV     1   --> B_2  D_4  S_4  
     e( 36 - 36) =     34.53406  eV     1   --> A_2  D_2  S_2  

 **************************************************************************

 **************************************************************************

                    xk=(   0.50000,   0.28868,   0.12392  )

     Band symmetry, C_2v (mm2)  point group:

     e(  1 -  1) =     -9.56540  eV     1   --> B_1  D_3  S_3  
     e(  2 -  2) =     -9.47205  eV     1   --> A_1  D_1  S_1  
     e(  3 -  3) =     -3.83916  eV     1   --> B_1  D_3  S_3  
     e(  4 -  4) =     -3.67129  eV     1   --> A_2  D_2  S_2  
     e(  5 -  5) =     -3.60621  eV     1   --> A_1  D_1  S_1  
     e(  6 -  6) =     -3.44147  eV     1   --> B_1  D_3  S_3  
     e(  7 -  7) =     -3.33487  eV     1   --> B_2  D_4  S_4  
     e(  8 -  8) =     -3.21915  eV     1   --> A_1  D_1  S_1  
     e(  9 -  9) =     -3.15822  eV     1   --> A_2  D_2  S_2  
     e( 10 - 10) =     -3.12242  eV     1   --> B_2  D_4  S_4  
     e( 11 - 11) =     -2.71382  eV     1   --> B_1  D_3  S_3  
     e( 12 - 12) =     -2.64606  eV     1   --> A_1  D_1  S_1  
     e( 13 - 13) =      0.77016  eV     1   --> A_1  D_1  S_1  
     e( 14 - 14) =      1.31465  eV     1   --> B_1  D_3  S_3  
     e( 15 - 15) =      2.55702  eV     1   --> A_1  D_1  S_1  
     e( 16 - 16) =      2.94079  eV     1   --> B_2  D_4  S_4  
     e( 17 - 17) =      3.63201  eV     1   --> B_1  D_3  S_3  
     e( 18 - 18) =      3.86716  eV     1   --> A_2  D_2  S_2  
     e( 19 - 19) =     12.44971  eV     1   --> B_1  D_3  S_3  
     e( 20 - 20) =     13.47999  eV     1   --> A_1  D_1  S_1  
     e( 21 - 21) =     14.58403  eV     1   --> B_1  D_3  S_3  
     e( 22 - 22) =     15.10681  eV     1   --> A_1  D_1  S_1  
     e( 23 - 23) =     17.27416  eV     1   --> A_1  D_1  S_1  
     e( 24 - 24) =     19.57540  eV     1   --> B_1  D_3  S_3  
     e( 25 - 25) =     20.08338  eV     1   --> A_2  D_2  S_2  
     e( 26 - 26) =     20.90203  eV     1   --> B_2  D_4  S_4  
     e( 27 - 27) =     21.66629  eV     1   --> B_1  D_3  S_3  
     e( 28 - 28) =     25.44531  eV     1   --> A_1  D_1  S_1  
     e( 29 - 29) =     27.25673  eV     1   --> B_1  D_3  S_3  
     e( 30 - 30) =     27.81531  eV     1   --> A_2  D_2  S_2  
     e( 31 - 31) =     28.12575  eV     1   --> A_1  D_1  S_1  
     e( 32 - 32) =     31.47819  eV     1   --> B_1  D_3  S_3  
     e( 33 - 33) =     32.67335  eV     1   --> B_2  D_4  S_4  
     e( 34 - 34) =     33.18247  eV     1   --> A_1  D_1  S_1  
     e( 35 - 35) =     33.20382  eV     1   --> B_2  D_4  S_4  
     e( 36 - 36) =     34.30519  eV     1   --> A_2  D_2  S_2  

 **************************************************************************

 **************************************************************************

                    xk=(   0.50000,   0.28868,   0.18587  )

     Band symmetry, C_2v (mm2)  point group:

     e(  1 -  1) =     -9.54831  eV     1   --> B_1  D_3  S_3  
     e(  2 -  2) =     -9.47883  eV     1   --> A_1  D_1  S_1  
     e(  3 -  3) =     -3.84625  eV     1   --> B_1  D_3  S_3  
     e(  4 -  4) =     -3.68972  eV     1   --> A_1  D_1  S_1  
     e(  5 -  5) =     -3.62407  eV     1   --> A_2  D_2  S_2  
     e(  6 -  6) =     -3.39851  eV     1   --> B_1  D_3  S_3  
     e(  7 -  7) =     -3.37696  eV     1   --> B_2  D_4  S_4  
     e(  8 -  8) =     -3.21778  eV     1   --> A_1  D_1  S_1  
     e(  9 -  9) =     -3.15662  eV     1   --> A_2  D_2  S_2  
     e( 10 - 10) =     -3.13366  eV     1   --> B_2  D_4  S_4  
     e( 11 - 11) =     -2.70835  eV     1   --> B_1  D_3  S_3  
     e( 12 - 12) =     -2.66540  eV     1   --> A_1  D_1  S_1  
     e( 13 - 13) =      0.72773  eV     1   --> A_1  D_1  S_1  
     e( 14 - 14) =      1.13257  eV     1   --> B_1  D_3  S_3  
     e( 15 - 15) =      2.89303  eV     1   --> A_1  D_1  S_1  
     e( 16 - 16) =      3.06910  eV     1   --> B_2  D_4  S_4  
     e( 17 - 17) =      3.67648  eV     1   --> B_1  D_3  S_3  
     e( 18 - 18) =      3.74216  eV     1   --> A_2  D_2  S_2  
     e( 19 - 19) =     12.42515  eV     1   --> B_1  D_3  S_3  
     e( 20 - 20) =     13.25242  eV     1   --> A_1  D_1  S_1  
     e( 21 - 21) =     14.75311  eV     1   --> B_1  D_3  S_3  
     e( 22 - 22) =     15.11077  eV     1   --> A_1  D_1  S_1  
     e( 23 - 23) =     17.36490  eV     1   --> A_1  D_1  S_1  
     e( 24 - 24) =     19.32905  eV     1   --> B_1  D_3  S_3  
     e( 25 - 25) =     20.18647  eV     1   --> A_2  D_2  S_2  
     e( 26 - 26) =     20.78120  eV     1   --> B_2  D_4  S_4  
     e( 27 - 27) =     21.59088  eV     1   --> B_1  D_3  S_3  
     e( 28 - 28) =     24.98090  eV     1   --> A_1  D_1  S_1  
     e( 29 - 29) =     27.80594  eV     1   --> A_1  D_1  S_1  
     e( 30 - 30) =     28.16886  eV     1   --> B_1  D_3  S_3  
     e( 31 - 31) =     28.29311  eV     1   --> A_2  D_2  S_2  
     e( 32 - 32) =     31.37838  eV     1   --> B_1  D_3  S_3  
     e( 33 - 33) =     31.72352  eV     1   --> B_2  D_4  S_4  
     e( 34 - 34) =     33.15705  eV     1   --> B_2  D_4  S_4  
     e( 35 - 35) =     33.19856  eV     1   --> A_1  D_1  S_1  
     e( 36 - 36) =     34.01183  eV     1   --> A_2  D_2  S_2  

 **************************************************************************

 **************************************************************************

                    xk=(   0.50000,   0.28868,   0.24783  )

     Band symmetry, C_2v (mm2)  point group:

     e(  1 -  1) =     -9.52812  eV     1   --> B_1  D_3  S_3  
     e(  2 -  2) =     -9.49084  eV     1   --> A_1  D_1  S_1  
     e(  3 -  3) =     -3.84059  eV     1   --> B_1  D_3  S_3  
     e(  4 -  4) =     -3.76237  eV     1   --> A_1  D_1  S_1  
     e(  5 -  5) =     -3.56437  eV     1   --> A_2  D_2  S_2  
     e(  6 -  6) =     -3.43357  eV     1   --> B_2  D_4  S_4  
     e(  7 -  7) =     -3.34509  eV     1   --> B_1  D_3  S_3  
     e(  8 -  8) =     -3.24334  eV     1   --> A_1  D_1  S_1  
     e(  9 -  9) =     -3.15388  eV     1   --> A_2  D_2  S_2  
     e( 10 - 10) =     -3.14301  eV     1   --> B_2  D_4  S_4  
     e( 11 - 11) =     -2.70158  eV     1   --> B_1  D_3  S_3  
     e( 12 - 12) =     -2.68162  eV     1   --> A_1  D_1  S_1  
     e( 13 - 13) =      0.74563  eV     1   --> A_1  D_1  S_1  
     e( 14 - 14) =      0.96091  eV     1   --> B_1  D_3  S_3  
     e( 15 - 15) =      3.21679  eV     1   --> A_1  D_1  S_1  
     e( 16 - 16) =      3.22982  eV     1   --> B_2  D_4  S_4  
     e( 17 - 17) =      3.58395  eV     1   --> A_2  D_2  S_2  
     e( 18 - 18) =      3.63175  eV     1   --> B_1  D_3  S_3  
     e( 19 - 19) =     12.50935  eV     1   --> B_1  D_3  S_3  
     e( 20 - 20) =     12.97437  eV     1   --> A_1  D_1  S_1  
     e( 21 - 21) =     14.89304  eV     1   --> B_1  D_3  S_3  
     e( 22 - 22) =     15.07259  eV     1   --> A_1  D_1  S_1  
     e( 23 - 23) =     17.65195  eV     1   --> A_1  D_1  S_1  
     e( 24 - 24) =     18.74285  eV     1   --> B_1  D_3  S_3  
     e( 25 - 25) =     20.32028  eV     1   --> A_2  D_2  S_2  
     e( 26 - 26) =     20.63325  eV     1   --> B_2  D_4  S_4  
     e( 27 - 27) =     22.14429  eV     1   --> B_1  D_3  S_3  
     e( 28 - 28) =     24.04144  eV     1   --> A_1  D_1  S_1  
     e( 29 - 29) =     28.08900  eV     1   --> A_1  D_1  S_1  
     e( 30 - 30) =     28.61724  eV     1   --> B_1  D_3  S_3  
     e( 31 - 31) =     28.94520  eV     1   --> A_2  D_2  S_2  
     e( 32 - 32) =     30.69567  eV     1   --> B_2  D_4  S_4  
     e( 33 - 33) =     31.59076  eV     1   --> B_1  D_3  S_3  
     e( 34 - 34) =     32.77133  eV     1   --> A_1  D_1  S_1  
     e( 35 - 35) =     33.27282  eV     1   --> B_2  D_4  S_4  
     e( 36 - 36) =     33.71819  eV     1   --> A_2  D_2  S_2  

 **************************************************************************

 **************************************************************************

                    xk=(   0.50000,   0.28868,   0.30979  )

     Band symmetry, C_2v (mm2)  point group:

     e(  1 -  2) =     -9.50795  eV     2   --> A_1  D_1  S_1  
     e(  1 -  2) =     -9.50795  eV     2   --> B_1  D_3  S_3  
     e(  3 -  4) =     -3.81372  eV     2   --> A_1  D_1  S_1  
     e(  3 -  4) =     -3.81372  eV     2   --> B_1  D_3  S_3  
     e(  5 -  6) =     -3.49845  eV     2   --> A_2  D_2  S_2  
     e(  5 -  6) =     -3.49845  eV     2   --> B_2  D_4  S_4  
     e(  7 -  8) =     -3.28958  eV     2   --> A_1  D_1  S_1  
     e(  7 -  8) =     -3.28958  eV     2   --> B_1  D_3  S_3  
     e(  9 - 10) =     -3.14946  eV     2   --> A_2  D_2  S_2  
     e(  9 - 10) =     -3.14946  eV     2   --> B_2  D_4  S_4  
     e( 11 - 12) =     -2.69320  eV     2   --> A_1  D_1  S_1  
     e( 11 - 12) =     -2.69320  eV     2   --> B_1  D_3  S_3  
     e( 13 - 14) =      0.82639  eV     2   --> A_1  D_1  S_1  
     e( 13 - 14) =      0.82639  eV     2   --> B_1  D_3  S_3  
     e( 15 - 16) =      3.40723  eV     2   --> A_2  D_2  S_2  
     e( 15 - 16) =      3.40723  eV     2   --> B_2  D_4  S_4  
     e( 17 - 18) =      3.47492  eV     2   --> A_1  D_1  S_1  
     e( 17 - 18) =      3.47492  eV     2   --> B_1  D_3  S_3  
     e( 19 - 20) =     12.70550  eV     2   --> A_1  D_1  S_1  
     e( 19 - 20) =     12.70550  eV     2   --> B_1  D_3  S_3  
     e( 21 - 22) =     14.99845  eV     2   --> A_1  D_1  S_1  
     e( 21 - 22) =     14.99845  eV     2   --> B_1  D_3  S_3  
     e( 23 - 24) =     18.13228  eV     2   --> A_1  D_1  S_1  
     e( 23 - 24) =     18.13228  eV     2   --> B_1  D_3  S_3  
     e( 25 - 26) =     20.47417  eV     2   --> A_2  D_2  S_2  
     e( 25 - 26) =     20.47417  eV     2   --> B_2  D_4  S_4  
     e( 27 - 28) =     23.02519  eV     2   --> A_1  D_1  S_1  
     e( 27 - 28) =     23.02519  eV     2   --> B_1  D_3  S_3  
     e( 29 - 30) =     28.48523  eV     2   --> A_1  D_1  S_1  
     e( 29 - 30) =     28.48523  eV     2   --> B_1  D_3  S_3  
     e( 31 - 32) =     29.75441  eV     2   --> A_2  D_2  S_2  
     e( 31 - 32) =     29.75441  eV     2   --> B_2  D_4  S_4  
     e( 33 - 34) =     32.15799  eV     2   --> A_1  D_1  S_1  
     e( 33 - 34) =     32.15799  eV     2   --> B_1  D_3  S_3  
     e( 35 - 36) =     33.46459  eV     2   --> A_2  D_2  S_2  
     e( 35 - 36) =     33.46459  eV     2   --> B_2  D_4  S_4  

 **************************************************************************

 **************************************************************************

                    xk=(   0.40000,   0.23094,   0.30979  )

     point group C_s (m)    
     there are  2 classes
     the character table:

       E     s    
A'     1.00  1.00
A''    1.00 -1.00

     the symmetry operations in each class and the name of the first element:

     E        1
                                                                 
     s        2
                                                                 

     Band symmetry, C_s (m)     point group:

     e(  1 -  2) =     -9.53054  eV     2   -->   2 A'             
     e(  3 -  4) =     -3.79535  eV     2   -->   2 A'             
     e(  5 -  6) =     -3.51613  eV     2   -->   2 A''            
     e(  7 -  8) =     -3.33022  eV     2   -->   2 A'             
     e(  9 - 10) =     -3.17050  eV     2   -->   2 A''            
     e( 11 - 12) =     -2.80336  eV     2   -->   2 A'             
     e( 13 - 14) =      1.10857  eV     2   -->   2 A'             
     e( 15 - 16) =      3.45742  eV     2   -->   2 A'             
     e( 17 - 18) =      3.49363  eV     2   -->   2 A''            
     e( 19 - 20) =     12.44355  eV     2   -->   2 A'             
     e( 21 - 22) =     15.26042  eV     2   -->   2 A'             
     e( 23 - 24) =     18.20845  eV     2   -->   2 A'             
     e( 25 - 26) =     20.46502  eV     2   -->   2 A''            
     e( 27 - 28) =     23.02948  eV     2   -->   2 A'             
     e( 29 - 30) =     28.61860  eV     2   -->   2 A'             
     e( 31 - 32) =     29.12950  eV     2   -->   2 A''            
     e( 33 - 34) =     32.40021  eV     2   -->   2 A'             
     e( 35 - 36) =     33.72284  eV     2   -->   2 A''            

 **************************************************************************

 **************************************************************************

                    xk=(   0.30000,   0.17321,   0.30979  )

     Band symmetry, C_s (m)     point group:

     e(  1 -  2) =     -9.59498  eV     2   -->   2 A'             
     e(  3 -  4) =     -3.76083  eV     2   -->   2 A'             
     e(  5 -  6) =     -3.57841  eV     2   -->   2 A''            
     e(  7 -  8) =     -3.43983  eV     2   -->   2 A'             
     e(  9 - 10) =     -3.20637  eV     2   -->   2 A''            
     e( 11 - 12) =     -2.99210  eV     2   -->   2 A'             
     e( 13 - 14) =      1.74561  eV     2   -->   2 A'             
     e( 15 - 16) =      3.44932  eV     2   -->   2 A'             
     e( 17 - 18) =      3.71925  eV     2   -->   2 A''            
     e( 19 - 20) =     11.83909  eV     2   -->   2 A'             
     e( 21 - 22) =     15.89214  eV     2   -->   2 A'             
     e( 23 - 24) =     18.33004  eV     2   -->   2 A'             
     e( 25 - 26) =     20.41140  eV     2   -->   2 A''            
     e( 27 - 28) =     23.35343  eV     2   -->   2 A'             
     e( 29 - 30) =     28.08324  eV     2   -->   2 A''            
     e( 31 - 32) =     28.91043  eV     2   -->   2 A'             
     e( 33 - 34) =     32.14945  eV     2   -->   2 A'             
     e( 35 - 36) =     33.65742  eV     2   -->   2 A''            

 **************************************************************************

 **************************************************************************

                    xk=(   0.20000,   0.11547,   0.30979  )

     Band symmetry, C_s (m)     point group:

     e(  1 -  2) =     -9.68238  eV     2   -->   2 A'             
     e(  3 -  4) =     -3.75721  eV     2   -->   2 A'             
     e(  5 -  6) =     -3.68006  eV     2   -->   2 A''            
     e(  7 -  8) =     -3.53746  eV     2   -->   2 A'             
     e(  9 - 10) =     -3.22271  eV     2   -->   2 A''            
     e( 11 - 12) =     -3.12463  eV     2   -->   2 A'             
     e( 13 - 14) =      2.30627  eV     2   -->   2 A'             
     e( 15 - 16) =      3.62745  eV     2   -->   2 A'             
     e( 17 - 18) =      3.99714  eV     2   -->   2 A''            
     e( 19 - 20) =     11.11664  eV     2   -->   2 A'             
     e( 21 - 22) =     16.57936  eV     2   -->   2 A'             
     e( 23 - 24) =     18.58781  eV     2   -->   2 A'             
     e( 25 - 26) =     20.27661  eV     2   -->   2 A''            
     e( 27 - 28) =     24.25696  eV     2   -->   2 A'             
     e( 29 - 30) =     27.36784  eV     2   -->   2 A''            
     e( 31 - 32) =     28.99148  eV     2   -->   2 A'             
     e( 33 - 34) =     30.27462  eV     2   -->   2 A'             
     e( 35 - 36) =     32.93768  eV     2   -->   2 A''            

 **************************************************************************

 **************************************************************************

                    xk=(   0.10000,   0.05774,   0.30979  )

     Band symmetry, C_s (m)     point group:

     e(  1 -  2) =     -9.75946  eV     2   -->   2 A'             
     e(  3 -  4) =     -3.79317  eV     2   -->   2 A'             
     e(  5 -  6) =     -3.77288  eV     2   -->   2 A''            
     e(  7 -  8) =     -3.56259  eV     2   -->   2 A'             
     e(  9 - 10) =     -3.22262  eV     2   -->   2 A''            
     e( 11 - 12) =     -3.19821  eV     2   -->   2 A'             
     e( 13 - 14) =      2.49669  eV     2   -->   2 A'             
     e( 15 - 16) =      4.06352  eV     2   -->   2 A'             
     e( 17 - 18) =      4.22004  eV     2   -->   2 A''            
     e( 19 - 20) =     10.47636  eV     2   -->   2 A'             
     e( 21 - 22) =     16.88312  eV     2   -->   2 A'             
     e( 23 - 24) =     19.39811  eV     2   -->   2 A'             
     e( 25 - 26) =     20.10773  eV     2   -->   2 A''            
     e( 27 - 28) =     25.18149  eV     2   -->   2 A'             
     e( 29 - 30) =     27.10508  eV     2   -->   2 A''            
     e( 31 - 32) =     27.44551  eV     2   -->   2 A'             
     e( 33 - 34) =     30.38873  eV     2   -->   2 A'             
     e( 35 - 36) =     32.11387  eV     2   -->   2 A''            

 **************************************************************************

 **************************************************************************

                    xk=(   0.00000,   0.00000,   0.30979  )

     point group C_6v (6mm) 
     there are  6 classes
     the character table:

       E     2C6   2C3   C2    3s_v  3s_d 
A_1    1.00  1.00  1.00  1.00  1.00  1.00
A_2    1.00  1.00  1.00  1.00 -1.00 -1.00
B_1    1.00 -1.00  1.00 -1.00  1.00 -1.00
B_2    1.00 -1.00  1.00 -1.00 -1.00  1.00
E_1    2.00  1.00 -1.00 -2.00  0.00  0.00
E_2    2.00 -1.00 -1.00  2.00  0.00  0.00

     the symmetry operations in each class and the name of the first element:

     E        1
                                                                 
     2C6      3    4
                                                                 
     2C3      5    6
                                                                 
     C2       2
                                                                 
     3s_v     8   12   11
                                                                 
     3s_d     7    9   10
                                                                 

     Band symmetry, C_6v (6mm)  point group:

     e(  1 -  2) =     -9.79083  eV     2   --> A_1            
     e(  1 -  2) =     -9.79083  eV     2   --> B_1            
     e(  3 -  6) =     -3.80942  eV     4   --> E_1            
     e(  3 -  6) =     -3.80942  eV     4   --> E_2            
     e(  7 -  8) =     -3.56723  eV     2   --> A_1            
     e(  7 -  8) =     -3.56723  eV     2   --> B_1            
     e(  9 - 12) =     -3.22084  eV     4   --> E_1            
     e(  9 - 12) =     -3.22084  eV     4   --> E_2            
     e( 13 - 14) =      2.51546  eV     2   --> A_1            
     e( 13 - 14) =      2.51546  eV     2   --> B_1            
     e( 15 - 18) =      4.30476  eV     4   --> E_1            
     e( 15 - 18) =      4.30476  eV     4   --> E_2            
     e( 19 - 20) =     10.20253  eV     2   --> A_1            
     e( 19 - 20) =     10.20253  eV     2   --> B_1            
     e( 21 - 22) =     16.92148  eV     2   --> A_1            
     e( 21 - 22) =     16.92148  eV     2   --> B_1            
     e( 23 - 26) =     20.02891  eV     4   --> E_1            
     e( 23 - 26) =     20.02891  eV     4   --> E_2            
     e( 27 - 28) =     25.07202  eV     2   --> A_1            
     e( 27 - 28) =     25.07202  eV     2   --> B_1            
     e( 29 - 32) =     27.07499  eV     4   --> E_1            
     e( 29 - 32) =     27.07499  eV     4   --> E_2            
     e( 33 - 34) =     31.29383  eV     2   --> A_1            
     e( 33 - 34) =     31.29383  eV     2   --> B_1            
     e( 35 - 36) =     31.75656  eV     2   -->   ?

 **************************************************************************

 **************************************************************************

                    xk=(   0.00000,   0.00000,   0.24783  )

     Band symmetry, C_6v (6mm)  point group:

     e(  1 -  1) =     -9.86624  eV     1   --> A_1            
     e(  2 -  2) =     -9.71995  eV     1   --> B_1            
     e(  3 -  4) =     -3.82696  eV     2   --> E_1            
     e(  5 -  6) =     -3.78681  eV     2   --> E_2            
     e(  7 -  7) =     -3.69035  eV     1   --> A_1            
     e(  8 -  8) =     -3.39516  eV     1   --> B_1            
     e(  9 - 10) =     -3.25336  eV     2   --> E_1            
     e( 11 - 12) =     -3.19277  eV     2   --> E_2            
     e( 13 - 13) =      1.93861  eV     1   --> B_1            
     e( 14 - 14) =      3.08505  eV     1   --> A_1            
     e( 15 - 16) =      4.20708  eV     2   --> E_2            
     e( 17 - 18) =      4.40197  eV     2   --> E_1            
     e( 19 - 19) =      9.61453  eV     1   --> A_1            
     e( 20 - 20) =     10.77497  eV     1   --> B_1            
     e( 21 - 21) =     16.22525  eV     1   --> B_1            
     e( 22 - 22) =     17.73840  eV     1   --> A_1            
     e( 23 - 24) =     19.89153  eV     2   --> E_1            
     e( 25 - 26) =     20.22338  eV     2   --> E_2            
     e( 27 - 27) =     24.61457  eV     1   --> A_1            
     e( 28 - 28) =     25.56592  eV     1   --> B_1            
     e( 29 - 30) =     26.52166  eV     2   --> E_1            
     e( 31 - 32) =     27.44952  eV     2   --> E_2            
     e( 33 - 33) =     30.69031  eV     1   --> B_1            
     e( 34 - 35) =     31.13694  eV     2   --> E_2            
     e( 36 - 36) =     31.55528  eV     1   --> A_1            

 **************************************************************************

 **************************************************************************

                    xk=(   0.00000,   0.00000,   0.18587  )

     Band symmetry, C_6v (6mm)  point group:

     e(  1 -  1) =     -9.93741  eV     1   --> A_1            
     e(  2 -  2) =     -9.66100  eV     1   --> B_1            
     e(  3 -  4) =     -3.83830  eV     2   --> E_1            
     e(  5 -  5) =     -3.77053  eV     1   --> A_1            
     e(  6 -  7) =     -3.76231  eV     2   --> E_2            
     e(  8 -  9) =     -3.28708  eV     2   --> E_1            
     e( 10 - 10) =     -3.18034  eV     1   --> B_1            
     e( 11 - 12) =     -3.17142  eV     2   --> E_2            
     e( 13 - 13) =      1.38627  eV     1   --> B_1            
     e( 14 - 14) =      3.62170  eV     1   --> A_1            
     e( 15 - 16) =      4.11840  eV     2   --> E_2            
     e( 17 - 18) =      4.48931  eV     2   --> E_1            
     e( 19 - 19) =      9.04212  eV     1   --> A_1            
     e( 20 - 20) =     11.30544  eV     1   --> B_1            
     e( 21 - 21) =     15.64967  eV     1   --> B_1            
     e( 22 - 22) =     18.65489  eV     1   --> A_1            
     e( 23 - 24) =     19.81225  eV     2   --> E_1            
     e( 25 - 26) =     20.45791  eV     2   --> E_2            
     e( 27 - 27) =     24.21518  eV     1   --> A_1            
     e( 28 - 29) =     25.96235  eV     2   --> E_1            
     e( 30 - 30) =     26.04270  eV     1   --> B_1            
     e( 31 - 32) =     27.45255  eV     2   --> E_2            
     e( 33 - 33) =     30.19312  eV     1   --> B_1            
     e( 34 - 34) =     30.63157  eV     1   --> A_1            
     e( 35 - 36) =     31.00505  eV     2   --> E_2            

 **************************************************************************

 **************************************************************************

                    xk=(   0.00000,   0.00000,   0.12392  )

     Band symmetry, C_6v (6mm)  point group:

     e(  1 -  1) =     -9.99556  eV     1   --> A_1            
     e(  2 -  2) =     -9.61856  eV     1   --> B_1            
     e(  3 -  4) =     -3.84395  eV     2   --> E_1            
     e(  5 -  5) =     -3.81681  eV     1   --> A_1            
     e(  6 -  7) =     -3.74002  eV     2   --> E_2            
     e(  8 -  9) =     -3.31700  eV     2   --> E_1            
     e( 10 - 11) =     -3.15717  eV     2   --> E_2            
     e( 12 - 12) =     -2.94739  eV     1   --> B_1            
     e( 13 - 13) =      0.90168  eV     1   --> B_1            
     e( 14 - 15) =      4.04918  eV     2   --> E_2            
     e( 16 - 16) =      4.09286  eV     1   --> A_1            
     e( 17 - 18) =      4.55805  eV     2   --> E_1            
     e( 19 - 19) =      8.52823  eV     1   --> A_1            
     e( 20 - 20) =     11.76235  eV     1   --> B_1            
     e( 21 - 21) =     15.19522  eV     1   --> B_1            
     e( 22 - 22) =     19.60853  eV     1   --> A_1            
     e( 23 - 24) =     19.77975  eV     2   --> E_1            
     e( 25 - 26) =     20.69441  eV     2   --> E_2            
     e( 27 - 27) =     23.87184  eV     1   --> A_1            
     e( 28 - 29) =     25.49783  eV     2   --> E_1            
     e( 30 - 30) =     26.41921  eV     1   --> B_1            
     e( 31 - 32) =     27.15765  eV     2   --> E_2            
     e( 33 - 33) =     29.28155  eV     1   --> A_1            
     e( 34 - 34) =     29.93253  eV     1   --> B_1            
     e( 35 - 36) =     31.26717  eV     2   --> E_2            

 **************************************************************************

 **************************************************************************

                    xk=(   0.00000,   0.00000,   0.06196  )

     Band symmetry, C_6v (6mm)  point group:

     e(  1 -  1) =    -10.03348  eV     1   --> A_1            
     e(  2 -  2) =     -9.59409  eV     1   --> B_1            
     e(  3 -  4) =     -3.84548  eV     2   --> E_1            
     e(  5 -  5) =     -3.83992  eV     1   --> A_1            
     e(  6 -  7) =     -3.72420  eV     2   --> E_2            
     e(  8 -  9) =     -3.33807  eV     2   --> E_1            
     e( 10 - 11) =     -3.14927  eV     2   --> E_2            
     e( 12 - 12) =     -2.75177  eV     1   --> B_1            
     e( 13 - 13) =      0.55299  eV     1   --> B_1            
     e( 14 - 15) =      4.00407  eV     2   --> E_2            
     e( 16 - 16) =      4.44032  eV     1   --> A_1            
     e( 17 - 18) =      4.60206  eV     2   --> E_1            
     e( 19 - 19) =      8.14434  eV     1   --> A_1            
     e( 20 - 20) =     12.09442  eV     1   --> B_1            
     e( 21 - 21) =     14.87946  eV     1   --> B_1            
     e( 22 - 23) =     19.77369  eV     2   --> E_1            
     e( 24 - 24) =     20.44229  eV     1   --> A_1            
     e( 25 - 26) =     20.87886  eV     2   --> E_2            
     e( 27 - 27) =     23.58139  eV     1   --> A_1            
     e( 28 - 29) =     25.19189  eV     2   --> E_1            
     e( 30 - 30) =     26.63149  eV     1   --> B_1            
     e( 31 - 32) =     26.84822  eV     2   --> E_2            
     e( 33 - 33) =     28.22664  eV     1   --> A_1            
     e( 34 - 34) =     29.90264  eV     1   --> B_1            
     e( 35 - 36) =     31.59592  eV     2   --> E_2            

 **************************************************************************

 **************************************************************************

                    xk=(   0.00000,   0.00000,   0.00000  )

     Band symmetry, C_6v (6mm)  point group:

     e(  1 -  1) =    -10.04661  eV     1   --> A_1            
     e(  2 -  2) =     -9.58627  eV     1   --> B_1            
     e(  3 -  3) =     -3.84726  eV     1   --> A_1            
     e(  4 -  5) =     -3.84541  eV     2   --> E_1            
     e(  6 -  7) =     -3.71843  eV     2   --> E_2            
     e(  8 -  9) =     -3.34544  eV     2   --> E_1            
     e( 10 - 11) =     -3.14679  eV     2   --> E_2            
     e( 12 - 12) =     -2.67231  eV     1   --> B_1            
     e( 13 - 13) =      0.42282  eV     1   --> B_1            
     e( 14 - 15) =      3.98808  eV     2   --> E_2            
     e( 16 - 16) =      4.57467  eV     1   --> A_1            
     e( 17 - 18) =      4.61726  eV     2   --> E_1            
     e( 19 - 19) =      7.99521  eV     1   --> A_1            
     e( 20 - 20) =     12.22197  eV     1   --> B_1            
     e( 21 - 21) =     14.75937  eV     1   --> B_1            
     e( 22 - 23) =     19.77444  eV     2   --> E_1            
     e( 24 - 24) =     20.81358  eV     1   --> A_1            
     e( 25 - 26) =     20.95017  eV     2   --> E_2            
     e( 27 - 27) =     23.43854  eV     1   --> A_1            
     e( 28 - 29) =     25.08503  eV     2   --> E_1            
     e( 30 - 30) =     26.69291  eV     1   --> B_1            
     e( 31 - 32) =     26.72326  eV     2   --> E_2            
     e( 33 - 33) =     27.82213  eV     1   --> A_1            
     e( 34 - 34) =     29.93548  eV     1   --> B_1            
     e( 35 - 36) =     31.73670  eV     2   --> E_2            

 **************************************************************************

 **************************************************************************

                    xk=(   0.13330,   0.15386,   0.00000  )

     point group C_1 (1)    
     there are  1 classes
     the character table:

       E    
A      1.00

     the symmetry operations in each class and the name of the first element:

     E        1
                                                                 

     Band symmetry, C_1 (1)     point group:

     e(  1 -  1) =     -9.92609  eV     1   --> A              
     e(  2 -  2) =     -9.52754  eV     1   --> A              
     e(  3 -  3) =     -3.80873  eV     1   --> A              
     e(  4 -  4) =     -3.77785  eV     1   --> A              
     e(  5 -  5) =     -3.72783  eV     1   --> A              
     e(  6 -  6) =     -3.66126  eV     1   --> A              
     e(  7 -  7) =     -3.59609  eV     1   --> A              
     e(  8 -  8) =     -3.39211  eV     1   --> A              
     e(  9 -  9) =     -3.34572  eV     1   --> A              
     e( 10 - 10) =     -3.22450  eV     1   --> A              
     e( 11 - 11) =     -3.13566  eV     1   --> A              
     e( 12 - 12) =     -2.56188  eV     1   --> A              
     e( 13 - 13) =      0.71264  eV     1   --> A              
     e( 14 - 14) =      3.13012  eV     1   --> A              
     e( 15 - 15) =      3.50123  eV     1   --> A              
     e( 16 - 16) =      3.78077  eV     1   --> A              
     e( 17 - 17) =      4.39826  eV     1   --> A              
     e( 18 - 18) =      4.42247  eV     1   --> A              
     e( 19 - 19) =      9.19016  eV     1   --> A              
     e( 20 - 20) =     13.17054  eV     1   --> A              
     e( 21 - 21) =     14.79209  eV     1   --> A              
     e( 22 - 22) =     17.61690  eV     1   --> A              
     e( 23 - 23) =     19.15263  eV     1   --> A              
     e( 24 - 24) =     20.01768  eV     1   --> A              
     e( 25 - 25) =     20.52272  eV     1   --> A              
     e( 26 - 26) =     21.47218  eV     1   --> A              
     e( 27 - 27) =     22.43055  eV     1   --> A              
     e( 28 - 28) =     23.44465  eV     1   --> A              
     e( 29 - 29) =     26.28540  eV     1   --> A              
     e( 30 - 30) =     27.82224  eV     1   --> A              
     e( 31 - 31) =     28.42082  eV     1   --> A              
     e( 32 - 32) =     29.13130  eV     1   --> A              
     e( 33 - 33) =     30.19570  eV     1   --> A              
     e( 34 - 34) =     30.31357  eV     1   --> A              
     e( 35 - 35) =     32.09142  eV     1   --> A              
     e( 36 - 36) =     33.37234  eV     1   --> A              

 **************************************************************************

 **************************************************************************

                    xk=(   0.26660,   0.30784,   0.00000  )

     Band symmetry, C_1 (1)     point group:

     e(  1 -  1) =     -9.68069  eV     1   --> A              
     e(  2 -  2) =     -9.46152  eV     1   --> A              
     e(  3 -  3) =     -3.79987  eV     1   --> A              
     e(  4 -  4) =     -3.68729  eV     1   --> A              
     e(  5 -  5) =     -3.50784  eV     1   --> A              
     e(  6 -  6) =     -3.45759  eV     1   --> A              
     e(  7 -  7) =     -3.43618  eV     1   --> A              
     e(  8 -  8) =     -3.32543  eV     1   --> A              
     e(  9 -  9) =     -3.24623  eV     1   --> A              
     e( 10 - 10) =     -3.22714  eV     1   --> A              
     e( 11 - 11) =     -3.07411  eV     1   --> A              
     e( 12 - 12) =     -2.41985  eV     1   --> A              
     e( 13 - 13) =      1.29256  eV     1   --> A              
     e( 14 - 14) =      1.85702  eV     1   --> A              
     e( 15 - 15) =      2.29714  eV     1   --> A              
     e( 16 - 16) =      2.85751  eV     1   --> A              
     e( 17 - 17) =      3.88273  eV     1   --> A              
     e( 18 - 18) =      3.89787  eV     1   --> A              
     e( 19 - 19) =     11.33759  eV     1   --> A              
     e( 20 - 20) =     14.24968  eV     1   --> A              
     e( 21 - 21) =     15.17113  eV     1   --> A              
     e( 22 - 22) =     15.51689  eV     1   --> A              
     e( 23 - 23) =     17.78017  eV     1   --> A              
     e( 24 - 24) =     18.71286  eV     1   --> A              
     e( 25 - 25) =     19.26206  eV     1   --> A              
     e( 26 - 26) =     21.43915  eV     1   --> A              
     e( 27 - 27) =     22.60994  eV     1   --> A              
     e( 28 - 28) =     24.43952  eV     1   --> A              
     e( 29 - 29) =     27.25489  eV     1   --> A              
     e( 30 - 30) =     27.72007  eV     1   --> A              
     e( 31 - 31) =     29.72346  eV     1   --> A              
     e( 32 - 32) =     31.04544  eV     1   --> A              
     e( 33 - 33) =     31.90064  eV     1   --> A              
     e( 34 - 34) =     32.34487  eV     1   --> A              
     e( 35 - 35) =     33.55006  eV     1   --> A              
     e( 36 - 36) =     34.03325  eV     1   --> A              

 **************************************************************************

 **************************************************************************

                    xk=(   0.39990,   0.46171,   0.00000  )

     Band symmetry, C_1 (1)     point group:

     e(  1 -  1) =     -9.52566  eV     1   --> A              
     e(  2 -  2) =     -9.46049  eV     1   --> A              
     e(  3 -  3) =     -3.87868  eV     1   --> A              
     e(  4 -  4) =     -3.61258  eV     1   --> A              
     e(  5 -  5) =     -3.44170  eV     1   --> A              
     e(  6 -  6) =     -3.38476  eV     1   --> A              
     e(  7 -  7) =     -3.33868  eV     1   --> A              
     e(  8 -  8) =     -3.28625  eV     1   --> A              
     e(  9 -  9) =     -3.21858  eV     1   --> A              
     e( 10 - 10) =     -3.17471  eV     1   --> A              
     e( 11 - 11) =     -2.61303  eV     1   --> A              
     e( 12 - 12) =     -2.49067  eV     1   --> A              
     e( 13 - 13) =      1.10529  eV     1   --> A              
     e( 14 - 14) =      1.61179  eV     1   --> A              
     e( 15 - 15) =      2.00342  eV     1   --> A              
     e( 16 - 16) =      2.56256  eV     1   --> A              
     e( 17 - 17) =      3.28546  eV     1   --> A              
     e( 18 - 18) =      3.42369  eV     1   --> A              
     e( 19 - 19) =     13.38898  eV     1   --> A              
     e( 20 - 20) =     14.19365  eV     1   --> A              
     e( 21 - 21) =     14.45458  eV     1   --> A              
     e( 22 - 22) =     15.12228  eV     1   --> A              
     e( 23 - 23) =     17.38643  eV     1   --> A              
     e( 24 - 24) =     18.24145  eV     1   --> A              
     e( 25 - 25) =     19.72000  eV     1   --> A              
     e( 26 - 26) =     20.16234  eV     1   --> A              
     e( 27 - 27) =     22.12740  eV     1   --> A              
     e( 28 - 28) =     26.72817  eV     1   --> A              
     e( 29 - 29) =     27.24590  eV     1   --> A              
     e( 30 - 30) =     28.63033  eV     1   --> A              
     e( 31 - 31) =     29.36511  eV     1   --> A              
     e( 32 - 32) =     30.49781  eV     1   --> A              
     e( 33 - 33) =     32.50830  eV     1   --> A              
     e( 34 - 34) =     33.16758  eV     1   --> A              
     e( 35 - 35) =     33.85802  eV     1   --> A              
     e( 36 - 36) =     33.94891  eV     1   --> A              

 **************************************************************************

 **************************************************************************

                    xk=(   0.53330,   0.61574,   0.00000  )

     Band symmetry, C_1 (1)     point group:

     e(  1 -  1) =     -9.61121  eV     1   --> A              
     e(  2 -  2) =     -9.45255  eV     1   --> A              
     e(  3 -  3) =     -3.84253  eV     1   --> A              
     e(  4 -  4) =     -3.62516  eV     1   --> A              
     e(  5 -  5) =     -3.47358  eV     1   --> A              
     e(  6 -  6) =     -3.42530  eV     1   --> A              
     e(  7 -  7) =     -3.39797  eV     1   --> A              
     e(  8 -  8) =     -3.31568  eV     1   --> A              
     e(  9 -  9) =     -3.21554  eV     1   --> A              
     e( 10 - 10) =     -3.20942  eV     1   --> A              
     e( 11 - 11) =     -2.94111  eV     1   --> A              
     e( 12 - 12) =     -2.39163  eV     1   --> A              
     e( 13 - 13) =      1.32943  eV     1   --> A              
     e( 14 - 14) =      1.74152  eV     1   --> A              
     e( 15 - 15) =      2.18966  eV     1   --> A              
     e( 16 - 16) =      2.48766  eV     1   --> A              
     e( 17 - 17) =      3.59579  eV     1   --> A              
     e( 18 - 18) =      3.68735  eV     1   --> A              
     e( 19 - 19) =     12.09812  eV     1   --> A              
     e( 20 - 20) =     14.34161  eV     1   --> A              
     e( 21 - 21) =     15.25228  eV     1   --> A              
     e( 22 - 22) =     15.29416  eV     1   --> A              
     e( 23 - 23) =     17.77605  eV     1   --> A              
     e( 24 - 24) =     18.34248  eV     1   --> A              
     e( 25 - 25) =     18.57034  eV     1   --> A              
     e( 26 - 26) =     21.45286  eV     1   --> A              
     e( 27 - 27) =     22.26179  eV     1   --> A              
     e( 28 - 28) =     24.99949  eV     1   --> A              
     e( 29 - 29) =     28.27713  eV     1   --> A              
     e( 30 - 30) =     28.58546  eV     1   --> A              
     e( 31 - 31) =     29.53127  eV     1   --> A              
     e( 32 - 32) =     30.35054  eV     1   --> A              
     e( 33 - 33) =     31.51586  eV     1   --> A              
     e( 34 - 34) =     32.82069  eV     1   --> A              
     e( 35 - 35) =     33.63924  eV     1   --> A              
     e( 36 - 36) =     33.79091  eV     1   --> A              

 **************************************************************************

 **************************************************************************

                    xk=(   0.66660,   0.76972,   0.00000  )

     Band symmetry, C_1 (1)     point group:

     e(  1 -  1) =     -9.71231  eV     1   --> A              
     e(  2 -  2) =     -9.46859  eV     1   --> A              
     e(  3 -  3) =     -3.78611  eV     1   --> A              
     e(  4 -  4) =     -3.71243  eV     1   --> A              
     e(  5 -  5) =     -3.56294  eV     1   --> A              
     e(  6 -  6) =     -3.46407  eV     1   --> A              
     e(  7 -  7) =     -3.40113  eV     1   --> A              
     e(  8 -  8) =     -3.37072  eV     1   --> A              
     e(  9 -  9) =     -3.25309  eV     1   --> A              
     e( 10 - 10) =     -3.20672  eV     1   --> A              
     e( 11 - 11) =     -3.12031  eV     1   --> A              
     e( 12 - 12) =     -2.44796  eV     1   --> A              
     e( 13 - 13) =      1.23439  eV     1   --> A              
     e( 14 - 14) =      1.75715  eV     1   --> A              
     e( 15 - 15) =      2.43833  eV     1   --> A              
     e( 16 - 16) =      3.11599  eV     1   --> A              
     e( 17 - 17) =      3.94654  eV     1   --> A              
     e( 18 - 18) =      4.14229  eV     1   --> A              
     e( 19 - 19) =     10.99581  eV     1   --> A              
     e( 20 - 20) =     14.17629  eV     1   --> A              
     e( 21 - 21) =     14.85431  eV     1   --> A              
     e( 22 - 22) =     15.50092  eV     1   --> A              
     e( 23 - 23) =     17.78672  eV     1   --> A              
     e( 24 - 24) =     19.41498  eV     1   --> A              
     e( 25 - 25) =     20.21718  eV     1   --> A              
     e( 26 - 26) =     20.86626  eV     1   --> A              
     e( 27 - 27) =     22.54687  eV     1   --> A              
     e( 28 - 28) =     25.09671  eV     1   --> A              
     e( 29 - 29) =     25.77826  eV     1   --> A              
     e( 30 - 30) =     26.65014  eV     1   --> A              
     e( 31 - 31) =     30.17267  eV     1   --> A              
     e( 32 - 32) =     31.37215  eV     1   --> A              
     e( 33 - 33) =     32.43978  eV     1   --> A              
     e( 34 - 34) =     32.88213  eV     1   --> A              
     e( 35 - 35) =     33.29127  eV     1   --> A              
     e( 36 - 36) =     34.86396  eV     1   --> A              

 **************************************************************************

 **************************************************************************

                    xk=(   0.66660,   0.76972,   0.06196  )

     Band symmetry, C_1 (1)     point group:

     e(  1 -  1) =     -9.70456  eV     1   --> A              
     e(  2 -  2) =     -9.47233  eV     1   --> A              
     e(  3 -  3) =     -3.78940  eV     1   --> A              
     e(  4 -  4) =     -3.70409  eV     1   --> A              
     e(  5 -  5) =     -3.58876  eV     1   --> A              
     e(  6 -  6) =     -3.44714  eV     1   --> A              
     e(  7 -  7) =     -3.40792  eV     1   --> A              
     e(  8 -  8) =     -3.36972  eV     1   --> A              
     e(  9 -  9) =     -3.25056  eV     1   --> A              
     e( 10 - 10) =     -3.19879  eV     1   --> A              
     e( 11 - 11) =     -3.12440  eV     1   --> A              
     e( 12 - 12) =     -2.48241  eV     1   --> A              
     e( 13 - 13) =      1.21671  eV     1   --> A              
     e( 14 - 14) =      1.84564  eV     1   --> A              
     e( 15 - 15) =      2.41442  eV     1   --> A              
     e( 16 - 16) =      3.14132  eV     1   --> A              
     e( 17 - 17) =      3.95510  eV     1   --> A              
     e( 18 - 18) =      4.11760  eV     1   --> A              
     e( 19 - 19) =     11.03069  eV     1   --> A              
     e( 20 - 20) =     13.97162  eV     1   --> A              
     e( 21 - 21) =     14.96980  eV     1   --> A              
     e( 22 - 22) =     15.54031  eV     1   --> A              
     e( 23 - 23) =     17.78207  eV     1   --> A              
     e( 24 - 24) =     19.45205  eV     1   --> A              
     e( 25 - 25) =     20.22220  eV     1   --> A              
     e( 26 - 26) =     20.84064  eV     1   --> A              
     e( 27 - 27) =     22.26064  eV     1   --> A              
     e( 28 - 28) =     25.25152  eV     1   --> A              
     e( 29 - 29) =     25.89582  eV     1   --> A              
     e( 30 - 30) =     26.88413  eV     1   --> A              
     e( 31 - 31) =     29.58736  eV     1   --> A              
     e( 32 - 32) =     31.70080  eV     1   --> A              
     e( 33 - 33) =     32.53224  eV     1   --> A              
     e( 34 - 34) =     32.78008  eV     1   --> A              
     e( 35 - 35) =     33.27208  eV     1   --> A              
     e( 36 - 36) =     34.49716  eV     1   --> A              

 **************************************************************************

 **************************************************************************

                    xk=(   0.66660,   0.76972,   0.12392  )

     Band symmetry, C_1 (1)     point group:

     e(  1 -  1) =     -9.68245  eV     1   --> A              
     e(  2 -  2) =     -9.48396  eV     1   --> A              
     e(  3 -  3) =     -3.79639  eV     1   --> A              
     e(  4 -  4) =     -3.68108  eV     1   --> A              
     e(  5 -  5) =     -3.63676  eV     1   --> A              
     e(  6 -  6) =     -3.42801  eV     1   --> A              
     e(  7 -  7) =     -3.42728  eV     1   --> A              
     e(  8 -  8) =     -3.36802  eV     1   --> A              
     e(  9 -  9) =     -3.24318  eV     1   --> A              
     e( 10 - 10) =     -3.16986  eV     1   --> A              
     e( 11 - 11) =     -3.13621  eV     1   --> A              
     e( 12 - 12) =     -2.57345  eV     1   --> A              
     e( 13 - 13) =      1.21363  eV     1   --> A              
     e( 14 - 14) =      1.95022  eV     1   --> A              
     e( 15 - 15) =      2.45826  eV     1   --> A              
     e( 16 - 16) =      3.21514  eV     1   --> A              
     e( 17 - 17) =      3.95176  eV     1   --> A              
     e( 18 - 18) =      4.04604  eV     1   --> A              
     e( 19 - 19) =     11.14257  eV     1   --> A              
     e( 20 - 20) =     13.54682  eV     1   --> A              
     e( 21 - 21) =     15.15665  eV     1   --> A              
     e( 22 - 22) =     15.63731  eV     1   --> A              
     e( 23 - 23) =     17.76242  eV     1   --> A              
     e( 24 - 24) =     19.48853  eV     1   --> A              
     e( 25 - 25) =     20.24031  eV     1   --> A              
     e( 26 - 26) =     20.76884  eV     1   --> A              
     e( 27 - 27) =     21.81976  eV     1   --> A              
     e( 28 - 28) =     25.30817  eV     1   --> A              
     e( 29 - 29) =     26.24080  eV     1   --> A              
     e( 30 - 30) =     27.51336  eV     1   --> A              
     e( 31 - 31) =     28.87378  eV     1   --> A              
     e( 32 - 32) =     31.61488  eV     1   --> A              
     e( 33 - 33) =     31.86985  eV     1   --> A              
     e( 34 - 34) =     33.30303  eV     1   --> A              
     e( 35 - 35) =     33.32750  eV     1   --> A              
     e( 36 - 36) =     34.25783  eV     1   --> A              

 **************************************************************************

 **************************************************************************

                    xk=(   0.66660,   0.76972,   0.18587  )

     Band symmetry, C_1 (1)     point group:

     e(  1 -  1) =     -9.64927  eV     1   --> A              
     e(  2 -  2) =     -9.50430  eV     1   --> A              
     e(  3 -  3) =     -3.80065  eV     1   --> A              
     e(  4 -  4) =     -3.68727  eV     1   --> A              
     e(  5 -  5) =     -3.64554  eV     1   --> A              
     e(  6 -  6) =     -3.46089  eV     1   --> A              
     e(  7 -  7) =     -3.41806  eV     1   --> A              
     e(  8 -  8) =     -3.37256  eV     1   --> A              
     e(  9 -  9) =     -3.23129  eV     1   --> A              
     e( 10 - 10) =     -3.15407  eV     1   --> A              
     e( 11 - 11) =     -3.11316  eV     1   --> A              
     e( 12 - 12) =     -2.69360  eV     1   --> A              
     e( 13 - 13) =      1.26513  eV     1   --> A              
     e( 14 - 14) =      1.86145  eV     1   --> A              
     e( 15 - 15) =      2.73265  eV     1   --> A              
     e( 16 - 16) =      3.32978  eV     1   --> A              
     e( 17 - 17) =      3.88347  eV     1   --> A              
     e( 18 - 18) =      3.93421  eV     1   --> A              
     e( 19 - 19) =     11.34802  eV     1   --> A              
     e( 20 - 20) =     13.04920  eV     1   --> A              
     e( 21 - 21) =     15.33514  eV     1   --> A              
     e( 22 - 22) =     15.73046  eV     1   --> A              
     e( 23 - 23) =     17.77547  eV     1   --> A              
     e( 24 - 24) =     19.27488  eV     1   --> A              
     e( 25 - 25) =     20.27897  eV     1   --> A              
     e( 26 - 26) =     20.66533  eV     1   --> A              
     e( 27 - 27) =     21.81633  eV     1   --> A              
     e( 28 - 28) =     24.89077  eV     1   --> A              
     e( 29 - 29) =     26.79353  eV     1   --> A              
     e( 30 - 30) =     28.22410  eV     1   --> A              
     e( 31 - 31) =     28.60586  eV     1   --> A              
     e( 32 - 32) =     30.51718  eV     1   --> A              
     e( 33 - 33) =     31.93781  eV     1   --> A              
     e( 34 - 34) =     33.16106  eV     1   --> A              
     e( 35 - 35) =     33.44338  eV     1   --> A              
     e( 36 - 36) =     34.09814  eV     1   --> A              

 **************************************************************************

 **************************************************************************

                    xk=(   0.66660,   0.76972,   0.24783  )

     Band symmetry, C_1 (1)     point group:

     e(  1 -  1) =     -9.60986  eV     1   --> A              
     e(  2 -  2) =     -9.53331  eV     1   --> A              
     e(  3 -  3) =     -3.79397  eV     1   --> A              
     e(  4 -  4) =     -3.73429  eV     1   --> A              
     e(  5 -  5) =     -3.60106  eV     1   --> A              
     e(  6 -  6) =     -3.50364  eV     1   --> A              
     e(  7 -  7) =     -3.40995  eV     1   --> A              
     e(  8 -  8) =     -3.38462  eV     1   --> A              
     e(  9 -  9) =     -3.21514  eV     1   --> A              
     e( 10 - 10) =     -3.17474  eV     1   --> A              
     e( 11 - 11) =     -3.03239  eV     1   --> A              
     e( 12 - 12) =     -2.81798  eV     1   --> A              
     e( 13 - 13) =      1.37081  eV     1   --> A              
     e( 14 - 14) =      1.69121  eV     1   --> A              
     e( 15 - 15) =      3.09749  eV     1   --> A              
     e( 16 - 16) =      3.47393  eV     1   --> A              
     e( 17 - 17) =      3.71473  eV     1   --> A              
     e( 18 - 18) =      3.79172  eV     1   --> A              
     e( 19 - 19) =     11.65710  eV     1   --> A              
     e( 20 - 20) =     12.53939  eV     1   --> A              
     e( 21 - 21) =     15.50589  eV     1   --> A              
     e( 22 - 22) =     15.74412  eV     1   --> A              
     e( 23 - 23) =     17.93322  eV     1   --> A              
     e( 24 - 24) =     18.79190  eV     1   --> A              
     e( 25 - 25) =     20.34487  eV     1   --> A              
     e( 26 - 26) =     20.54875  eV     1   --> A              
     e( 27 - 27) =     22.35522  eV     1   --> A              
     e( 28 - 28) =     24.09241  eV     1   --> A              
     e( 29 - 29) =     27.52811  eV     1   --> A              
     e( 30 - 30) =     28.63115  eV     1   --> A              
     e( 31 - 31) =     28.75435  eV     1   --> A              
     e( 32 - 32) =     29.42625  eV     1   --> A              
     e( 33 - 33) =     32.10433  eV     1   --> A              
     e( 34 - 34) =     32.85004  eV     1   --> A              
     e( 35 - 35) =     33.59498  eV     1   --> A              
     e( 36 - 36) =     33.93678  eV     1   --> A              

 **************************************************************************

 **************************************************************************

                    xk=(   0.66660,   0.76972,   0.30979  )

     Band symmetry, C_1 (1)     point group:

     e(  1 -  2) =     -9.56961  eV     2   -->   2 A              
     e(  3 -  4) =     -3.77155  eV     2   -->   2 A              
     e(  5 -  6) =     -3.55200  eV     2   -->   2 A              
     e(  7 -  8) =     -3.39863  eV     2   -->   2 A              
     e(  9 - 10) =     -3.19568  eV     2   -->   2 A              
     e( 11 - 12) =     -2.93287  eV     2   -->   2 A              
     e( 13 - 14) =      1.51825  eV     2   -->   2 A              
     e( 15 - 16) =      3.44332  eV     2   -->   2 A              
     e( 17 - 18) =      3.63314  eV     2   -->   2 A              
     e( 19 - 20) =     12.06278  eV     2   -->   2 A              
     e( 21 - 22) =     15.65580  eV     2   -->   2 A              
     e( 23 - 24) =     18.29123  eV     2   -->   2 A              
     e( 25 - 26) =     20.43728  eV     2   -->   2 A              
     e( 27 - 28) =     23.18094  eV     2   -->   2 A              
     e( 29 - 30) =     28.41614  eV     2   -->   2 A              
     e( 31 - 32) =     28.80566  eV     2   -->   2 A              
     e( 33 - 34) =     32.45286  eV     2   -->   2 A              
     e( 35 - 36) =     33.76499  eV     2   -->   2 A              

 **************************************************************************

 **************************************************************************

                    xk=(   0.53330,   0.61574,   0.30979  )

     Band symmetry, C_1 (1)     point group:

     e(  1 -  2) =     -9.51389  eV     2   -->   2 A              
     e(  3 -  4) =     -3.70780  eV     2   -->   2 A              
     e(  5 -  6) =     -3.54258  eV     2   -->   2 A              
     e(  7 -  8) =     -3.42224  eV     2   -->   2 A              
     e(  9 - 10) =     -3.17485  eV     2   -->   2 A              
     e( 11 - 12) =     -2.72083  eV     2   -->   2 A              
     e( 13 - 14) =      1.30311  eV     2   -->   2 A              
     e( 15 - 16) =      2.90294  eV     2   -->   2 A              
     e( 17 - 18) =      3.59268  eV     2   -->   2 A              
     e( 19 - 20) =     12.90304  eV     2   -->   2 A              
     e( 21 - 22) =     15.54406  eV     2   -->   2 A              
     e( 23 - 24) =     17.04389  eV     2   -->   2 A              
     e( 25 - 26) =     20.92610  eV     2   -->   2 A              
     e( 27 - 28) =     23.64753  eV     2   -->   2 A              
     e( 29 - 30) =     26.94717  eV     2   -->   2 A              
     e( 31 - 32) =     30.10611  eV     2   -->   2 A              
     e( 33 - 34) =     32.24730  eV     2   -->   2 A              
     e( 35 - 36) =     34.47610  eV     2   -->   2 A              

 **************************************************************************

 **************************************************************************

                    xk=(   0.39990,   0.46171,   0.30979  )

     Band symmetry, C_1 (1)     point group:

     e(  1 -  2) =     -9.47857  eV     2   -->   2 A              
     e(  3 -  4) =     -3.71444  eV     2   -->   2 A              
     e(  5 -  6) =     -3.55244  eV     2   -->   2 A              
     e(  7 -  8) =     -3.31568  eV     2   -->   2 A              
     e(  9 - 10) =     -3.19712  eV     2   -->   2 A              
     e( 11 - 12) =     -2.54434  eV     2   -->   2 A              
     e( 13 - 14) =      0.99712  eV     2   -->   2 A              
     e( 15 - 16) =      2.63906  eV     2   -->   2 A              
     e( 17 - 18) =      3.62567  eV     2   -->   2 A              
     e( 19 - 20) =     13.61979  eV     2   -->   2 A              
     e( 21 - 22) =     15.07129  eV     2   -->   2 A              
     e( 23 - 24) =     16.56820  eV     2   -->   2 A              
     e( 25 - 26) =     21.51045  eV     2   -->   2 A              
     e( 27 - 28) =     23.22328  eV     2   -->   2 A              
     e( 29 - 30) =     27.17483  eV     2   -->   2 A              
     e( 31 - 32) =     29.73771  eV     2   -->   2 A              
     e( 33 - 34) =     32.84644  eV     2   -->   2 A              
     e( 35 - 36) =     34.52885  eV     2   -->   2 A              

 **************************************************************************

 **************************************************************************

                    xk=(   0.26660,   0.30784,   0.30979  )

     Band symmetry, C_1 (1)     point group:

     e(  1 -  2) =     -9.55099  eV     2   -->   2 A              
     e(  3 -  4) =     -3.72997  eV     2   -->   2 A              
     e(  5 -  6) =     -3.55808  eV     2   -->   2 A              
     e(  7 -  8) =     -3.43425  eV     2   -->   2 A              
     e(  9 - 10) =     -3.18338  eV     2   -->   2 A              
     e( 11 - 12) =     -2.86465  eV     2   -->   2 A              
     e( 13 - 14) =      1.50374  eV     2   -->   2 A              
     e( 15 - 16) =      3.24707  eV     2   -->   2 A              
     e( 17 - 18) =      3.57388  eV     2   -->   2 A              
     e( 19 - 20) =     12.35435  eV     2   -->   2 A              
     e( 21 - 22) =     15.70174  eV     2   -->   2 A              
     e( 23 - 24) =     17.72015  eV     2   -->   2 A              
     e( 25 - 26) =     20.54202  eV     2   -->   2 A              
     e( 27 - 28) =     23.67622  eV     2   -->   2 A              
     e( 29 - 30) =     27.10878  eV     2   -->   2 A              
     e( 31 - 32) =     29.87646  eV     2   -->   2 A              
     e( 33 - 34) =     32.59678  eV     2   -->   2 A              
     e( 35 - 36) =     33.73156  eV     2   -->   2 A              

 **************************************************************************

 **************************************************************************

                    xk=(   0.13330,   0.15386,   0.30979  )

     Band symmetry, C_1 (1)     point group:

     e(  1 -  2) =     -9.70283  eV     2   -->   2 A              
     e(  3 -  4) =     -3.75524  eV     2   -->   2 A              
     e(  5 -  6) =     -3.71506  eV     2   -->   2 A              
     e(  7 -  8) =     -3.54854  eV     2   -->   2 A              
     e(  9 - 10) =     -3.22343  eV     2   -->   2 A              
     e( 11 - 12) =     -3.14617  eV     2   -->   2 A              
     e( 13 - 14) =      2.38708  eV     2   -->   2 A              
     e( 15 - 16) =      3.73307  eV     2   -->   2 A              
     e( 17 - 18) =      4.03488  eV     2   -->   2 A              
     e( 19 - 20) =     10.95369  eV     2   -->   2 A              
     e( 21 - 22) =     16.70764  eV     2   -->   2 A              
     e( 23 - 24) =     18.71335  eV     2   -->   2 A              
     e( 25 - 26) =     20.19953  eV     2   -->   2 A              
     e( 27 - 28) =     24.74977  eV     2   -->   2 A              
     e( 29 - 30) =     26.74857  eV     2   -->   2 A              
     e( 31 - 32) =     29.09792  eV     2   -->   2 A              
     e( 33 - 34) =     30.21764  eV     2   -->   2 A              
     e( 35 - 36) =     32.44026  eV     2   -->   2 A              

 **************************************************************************

 **************************************************************************

                    xk=(   0.00000,   0.00000,   0.30979  )

     point group C_6v (6mm) 
     there are  6 classes
     the character table:

       E     2C6   2C3   C2    3s_v  3s_d 
A_1    1.00  1.00  1.00  1.00  1.00  1.00
A_2    1.00  1.00  1.00  1.00 -1.00 -1.00
B_1    1.00 -1.00  1.00 -1.00  1.00 -1.00
B_2    1.00 -1.00  1.00 -1.00 -1.00  1.00
E_1    2.00  1.00 -1.00 -2.00  0.00  0.00
E_2    2.00 -1.00 -1.00  2.00  0.00  0.00

     the symmetry operations in each class and the name of the first element:

     E        1
                                                                 
     2C6      3    4
                                                                 
     2C3      5    6
                                                                 
     C2       2
                                                                 
     3s_v     8   12   11
                                                                 
     3s_d     7    9   10
                                                                 

     Band symmetry, C_6v (6mm)  point group:

     e(  1 -  2) =     -9.79083  eV     2   --> A_1            
     e(  1 -  2) =     -9.79083  eV     2   --> B_1            
     e(  3 -  6) =     -3.80942  eV     4   --> E_1            
     e(  3 -  6) =     -3.80942  eV     4   --> E_2            
     e(  7 -  8) =     -3.56723  eV     2   --> A_1            
     e(  7 -  8) =     -3.56723  eV     2   --> B_1            
     e(  9 - 12) =     -3.22084  eV     4   --> E_1            
     e(  9 - 12) =     -3.22084  eV     4   --> E_2            
     e( 13 - 14) =      2.51546  eV     2   --> A_1            
     e( 13 - 14) =      2.51546  eV     2   --> B_1            
     e( 15 - 18) =      4.30476  eV     4   --> E_1            
     e( 15 - 18) =      4.30476  eV     4   --> E_2            
     e( 19 - 20) =     10.20253  eV     2   --> A_1            
     e( 19 - 20) =     10.20253  eV     2   --> B_1            
     e( 21 - 22) =     16.92148  eV     2   --> A_1            
     e( 21 - 22) =     16.92148  eV     2   --> B_1            
     e( 23 - 26) =     20.02891  eV     4   --> E_1            
     e( 23 - 26) =     20.02891  eV     4   --> E_2            
     e( 27 - 28) =     25.07202  eV     2   --> A_1            
     e( 27 - 28) =     25.07202  eV     2   --> B_1            
     e( 29 - 32) =     27.07499  eV     4   --> E_1            
     e( 29 - 32) =     27.07499  eV     4   --> E_2            
     e( 33 - 34) =     31.29383  eV     2   --> A_1            
     e( 33 - 34) =     31.29383  eV     2   --> B_1            
     e( 35 - 36) =     31.75656  eV     2   -->   ?

 **************************************************************************

     BANDS        :     14.74s CPU     14.15s WALL


   This run was terminated on:  15:20:36  14Oct2025            

=------------------------------------------------------------------------------=
   JOB DONE.
=------------------------------------------------------------------------------=
Note: The following floating-point exceptions are signalling: IEEE_DENORMAL
Note: The following floating-point exceptions are signalling: IEEE_DENORMAL
Note: The following floating-point exceptions are signalling: IEEE_DENORMAL
