
     coordinates at iteration   0


ATOMIC_POSITIONS (crystal)
Zn               0.3333333333        0.6666666667        0.9699220088
Zn               0.6666666667        0.3333333333        0.4699220124
O                0.3333333333        0.6666666667        0.4100779876
O                0.6666666667        0.3333333333        0.9100779864


 
     R & G space division:  proc/nbgrp/npool/nimage =       4
     Subspace diagonalization in iterative solution of the eigenvalue problem:
     a serial algorithm will be used

 
     Parallelization info
     --------------------
     sticks:   dense  smooth     PW     G-vecs:    dense   smooth      PW
     Min         201     201     60                 7421     7421    1178
     Max         202     202     61                 7428     7428    1183
     Sum         805     805    241                29695    29695    4721
 
     Using Slab Decomposition
 


     bravais-lattice index     =            0
     lattice parameter (alat)  =       6.0399  a.u.
     unit-cell volume          =     306.3587 (a.u.)^3
     number of atoms/cell      =            4
     number of atomic types    =            2
     number of electrons       =        52.00
     number of Kohn-Sham states=           36
     kinetic-energy cutoff     =      80.0000  Ry
     charge density cutoff     =     320.0000  Ry
     scf convergence threshold =      1.0E-08
     mixing beta               =       0.3000
     number of iterations used =            8  plain     mixing
     Exchange-correlation= SLA  PW   NOGX NOGC
                           (   1   4   0   0   0   0   0)

     celldm(1)=   6.039902  celldm(2)=   0.000000  celldm(3)=   0.000000
     celldm(4)=   0.000000  celldm(5)=   0.000000  celldm(6)=   0.000000

     crystal axes: (cart. coord. in units of alat)
               a(1) = (   1.000000   0.000000   0.000000 )  
               a(2) = (  -0.500000   0.866025   0.000000 )  
               a(3) = (   0.000000   0.000000   1.605499 )  

     reciprocal axes: (cart. coord. in units 2 pi/alat)
               b(1) = (  1.000000  0.577350  0.000000 )  
               b(2) = (  0.000000  1.154701  0.000000 )  
               b(3) = (  0.000000  0.000000  0.622859 )  


     PseudoPot. # 1 for Zn read from file:
     /home/jvc/ZnO_database/pseudos/ppdojo_LDA/Zn_pseudo-dojo_NC_SR_LDA.upf
     MD5 check sum: 492e12d15cacde48a98384ec5dd6fb31
     Pseudo is Norm-conserving + core correction, Zval = 20.0
     Generated using ONCVPSP code by D. R. Hamann
     Using radial grid of 1296 points,  6 beta functions with: 
                l(1) =   0
                l(2) =   0
                l(3) =   1
                l(4) =   1
                l(5) =   2
                l(6) =   2

     PseudoPot. # 2 for O  read from file:
     /home/jvc/ZnO_database/pseudos/ppdojo_LDA/O_pseudo-dojo_NC_SR_LDA.upf
     MD5 check sum: 86ed389b6a5065e60c3f64c68a612de9
     Pseudo is Norm-conserving + core correction, Zval =  6.0
     Generated using ONCVPSP code by D. R. Hamann
     Using radial grid of  926 points,  5 beta functions with: 
                l(1) =   0
                l(2) =   0
                l(3) =   1
                l(4) =   1
                l(5) =   2

     atomic species   valence    mass     pseudopotential
     Zn               20.00    65.38000     Zn( 1.00)
     O                 6.00    15.99900     O ( 1.00)

     12 Sym. Ops. (no inversion) found ( 6 have fractional translation)


                                    s                        frac. trans.

      isym =  1     identity                                     

 cryst.   s( 1) = (     1          0          0      )
                  (     0          1          0      )
                  (     0          0          1      )

 cart.    s( 1) = (  1.0000000 -0.0000000  0.0000000 )
                  (  0.0000000  1.0000000  0.0000000 )
                  (  0.0000000  0.0000000  1.0000000 )


      isym =  2     180 deg rotation - cart. axis [0,0,1]        

 cryst.   s( 2) = (    -1          0          0      )    f =(  0.0000000 )
                  (     0         -1          0      )       (  0.0000000 )
                  (     0          0          1      )       ( -0.5000000 )

 cart.    s( 2) = ( -1.0000000  0.0000000  0.0000000 )    f =(  0.0000000 )
                  (  0.0000000 -1.0000000  0.0000000 )       (  0.0000000 )
                  (  0.0000000  0.0000000  1.0000000 )       ( -0.8027493 )


      isym =  3      60 deg rotation - cryst. axis [0,0,1]       

 cryst.   s( 3) = (     1          1          0      )    f =(  0.0000000 )
                  (    -1          0          0      )       (  0.0000000 )
                  (     0          0          1      )       ( -0.5000000 )

 cart.    s( 3) = (  0.5000000 -0.8660254  0.0000000 )    f =(  0.0000000 )
                  (  0.8660254  0.5000000  0.0000000 )       (  0.0000000 )
                  (  0.0000000  0.0000000  1.0000000 )       ( -0.8027493 )


      isym =  4      60 deg rotation - cryst. axis [0,0,-1]      

 cryst.   s( 4) = (     0         -1          0      )    f =(  0.0000000 )
                  (     1          1          0      )       ( -0.0000000 )
                  (     0          0          1      )       ( -0.5000000 )

 cart.    s( 4) = (  0.5000000  0.8660254  0.0000000 )    f =(  0.0000000 )
                  ( -0.8660254  0.5000000  0.0000000 )       ( -0.0000000 )
                  (  0.0000000  0.0000000  1.0000000 )       ( -0.8027493 )


      isym =  5     120 deg rotation - cryst. axis [0,0,1]       

 cryst.   s( 5) = (     0          1          0      )
                  (    -1         -1          0      )
                  (     0          0          1      )

 cart.    s( 5) = ( -0.5000000 -0.8660254  0.0000000 )
                  (  0.8660254 -0.5000000  0.0000000 )
                  (  0.0000000  0.0000000  1.0000000 )


      isym =  6     120 deg rotation - cryst. axis [0,0,-1]      

 cryst.   s( 6) = (    -1         -1          0      )
                  (     1          0          0      )
                  (     0          0          1      )

 cart.    s( 6) = ( -0.5000000  0.8660254  0.0000000 )
                  ( -0.8660254 -0.5000000  0.0000000 )
                  (  0.0000000  0.0000000  1.0000000 )


      isym =  7     inv. 180 deg rotation - cart. axis [0,1,0]   

 cryst.   s( 7) = (     1          0          0      )    f =(  0.0000000 )
                  (    -1         -1          0      )       (  0.0000000 )
                  (     0          0          1      )       ( -0.5000000 )

 cart.    s( 7) = (  1.0000000  0.0000000  0.0000000 )    f =(  0.0000000 )
                  (  0.0000000 -1.0000000  0.0000000 )       (  0.0000000 )
                  (  0.0000000  0.0000000  1.0000000 )       ( -0.8027493 )


      isym =  8     inv. 180 deg rotation - cart. axis [1,0,0]   

 cryst.   s( 8) = (    -1          0          0      )
                  (     1          1          0      )
                  (     0          0          1      )

 cart.    s( 8) = ( -1.0000000 -0.0000000  0.0000000 )
                  (  0.0000000  1.0000000  0.0000000 )
                  (  0.0000000  0.0000000  1.0000000 )


      isym =  9     inv. 180 deg rotation - cryst. axis [1,-1,0] 

 cryst.   s( 9) = (     0          1          0      )    f =(  0.0000000 )
                  (     1          0          0      )       (  0.0000000 )
                  (     0          0          1      )       ( -0.5000000 )

 cart.    s( 9) = ( -0.5000000  0.8660254  0.0000000 )    f =(  0.0000000 )
                  (  0.8660254  0.5000000  0.0000000 )       (  0.0000000 )
                  (  0.0000000  0.0000000  1.0000000 )       ( -0.8027493 )


      isym = 10     inv. 180 deg rotation - cryst. axis [2,1,0]  

 cryst.   s(10) = (    -1         -1          0      )    f =(  0.0000000 )
                  (     0          1          0      )       ( -0.0000000 )
                  (     0          0          1      )       ( -0.5000000 )

 cart.    s(10) = ( -0.5000000 -0.8660254  0.0000000 )    f =(  0.0000000 )
                  ( -0.8660254  0.5000000  0.0000000 )       ( -0.0000000 )
                  (  0.0000000  0.0000000  1.0000000 )       ( -0.8027493 )


      isym = 11     inv. 180 deg rotation - cryst. axis [0,1,0]  

 cryst.   s(11) = (     1          1          0      )
                  (     0         -1          0      )
                  (     0          0          1      )

 cart.    s(11) = (  0.5000000  0.8660254  0.0000000 )
                  (  0.8660254 -0.5000000  0.0000000 )
                  (  0.0000000  0.0000000  1.0000000 )


      isym = 12     inv. 180 deg rotation - cryst. axis [1,1,0]  

 cryst.   s(12) = (     0         -1          0      )
                  (    -1          0          0      )
                  (     0          0          1      )

 cart.    s(12) = (  0.5000000 -0.8660254  0.0000000 )
                  ( -0.8660254 -0.5000000  0.0000000 )
                  (  0.0000000  0.0000000  1.0000000 )


   Cartesian axes

     site n.     atom                  positions (alat units)
         1        Zn     tau(   1) = (  -0.0000000   0.5773503   1.5572084  )
         2        Zn     tau(   2) = (   0.5000000   0.2886751   0.7544591  )
         3        O      tau(   3) = (  -0.0000000   0.5773503   0.6583796  )
         4        O      tau(   4) = (   0.5000000   0.2886751   1.4611289  )

   Crystallographic axes

     site n.     atom                  positions (cryst. coord.)
         1        Zn     tau(   1) = (  0.3333333  0.6666667  0.9699220  )
         2        Zn     tau(   2) = (  0.6666667  0.3333333  0.4699220  )
         3        O      tau(   3) = (  0.3333333  0.6666667  0.4100780  )
         4        O      tau(   4) = (  0.6666667  0.3333333  0.9100780  )

     number of k points=    21
                       cart. coord. in units 2pi/alat
        k(    1) = (   0.0000000   0.0000000   0.0000000), wk =   0.0138889
        k(    2) = (   0.0000000   0.0000000   0.1557149), wk =   0.0277778
        k(    3) = (   0.0000000   0.0000000  -0.3114297), wk =   0.0138889
        k(    4) = (   0.0000000   0.1924501   0.0000000), wk =   0.0833333
        k(    5) = (   0.0000000   0.1924501   0.1557149), wk =   0.1666667
        k(    6) = (   0.0000000   0.1924501  -0.3114297), wk =   0.0833333
        k(    7) = (   0.0000000   0.3849002   0.0000000), wk =   0.0833333
        k(    8) = (   0.0000000   0.3849002   0.1557149), wk =   0.1666667
        k(    9) = (   0.0000000   0.3849002  -0.3114297), wk =   0.0833333
        k(   10) = (   0.0000000  -0.5773503   0.0000000), wk =   0.0416667
        k(   11) = (   0.0000000  -0.5773503   0.1557149), wk =   0.0833333
        k(   12) = (   0.0000000  -0.5773503  -0.3114297), wk =   0.0416667
        k(   13) = (   0.1666667   0.2886751   0.0000000), wk =   0.0833333
        k(   14) = (   0.1666667   0.2886751   0.1557149), wk =   0.1666667
        k(   15) = (   0.1666667   0.2886751  -0.3114297), wk =   0.0833333
        k(   16) = (   0.1666667   0.4811252   0.0000000), wk =   0.1666667
        k(   17) = (   0.1666667   0.4811252   0.1557149), wk =   0.3333333
        k(   18) = (   0.1666667   0.4811252  -0.3114297), wk =   0.1666667
        k(   19) = (   0.3333333   0.5773503   0.0000000), wk =   0.0277778
        k(   20) = (   0.3333333   0.5773503   0.1557149), wk =   0.0555556
        k(   21) = (   0.3333333   0.5773503  -0.3114297), wk =   0.0277778

                       cryst. coord.
        k(    1) = (   0.0000000   0.0000000   0.0000000), wk =   0.0138889
        k(    2) = (   0.0000000   0.0000000   0.2500000), wk =   0.0277778
        k(    3) = (   0.0000000   0.0000000  -0.5000000), wk =   0.0138889
        k(    4) = (   0.0000000   0.1666667   0.0000000), wk =   0.0833333
        k(    5) = (   0.0000000   0.1666667   0.2500000), wk =   0.1666667
        k(    6) = (   0.0000000   0.1666667  -0.5000000), wk =   0.0833333
        k(    7) = (   0.0000000   0.3333333   0.0000000), wk =   0.0833333
        k(    8) = (   0.0000000   0.3333333   0.2500000), wk =   0.1666667
        k(    9) = (   0.0000000   0.3333333  -0.5000000), wk =   0.0833333
        k(   10) = (   0.0000000  -0.5000000   0.0000000), wk =   0.0416667
        k(   11) = (   0.0000000  -0.5000000   0.2500000), wk =   0.0833333
        k(   12) = (   0.0000000  -0.5000000  -0.5000000), wk =   0.0416667
        k(   13) = (   0.1666667   0.1666667   0.0000000), wk =   0.0833333
        k(   14) = (   0.1666667   0.1666667   0.2500000), wk =   0.1666667
        k(   15) = (   0.1666667   0.1666667  -0.5000000), wk =   0.0833333
        k(   16) = (   0.1666667   0.3333333   0.0000000), wk =   0.1666667
        k(   17) = (   0.1666667   0.3333333   0.2500000), wk =   0.3333333
        k(   18) = (   0.1666667   0.3333333  -0.5000000), wk =   0.1666667
        k(   19) = (   0.3333333   0.3333333   0.0000000), wk =   0.0277778
        k(   20) = (   0.3333333   0.3333333   0.2500000), wk =   0.0555556
        k(   21) = (   0.3333333   0.3333333  -0.5000000), wk =   0.0277778

     Dense  grid:    29695 G-vectors     FFT dimensions: (  36,  36,  60)

     Dynamical RAM for                 wfc:       0.51 MB

     Dynamical RAM for     wfc (w. buffer):      11.18 MB

     Dynamical RAM for           str. fact:       0.23 MB

     Dynamical RAM for           local pot:       0.00 MB

     Dynamical RAM for          nlocal pot:       0.88 MB

     Dynamical RAM for                qrad:       2.87 MB

     Dynamical RAM for          rho,v,vnew:       0.78 MB

     Dynamical RAM for               rhoin:       0.26 MB

     Dynamical RAM for            rho*nmix:       1.81 MB

     Dynamical RAM for           G-vectors:       0.48 MB

     Dynamical RAM for          h,s,v(r/c):       0.24 MB

     Dynamical RAM for          <psi|beta>:       0.03 MB

     Dynamical RAM for                 psi:       1.02 MB

     Dynamical RAM for                hpsi:       1.02 MB

     Dynamical RAM for      wfcinit/wfcrot:       1.05 MB

     Estimated static dynamical RAM per process >      17.76 MB

     Estimated max dynamical RAM per process >      21.88 MB

     Estimated total dynamical RAM >      87.51 MB

     Initial potential from superposition of free atoms

     starting charge      51.9998, renormalised to      52.0000
     Starting wfcs are   28 randomized atomic wfcs +    8 random wfcs

     total cpu time spent up to now is        1.7 secs

     Self-consistent Calculation

     iteration #  1     ecut=    80.00 Ry     beta= 0.30
     Davidson diagonalization with overlap

---- Real-time Memory Report at c_bands before calling an iterative solver
           112 MiB given to the printing process from OS
             0 MiB allocation reported by mallinfo(arena+hblkhd)
         24698 MiB available memory on the node where the printing process lives
------------------
     ethr =  1.00E-02,  avg # of iterations =  4.6

     total cpu time spent up to now is        7.5 secs

     total energy              =    -901.69392396 Ry
     estimated scf accuracy    <       0.79563030 Ry

     iteration #  2     ecut=    80.00 Ry     beta= 0.30
     Davidson diagonalization with overlap

---- Real-time Memory Report at c_bands before calling an iterative solver
           117 MiB given to the printing process from OS
             0 MiB allocation reported by mallinfo(arena+hblkhd)
         24602 MiB available memory on the node where the printing process lives
------------------
     ethr =  1.53E-03,  avg # of iterations =  2.0

     total cpu time spent up to now is       11.5 secs

     total energy              =    -901.81303706 Ry
     estimated scf accuracy    <       0.02807507 Ry

     iteration #  3     ecut=    80.00 Ry     beta= 0.30
     Davidson diagonalization with overlap

---- Real-time Memory Report at c_bands before calling an iterative solver
           118 MiB given to the printing process from OS
             0 MiB allocation reported by mallinfo(arena+hblkhd)
         25468 MiB available memory on the node where the printing process lives
------------------
     ethr =  5.40E-05,  avg # of iterations =  2.6

     total cpu time spent up to now is       15.7 secs

     total energy              =    -901.81076499 Ry
     estimated scf accuracy    <       0.00992145 Ry

     iteration #  4     ecut=    80.00 Ry     beta= 0.30
     Davidson diagonalization with overlap

---- Real-time Memory Report at c_bands before calling an iterative solver
           119 MiB given to the printing process from OS
             0 MiB allocation reported by mallinfo(arena+hblkhd)
         24833 MiB available memory on the node where the printing process lives
------------------
     ethr =  1.91E-05,  avg # of iterations =  2.0

     total cpu time spent up to now is       19.8 secs

     total energy              =    -901.81122692 Ry
     estimated scf accuracy    <       0.00032027 Ry

     iteration #  5     ecut=    80.00 Ry     beta= 0.30
     Davidson diagonalization with overlap

---- Real-time Memory Report at c_bands before calling an iterative solver
           120 MiB given to the printing process from OS
             0 MiB allocation reported by mallinfo(arena+hblkhd)
         24631 MiB available memory on the node where the printing process lives
------------------
     ethr =  6.16E-07,  avg # of iterations =  3.9

     total cpu time spent up to now is       24.7 secs

     total energy              =    -901.81130333 Ry
     estimated scf accuracy    <       0.00002756 Ry

     iteration #  6     ecut=    80.00 Ry     beta= 0.30
     Davidson diagonalization with overlap

---- Real-time Memory Report at c_bands before calling an iterative solver
           120 MiB given to the printing process from OS
             0 MiB allocation reported by mallinfo(arena+hblkhd)
         25064 MiB available memory on the node where the printing process lives
------------------
     ethr =  5.30E-08,  avg # of iterations =  2.0

     total cpu time spent up to now is       29.0 secs

     total energy              =    -901.81130742 Ry
     estimated scf accuracy    <       0.00000708 Ry

     iteration #  7     ecut=    80.00 Ry     beta= 0.30
     Davidson diagonalization with overlap

---- Real-time Memory Report at c_bands before calling an iterative solver
           121 MiB given to the printing process from OS
             0 MiB allocation reported by mallinfo(arena+hblkhd)
         25041 MiB available memory on the node where the printing process lives
------------------
     ethr =  1.36E-08,  avg # of iterations =  2.0

     total cpu time spent up to now is       33.0 secs

     total energy              =    -901.81130826 Ry
     estimated scf accuracy    <       0.00000045 Ry

     iteration #  8     ecut=    80.00 Ry     beta= 0.30
     Davidson diagonalization with overlap

---- Real-time Memory Report at c_bands before calling an iterative solver
           121 MiB given to the printing process from OS
             0 MiB allocation reported by mallinfo(arena+hblkhd)
         24612 MiB available memory on the node where the printing process lives
------------------
     ethr =  8.56E-10,  avg # of iterations =  2.0

     total cpu time spent up to now is       38.0 secs

     total energy              =    -901.81130828 Ry
     estimated scf accuracy    <       0.00000029 Ry

     iteration #  9     ecut=    80.00 Ry     beta= 0.30
     Davidson diagonalization with overlap

---- Real-time Memory Report at c_bands before calling an iterative solver
           122 MiB given to the printing process from OS
             0 MiB allocation reported by mallinfo(arena+hblkhd)
         24617 MiB available memory on the node where the printing process lives
------------------
     ethr =  5.56E-10,  avg # of iterations =  2.0

     total cpu time spent up to now is       42.0 secs

     total energy              =    -901.81130831 Ry
     estimated scf accuracy    <       0.00000001 Ry

     iteration # 10     ecut=    80.00 Ry     beta= 0.30
     Davidson diagonalization with overlap

---- Real-time Memory Report at c_bands before calling an iterative solver
           122 MiB given to the printing process from OS
             0 MiB allocation reported by mallinfo(arena+hblkhd)
         25431 MiB available memory on the node where the printing process lives
------------------
     ethr =  2.28E-11,  avg # of iterations =  2.0

     total cpu time spent up to now is       46.8 secs

     End of self-consistent calculation

          k = 0.0000 0.0000 0.0000 (  3705 PWs)   bands (ev):

  -112.6605-112.6603 -67.3642 -67.3605 -67.2895 -67.2895 -67.2888 -67.2888
    -8.0882  -7.2957   3.6999   3.6999   3.7053   3.7053   4.5564   4.7887
     5.3325   5.3325   5.5528   5.5528   6.0575   9.3602   9.7605   9.7605
    10.2222  10.2222  11.1866  15.2205  18.2395  23.0070  23.0070  24.2573
    24.2573  24.6869  26.5101  29.0190

     occupation numbers 
     1.0000   1.0000   1.0000   1.0000   1.0000   1.0000   1.0000   1.0000
     1.0000   1.0000   1.0000   1.0000   1.0000   1.0000   1.0000   1.0000
     1.0000   1.0000   1.0000   1.0000   1.0000   1.0000   1.0000   1.0000
     1.0000   1.0000   0.0000   0.0000   0.0000   0.0000   0.0000   0.0000
     0.0000   0.0000   0.0000   0.0000

          k = 0.0000 0.0000 0.1557 (  3688 PWs)   bands (ev):

  -112.6605-112.6603 -67.3637 -67.3610 -67.2894 -67.2894 -67.2889 -67.2889
    -7.9781  -7.4180   3.6932   3.6932   3.6974   3.6974   4.4147   4.6520
     5.3731   5.3731   5.5287   5.5287   6.6006   8.6543   9.8311   9.8311
    10.1581  10.1581  12.1588  14.8437  18.5992  22.4957  23.0175  23.0175
    23.8453  23.8453  27.4867  29.6805

     occupation numbers 
     1.0000   1.0000   1.0000   1.0000   1.0000   1.0000   1.0000   1.0000
     1.0000   1.0000   1.0000   1.0000   1.0000   1.0000   1.0000   1.0000
     1.0000   1.0000   1.0000   1.0000   1.0000   1.0000   1.0000   1.0000
     1.0000   1.0000   0.0000   0.0000   0.0000   0.0000   0.0000   0.0000
     0.0000   0.0000   0.0000   0.0000

          k = 0.0000 0.0000-0.3114 (  3736 PWs)   bands (ev):

  -112.6604-112.6604 -67.3624 -67.3624 -67.2891 -67.2891 -67.2891 -67.2891
    -7.7041  -7.7041   3.6881   3.6881   3.6881   3.6881   4.4239   4.4239
     5.4590   5.4590   5.4590   5.4590   7.6122   7.6123   9.9977   9.9977
     9.9977   9.9977  13.6899  13.6899  20.0019  20.0019  23.2559  23.2559
    23.2559  23.2559  28.5954  28.5954

     occupation numbers 
     1.0000   1.0000   1.0000   1.0000   1.0000   1.0000   1.0000   1.0000
     1.0000   1.0000   1.0000   1.0000   1.0000   1.0000   1.0000   1.0000
     1.0000   1.0000   1.0000   1.0000   1.0000   1.0000   1.0000   1.0000
     1.0000   1.0000   0.0000   0.0000   0.0000   0.0000   0.0000   0.0000
     0.0000   0.0000   0.0000   0.0000

          k = 0.0000 0.1925 0.0000 (  3703 PWs)   bands (ev):

  -112.6605-112.6603 -67.3640 -67.3606 -67.2903 -67.2897 -67.2896 -67.2890
    -7.9096  -7.2038   3.5728   3.7014   3.8572   3.9009   4.4944   4.8205
     5.2616   5.3034   5.5645   5.8391   6.1724   8.6840   8.9944   9.2724
     9.3682   9.8424  12.6374  16.2997  18.1315  20.9260  22.7175  23.4758
    23.6942  24.9986  26.6570  27.4516

     occupation numbers 
     1.0000   1.0000   1.0000   1.0000   1.0000   1.0000   1.0000   1.0000
     1.0000   1.0000   1.0000   1.0000   1.0000   1.0000   1.0000   1.0000
     1.0000   1.0000   1.0000   1.0000   1.0000   1.0000   1.0000   1.0000
     1.0000   1.0000   0.0000   0.0000   0.0000   0.0000   0.0000   0.0000
     0.0000   0.0000   0.0000   0.0000

          k = 0.0000 0.1925 0.1557 (  3712 PWs)   bands (ev):

  -112.6604-112.6603 -67.3635 -67.3611 -67.2902 -67.2897 -67.2896 -67.2891
    -7.8096  -7.3104   3.5613   3.6408   3.8561   3.8865   4.4029   4.6489
     5.3490   5.3641   5.5330   5.6682   6.7939   8.4015   8.8961   9.3590
     9.5390   9.7625  13.1533  15.7233  18.5392  21.1174  21.9809  22.6449
    23.4913  24.3871  27.2101  28.6644

     occupation numbers 
     1.0000   1.0000   1.0000   1.0000   1.0000   1.0000   1.0000   1.0000
     1.0000   1.0000   1.0000   1.0000   1.0000   1.0000   1.0000   1.0000
     1.0000   1.0000   1.0000   1.0000   1.0000   1.0000   1.0000   1.0000
     1.0000   1.0000   0.0000   0.0000   0.0000   0.0000   0.0000   0.0000
     0.0000   0.0000   0.0000   0.0000

          k = 0.0000 0.1925-0.3114 (  3702 PWs)   bands (ev):

  -112.6604-112.6604 -67.3623 -67.3623 -67.2899 -67.2899 -67.2894 -67.2894
    -7.5634  -7.5634   3.5652   3.5652   3.8636   3.8636   4.4257   4.4257
     5.4480   5.4480   5.5212   5.5212   7.6725   7.6725   9.2708   9.2708
     9.5641   9.5641  14.4205  14.4205  19.8415  19.8415  21.8443  21.8443
    23.7298  23.7298  28.7286  28.7286

     occupation numbers 
     1.0000   1.0000   1.0000   1.0000   1.0000   1.0000   1.0000   1.0000
     1.0000   1.0000   1.0000   1.0000   1.0000   1.0000   1.0000   1.0000
     1.0000   1.0000   1.0000   1.0000   1.0000   1.0000   1.0000   1.0000
     1.0000   1.0000   0.0000   0.0000   0.0000   0.0000   0.0000   0.0000
     0.0000   0.0000   0.0000   0.0000

          k = 0.0000 0.3849 0.0000 (  3713 PWs)   bands (ev):

  -112.6604-112.6602 -67.3633 -67.3611 -67.2918 -67.2912 -67.2902 -67.2893
    -7.5068  -7.0431   3.4778   3.7838   4.2760   4.3112   4.5662   4.8251
     5.2428   5.2924   5.5813   5.8680   6.7401   7.0149   7.4885   8.2810
     9.0340   9.2263  14.6490  17.7435  17.8695  19.0487  20.7936  21.9179
    24.3366  25.2185  25.9647  28.2899

     occupation numbers 
     1.0000   1.0000   1.0000   1.0000   1.0000   1.0000   1.0000   1.0000
     1.0000   1.0000   1.0000   1.0000   1.0000   1.0000   1.0000   1.0000
     1.0000   1.0000   1.0000   1.0000   1.0000   1.0000   1.0000   1.0000
     1.0000   1.0000   0.0000   0.0000   0.0000   0.0000   0.0000   0.0000
     0.0000   0.0000   0.0000   0.0000

          k = 0.0000 0.3849 0.1557 (  3701 PWs)   bands (ev):

  -112.6603-112.6602 -67.3629 -67.3614 -67.2917 -67.2913 -67.2901 -67.2895
    -7.4366  -7.1081   3.4557   3.6552   4.2736   4.2983   4.4718   4.6361
     5.3371   5.4095   5.5395   5.7822   6.7761   7.1115   7.8903   8.3982
     8.9297   9.2990  14.7627  16.6955  18.5875  19.2332  20.5115  21.8676
    24.3307  24.8553  25.5291  29.3617

     occupation numbers 
     1.0000   1.0000   1.0000   1.0000   1.0000   1.0000   1.0000   1.0000
     1.0000   1.0000   1.0000   1.0000   1.0000   1.0000   1.0000   1.0000
     1.0000   1.0000   1.0000   1.0000   1.0000   1.0000   1.0000   1.0000
     1.0000   1.0000   0.0000   0.0000   0.0000   0.0000   0.0000   0.0000
     0.0000   0.0000   0.0000   0.0000

          k = 0.0000 0.3849-0.3114 (  3702 PWs)   bands (ev):

  -112.6603-112.6603 -67.3622 -67.3622 -67.2915 -67.2915 -67.2898 -67.2898
    -7.2697  -7.2697   3.4788   3.4788   4.2784   4.2784   4.4577   4.4577
     5.4397   5.4397   5.6214   5.6214   6.9269   6.9269   8.6703   8.6703
     8.8774   8.8774  15.4692  15.4692  19.2008  19.2008  20.8007  20.8007
    24.4509  24.4509  27.1157  27.1157

     occupation numbers 
     1.0000   1.0000   1.0000   1.0000   1.0000   1.0000   1.0000   1.0000
     1.0000   1.0000   1.0000   1.0000   1.0000   1.0000   1.0000   1.0000
     1.0000   1.0000   1.0000   1.0000   1.0000   1.0000   1.0000   1.0000
     1.0000   1.0000   0.0000   0.0000   0.0000   0.0000   0.0000   0.0000
     0.0000   0.0000   0.0000   0.0000

          k = 0.0000-0.5774 0.0000 (  3706 PWs)   bands (ev):

  -112.6603-112.6602 -67.3627 -67.3615 -67.2925 -67.2920 -67.2905 -67.2895
    -7.2517  -7.0042   3.5876   3.8237   4.5052   4.5775   4.6735   5.0104
     5.3479   5.4199   5.5913   5.6840   5.8756   6.4148   7.6362   7.7266
     8.5853   8.9910  16.2061  17.0500  17.8005  18.6934  19.8984  21.9870
    24.7710  24.8705  25.6266  29.9263

     occupation numbers 
     1.0000   1.0000   1.0000   1.0000   1.0000   1.0000   1.0000   1.0000
     1.0000   1.0000   1.0000   1.0000   1.0000   1.0000   1.0000   1.0000
     1.0000   1.0000   1.0000   1.0000   1.0000   1.0000   1.0000   1.0000
     1.0000   1.0000   0.0000   0.0000   0.0000   0.0000   0.0000   0.0000
     0.0000   0.0000   0.0000   0.0000

          k = 0.0000-0.5774 0.1557 (  3696 PWs)   bands (ev):

  -112.6603-112.6602 -67.3626 -67.3617 -67.2924 -67.2921 -67.2903 -67.2897
    -7.2099  -7.0344   3.5358   3.7071   4.5106   4.5619   4.5686   4.7900
     5.3783   5.5084   5.5469   5.6635   6.0182   6.3111   7.8654   8.1842
     8.4695   9.1707  15.7656  16.7077  18.3196  18.8297  19.7937  21.8018
    24.7263  24.7700  25.2217  29.6467

     occupation numbers 
     1.0000   1.0000   1.0000   1.0000   1.0000   1.0000   1.0000   1.0000
     1.0000   1.0000   1.0000   1.0000   1.0000   1.0000   1.0000   1.0000
     1.0000   1.0000   1.0000   1.0000   1.0000   1.0000   1.0000   1.0000
     1.0000   1.0000   0.0000   0.0000   0.0000   0.0000   0.0000   0.0000
     0.0000   0.0000   0.0000   0.0000

          k = 0.0000-0.5774-0.3114 (  3712 PWs)   bands (ev):

  -112.6603-112.6603 -67.3621 -67.3621 -67.2923 -67.2923 -67.2900 -67.2900
    -7.1163  -7.1163   3.5310   3.5310   4.5311   4.5311   4.5702   4.5702
     5.4561   5.4561   5.6085   5.6085   6.1794   6.1794   8.1784   8.1784
     9.0134   9.0134  15.8895  15.8895  18.8046  18.8046  20.5210  20.5210
    24.6823  24.6823  26.8606  26.8606

     occupation numbers 
     1.0000   1.0000   1.0000   1.0000   1.0000   1.0000   1.0000   1.0000
     1.0000   1.0000   1.0000   1.0000   1.0000   1.0000   1.0000   1.0000
     1.0000   1.0000   1.0000   1.0000   1.0000   1.0000   1.0000   1.0000
     1.0000   1.0000   0.0000   0.0000   0.0000   0.0000   0.0000   0.0000
     0.0000   0.0000   0.0000   0.0000

          k = 0.1667 0.2887 0.0000 (  3709 PWs)   bands (ev):

  -112.6604-112.6602 -67.3635 -67.3609 -67.2912 -67.2909 -67.2901 -67.2894
    -7.6170  -7.0781   3.5438   3.7674   4.1103   4.1623   4.5544   4.8211
     5.2392   5.2689   5.5716   5.8992   6.6804   7.6335   7.8210   8.2541
     9.0329   9.3118  14.2212  17.6975  18.1129  19.5917  21.3310  21.9781
    23.3504  25.0434  25.8798  28.2429

     occupation numbers 
     1.0000   1.0000   1.0000   1.0000   1.0000   1.0000   1.0000   1.0000
     1.0000   1.0000   1.0000   1.0000   1.0000   1.0000   1.0000   1.0000
     1.0000   1.0000   1.0000   1.0000   1.0000   1.0000   1.0000   1.0000
     1.0000   1.0000   0.0000   0.0000   0.0000   0.0000   0.0000   0.0000
     0.0000   0.0000   0.0000   0.0000

          k = 0.1667 0.2887 0.1557 (  3710 PWs)   bands (ev):

  -112.6604-112.6603 -67.3631 -67.3613 -67.2911 -67.2909 -67.2900 -67.2895
    -7.5373  -7.1557   3.5242   3.6492   4.1180   4.1480   4.4628   4.6313
     5.3181   5.3961   5.5336   5.7819   7.0095   7.6427   8.0187   8.3393
     8.9243   9.3838  14.4691  16.7242  18.6398  19.7935  21.2206  21.4884
    23.1309  25.1729  26.0901  28.6275

     occupation numbers 
     1.0000   1.0000   1.0000   1.0000   1.0000   1.0000   1.0000   1.0000
     1.0000   1.0000   1.0000   1.0000   1.0000   1.0000   1.0000   1.0000
     1.0000   1.0000   1.0000   1.0000   1.0000   1.0000   1.0000   1.0000
     1.0000   1.0000   0.0000   0.0000   0.0000   0.0000   0.0000   0.0000
     0.0000   0.0000   0.0000   0.0000

          k = 0.1667 0.2887-0.3114 (  3714 PWs)   bands (ev):

  -112.6603-112.6603 -67.3622 -67.3622 -67.2910 -67.2910 -67.2898 -67.2898
    -7.3455  -7.3455   3.5201   3.5201   4.1275   4.1275   4.4482   4.4482
     5.4260   5.4260   5.6119   5.6119   7.3396   7.3396   8.5788   8.5788
     8.9846   8.9846  15.3750  15.3750  19.5320  19.5320  20.8309  20.8309
    23.9755  23.9755  28.2700  28.2700

     occupation numbers 
     1.0000   1.0000   1.0000   1.0000   1.0000   1.0000   1.0000   1.0000
     1.0000   1.0000   1.0000   1.0000   1.0000   1.0000   1.0000   1.0000
     1.0000   1.0000   1.0000   1.0000   1.0000   1.0000   1.0000   1.0000
     1.0000   1.0000   0.0000   0.0000   0.0000   0.0000   0.0000   0.0000
     0.0000   0.0000   0.0000   0.0000

          k = 0.1667 0.4811 0.0000 (  3710 PWs)   bands (ev):

  -112.6603-112.6602 -67.3627 -67.3615 -67.2921 -67.2917 -67.2908 -67.2899
    -7.2625  -6.9996   3.7704   3.9861   4.3909   4.5030   4.6991   4.8837
     5.2987   5.3472   5.5940   5.8114   6.2462   6.6483   7.0791   7.6759
     8.1282   8.9818  16.2433  18.0285  18.2890  18.7646  20.2173  21.7216
    22.2025  24.4726  26.7738  29.7595

     occupation numbers 
     1.0000   1.0000   1.0000   1.0000   1.0000   1.0000   1.0000   1.0000
     1.0000   1.0000   1.0000   1.0000   1.0000   1.0000   1.0000   1.0000
     1.0000   1.0000   1.0000   1.0000   1.0000   1.0000   1.0000   1.0000
     1.0000   1.0000   0.0000   0.0000   0.0000   0.0000   0.0000   0.0000
     0.0000   0.0000   0.0000   0.0000

          k = 0.1667 0.4811 0.1557 (  3691 PWs)   bands (ev):

  -112.6603-112.6602 -67.3626 -67.3617 -67.2920 -67.2918 -67.2907 -67.2900
    -7.2187  -7.0323   3.7204   3.8566   4.3976   4.4674   4.5968   4.7070
     5.3564   5.4242   5.5850   5.7751   6.3079   6.5459   7.2396   7.8941
     8.3153   9.1921  16.1248  17.3217  18.7041  18.9288  19.8456  21.1358
    22.9056  24.8981  26.8594  29.1426

     occupation numbers 
     1.0000   1.0000   1.0000   1.0000   1.0000   1.0000   1.0000   1.0000
     1.0000   1.0000   1.0000   1.0000   1.0000   1.0000   1.0000   1.0000
     1.0000   1.0000   1.0000   1.0000   1.0000   1.0000   1.0000   1.0000
     1.0000   1.0000   0.0000   0.0000   0.0000   0.0000   0.0000   0.0000
     0.0000   0.0000   0.0000   0.0000

          k = 0.1667 0.4811-0.3114 (  3696 PWs)   bands (ev):

  -112.6603-112.6603 -67.3621 -67.3621 -67.2919 -67.2919 -67.2904 -67.2904
    -7.1199  -7.1199   3.6922   3.6922   4.4155   4.4155   4.5673   4.5673
     5.4155   5.4155   5.6789   5.6789   6.4174   6.4174   7.5834   7.5834
     9.0978   9.0978  16.3980  16.3980  19.0285  19.0285  20.0176  20.0176
    24.4920  24.4920  27.4345  27.4345

     occupation numbers 
     1.0000   1.0000   1.0000   1.0000   1.0000   1.0000   1.0000   1.0000
     1.0000   1.0000   1.0000   1.0000   1.0000   1.0000   1.0000   1.0000
     1.0000   1.0000   1.0000   1.0000   1.0000   1.0000   1.0000   1.0000
     1.0000   1.0000   0.0000   0.0000   0.0000   0.0000   0.0000   0.0000
     0.0000   0.0000   0.0000   0.0000

          k = 0.3333 0.5774 0.0000 (  3684 PWs)   bands (ev):

  -112.6602-112.6602 -67.3621 -67.3621 -67.2917 -67.2916 -67.2916 -67.2906
    -7.0600  -7.0600   4.2824   4.2824   4.4343   4.6699   4.7868   4.7868
     5.2032   5.2977   5.8009   5.8009   5.8912   6.3745   6.3745   7.0988
     8.4281   8.4281  18.0452  18.0452  18.4167  18.7703  20.0990  20.0990
    22.9065  24.6496  24.6496  31.6138

     occupation numbers 
     1.0000   1.0000   1.0000   1.0000   1.0000   1.0000   1.0000   1.0000
     1.0000   1.0000   1.0000   1.0000   1.0000   1.0000   1.0000   1.0000
     1.0000   1.0000   1.0000   1.0000   1.0000   1.0000   1.0000   1.0000
     1.0000   1.0000   0.0000   0.0000   0.0000   0.0000   0.0000   0.0000
     0.0000   0.0000   0.0000   0.0000

          k = 0.3333 0.5774 0.1557 (  3684 PWs)   bands (ev):

  -112.6602-112.6602 -67.3621 -67.3621 -67.2916 -67.2916 -67.2915 -67.2908
    -7.0531  -7.0531   4.1942   4.1942   4.4523   4.6084   4.6084   4.6093
     5.2191   5.2853   5.9093   5.9093   6.0787   6.3426   6.3426   6.9215
     8.8183   8.8183  17.9043  17.9043  18.4471  18.6798  19.5426  19.5426
    23.7431  25.4208  25.4208  29.1295

     occupation numbers 
     1.0000   1.0000   1.0000   1.0000   1.0000   1.0000   1.0000   1.0000
     1.0000   1.0000   1.0000   1.0000   1.0000   1.0000   1.0000   1.0000
     1.0000   1.0000   1.0000   1.0000   1.0000   1.0000   1.0000   1.0000
     1.0000   1.0000   0.0000   0.0000   0.0000   0.0000   0.0000   0.0000
     0.0000   0.0000   0.0000   0.0000

          k = 0.3333 0.5774-0.3114 (  3702 PWs)   bands (ev):

  -112.6602-112.6602 -67.3621 -67.3621 -67.2916 -67.2916 -67.2912 -67.2912
    -7.0461  -7.0461   4.0687   4.0687   4.5122   4.5122   4.5192   4.5192
     5.2536   5.2536   5.9821   5.9821   6.3162   6.3162   6.5029   6.5029
     9.2058   9.2058  17.6735  17.6735  18.5383  18.5383  19.1631  19.1631
    25.9784  25.9784  26.1547  26.1547

     occupation numbers 
     1.0000   1.0000   1.0000   1.0000   1.0000   1.0000   1.0000   1.0000
     1.0000   1.0000   1.0000   1.0000   1.0000   1.0000   1.0000   1.0000
     1.0000   1.0000   1.0000   1.0000   1.0000   1.0000   1.0000   1.0000
     1.0000   1.0000   0.0000   0.0000   0.0000   0.0000   0.0000   0.0000
     0.0000   0.0000   0.0000   0.0000

     highest occupied, lowest unoccupied level (ev):    10.2222   11.1866

!    total energy              =    -901.81130831 Ry
     estimated scf accuracy    <          2.7E-10 Ry

     The total energy is the sum of the following terms:
     one-electron contribution =    -603.21605975 Ry
     hartree contribution      =     320.98192988 Ry
     xc contribution           =    -105.32300684 Ry
     ewald contribution        =    -514.25417160 Ry

     convergence has been achieved in  10 iterations

     Writing all to output data dir ./tmp_qe/ZnO_LDA_NEB_4/ZnO_LDA_NEB.save/ :
     XML data file, charge density, pseudopotentials, collected wavefunctions

     Forces acting on atoms (cartesian axes, Ry/au):

     atom    1 type  1   force =     0.00000000    0.00000000    0.02582080
     atom    2 type  1   force =     0.00000000    0.00000000    0.02582080
     atom    3 type  2   force =     0.00000000    0.00000000   -0.02582080
     atom    4 type  2   force =     0.00000000    0.00000000   -0.02582080
     The non-local contrib.  to forces
     atom    1 type  1   force =     0.00000000    0.00000000    0.12250261
     atom    2 type  1   force =     0.00000000   -0.00000000    0.12250261
     atom    3 type  2   force =     0.00000000   -0.00000000    0.11109662
     atom    4 type  2   force =     0.00000000   -0.00000000    0.11109662
     The ionic contribution  to forces
     atom    1 type  1   force =     0.00000001    0.00000000    1.46726850
     atom    2 type  1   force =    -0.00000001   -0.00000000    1.46726616
     atom    3 type  2   force =     0.00000001    0.00000000   -1.46726781
     atom    4 type  2   force =    -0.00000001   -0.00000000   -1.46726686
     The local contribution  to forces
     atom    1 type  1   force =     0.00000007   -0.00000005   -1.55853081
     atom    2 type  1   force =    -0.00000021    0.00000013   -1.55854736
     atom    3 type  2   force =     0.00000001   -0.00000001    1.33312314
     atom    4 type  2   force =    -0.00000001    0.00000001    1.33312355
     The core correction contribution to forces
     atom    1 type  1   force =    -0.00000000    0.00000000   -0.00537139
     atom    2 type  1   force =     0.00000000   -0.00000000   -0.00537133
     atom    3 type  2   force =    -0.00000000    0.00000000   -0.00276293
     atom    4 type  2   force =     0.00000000   -0.00000000   -0.00276293
     The Hubbard contrib.    to forces
     atom    1 type  1   force =     0.00000000    0.00000000    0.00000000
     atom    2 type  1   force =     0.00000000    0.00000000    0.00000000
     atom    3 type  2   force =     0.00000000    0.00000000    0.00000000
     atom    4 type  2   force =     0.00000000    0.00000000    0.00000000
     The SCF correction term to forces
     atom    1 type  1   force =     0.00000000   -0.00000000   -0.00003841
     atom    2 type  1   force =    -0.00000000    0.00000000   -0.00003841
     atom    3 type  2   force =     0.00000000   -0.00000000   -0.00001023
     atom    4 type  2   force =    -0.00000000    0.00000000   -0.00001023

     Total force =     0.051642     Total SCF correction =     0.000056
